Component: ARM Compiler 5.06 update 2 (build 183) Tool: armlink [4d35b7]

==============================================================================

Section Cross References

    stm32f7xx_hal_rcc_ex.o(i.HAL_RCCEx_PeriphCLKConfig) refers to stm32f7xx_hal.o(i.HAL_GetTick) for HAL_GetTick
    stm32f7xx_hal_rcc_ex.o(.ARM.exidx) refers to stm32f7xx_hal_rcc_ex.o(i.HAL_RCCEx_PeriphCLKConfig) for i.HAL_RCCEx_PeriphCLKConfig
    stm32f7xx_hal_rcc_ex.o(.ARM.exidx) refers to stm32f7xx_hal_rcc_ex.o(i.HAL_RCCEx_GetPeriphCLKConfig) for i.HAL_RCCEx_GetPeriphCLKConfig
    stm32f7xx_hal_rcc_ex.o(.ARM.exidx) refers to stm32f7xx_hal_rcc_ex.o(i.HAL_RCCEx_GetPeriphCLKFreq) for i.HAL_RCCEx_GetPeriphCLKFreq
    stm32f7xx_hal_adc_ex.o(i.HAL_ADCEx_InjectedPollForConversion) refers to stm32f7xx_hal.o(i.HAL_GetTick) for HAL_GetTick
    stm32f7xx_hal_adc_ex.o(i.HAL_ADCEx_InjectedStart) refers to system_stm32f7xx.o(.data) for SystemCoreClock
    stm32f7xx_hal_adc_ex.o(i.HAL_ADCEx_InjectedStart_IT) refers to system_stm32f7xx.o(.data) for SystemCoreClock
    stm32f7xx_hal_adc_ex.o(i.HAL_ADCEx_MultiModeStart_DMA) refers to stm32f7xx_hal_dma.o(i.HAL_DMA_Start_IT) for HAL_DMA_Start_IT
    stm32f7xx_hal_adc_ex.o(i.HAL_ADCEx_MultiModeStart_DMA) refers to system_stm32f7xx.o(.data) for SystemCoreClock
    stm32f7xx_hal_adc_ex.o(i.HAL_ADCEx_MultiModeStart_DMA) refers to stm32f7xx_hal_adc_ex.o(i._Z24ADC_MultiModeDMAConvCpltP19__DMA_HandleTypeDef) for ADC_MultiModeDMAConvCplt(__DMA_HandleTypeDef*)
    stm32f7xx_hal_adc_ex.o(i.HAL_ADCEx_MultiModeStart_DMA) refers to stm32f7xx_hal_adc_ex.o(i._Z28ADC_MultiModeDMAHalfConvCpltP19__DMA_HandleTypeDef) for ADC_MultiModeDMAHalfConvCplt(__DMA_HandleTypeDef*)
    stm32f7xx_hal_adc_ex.o(i.HAL_ADCEx_MultiModeStart_DMA) refers to stm32f7xx_hal_adc_ex.o(i._Z21ADC_MultiModeDMAErrorP19__DMA_HandleTypeDef) for ADC_MultiModeDMAError(__DMA_HandleTypeDef*)
    stm32f7xx_hal_adc_ex.o(i.HAL_ADCEx_MultiModeStop_DMA) refers to stm32f7xx_hal_dma.o(i.HAL_DMA_Abort) for HAL_DMA_Abort
    stm32f7xx_hal_adc_ex.o(i._Z21ADC_MultiModeDMAErrorP19__DMA_HandleTypeDef) refers to stm32f7xx_hal_adc.o(i.HAL_ADC_ErrorCallback) for HAL_ADC_ErrorCallback
    stm32f7xx_hal_adc_ex.o(i._Z24ADC_MultiModeDMAConvCpltP19__DMA_HandleTypeDef) refers to stm32f7xx_hal_adc.o(i.HAL_ADC_ConvCpltCallback) for HAL_ADC_ConvCpltCallback
    stm32f7xx_hal_adc_ex.o(i._Z28ADC_MultiModeDMAHalfConvCpltP19__DMA_HandleTypeDef) refers to stm32f7xx_hal_adc.o(i.HAL_ADC_ConvHalfCpltCallback) for HAL_ADC_ConvHalfCpltCallback
    stm32f7xx_hal_adc_ex.o(.ARM.exidx) refers to stm32f7xx_hal_adc_ex.o(i.HAL_ADCEx_InjectedStart) for i.HAL_ADCEx_InjectedStart
    stm32f7xx_hal_adc_ex.o(.ARM.exidx) refers to stm32f7xx_hal_adc_ex.o(i.HAL_ADCEx_InjectedStart_IT) for i.HAL_ADCEx_InjectedStart_IT
    stm32f7xx_hal_adc_ex.o(.ARM.exidx) refers to stm32f7xx_hal_adc_ex.o(i.HAL_ADCEx_InjectedStop) for i.HAL_ADCEx_InjectedStop
    stm32f7xx_hal_adc_ex.o(.ARM.exidx) refers to stm32f7xx_hal_adc_ex.o(i.HAL_ADCEx_InjectedPollForConversion) for i.HAL_ADCEx_InjectedPollForConversion
    stm32f7xx_hal_adc_ex.o(.ARM.exidx) refers to stm32f7xx_hal_adc_ex.o(i.HAL_ADCEx_InjectedStop_IT) for i.HAL_ADCEx_InjectedStop_IT
    stm32f7xx_hal_adc_ex.o(.ARM.exidx) refers to stm32f7xx_hal_adc_ex.o(i.HAL_ADCEx_InjectedGetValue) for i.HAL_ADCEx_InjectedGetValue
    stm32f7xx_hal_adc_ex.o(.ARM.exidx) refers to stm32f7xx_hal_adc_ex.o(i._Z21ADC_MultiModeDMAErrorP19__DMA_HandleTypeDef) for i._Z21ADC_MultiModeDMAErrorP19__DMA_HandleTypeDef
    stm32f7xx_hal_adc_ex.o(.ARM.exidx) refers to stm32f7xx_hal_adc_ex.o(i._Z28ADC_MultiModeDMAHalfConvCpltP19__DMA_HandleTypeDef) for i._Z28ADC_MultiModeDMAHalfConvCpltP19__DMA_HandleTypeDef
    stm32f7xx_hal_adc_ex.o(.ARM.exidx) refers to stm32f7xx_hal_adc_ex.o(i._Z24ADC_MultiModeDMAConvCpltP19__DMA_HandleTypeDef) for i._Z24ADC_MultiModeDMAConvCpltP19__DMA_HandleTypeDef
    stm32f7xx_hal_adc_ex.o(.ARM.exidx) refers to stm32f7xx_hal_adc_ex.o(i.HAL_ADCEx_MultiModeStart_DMA) for i.HAL_ADCEx_MultiModeStart_DMA
    stm32f7xx_hal_adc_ex.o(.ARM.exidx) refers to stm32f7xx_hal_adc_ex.o(i.HAL_ADCEx_MultiModeStop_DMA) for i.HAL_ADCEx_MultiModeStop_DMA
    stm32f7xx_hal_adc_ex.o(.ARM.exidx) refers to stm32f7xx_hal_adc_ex.o(i.HAL_ADCEx_MultiModeGetValue) for i.HAL_ADCEx_MultiModeGetValue
    stm32f7xx_hal_adc_ex.o(.ARM.exidx) refers to stm32f7xx_hal_adc_ex.o(i.HAL_ADCEx_InjectedConvCpltCallback) for i.HAL_ADCEx_InjectedConvCpltCallback
    stm32f7xx_hal_adc_ex.o(.ARM.exidx) refers to stm32f7xx_hal_adc_ex.o(i.HAL_ADCEx_InjectedConfigChannel) for i.HAL_ADCEx_InjectedConfigChannel
    stm32f7xx_hal_adc_ex.o(.ARM.exidx) refers to stm32f7xx_hal_adc_ex.o(i.HAL_ADCEx_MultiModeConfigChannel) for i.HAL_ADCEx_MultiModeConfigChannel
    stm32f7xx_hal_dma_ex.o(i.HAL_DMAEx_MultiBufferStart) refers to stm32f7xx_hal_dma_ex.o(i._Z24DMA_MultiBufferSetConfigP19__DMA_HandleTypeDefjjj) for DMA_MultiBufferSetConfig(__DMA_HandleTypeDef*, unsigned, unsigned, unsigned)
[...]
    .constdata__ZTVN13geometry_msgs4PoseE    0x08004d18   Section       24  main.o(.constdata__ZTVN13geometry_msgs4PoseE)
    .constdata__ZTVN13geometry_msgs5PointE   0x08004d30   Section       24  main.o(.constdata__ZTVN13geometry_msgs5PointE)
    .constdata__ZTVN13geometry_msgs5TwistE   0x08004d48   Section       24  main.o(.constdata__ZTVN13geometry_msgs5TwistE)
    .constdata__ZTVN13geometry_msgs7Vector3E 0x08004d60   Section       24  main.o(.constdata__ZTVN13geometry_msgs7Vector3E)
    .constdata__ZTVN14rosserial_msgs20RequestParamResponseE 0x08004d78   Section       24  main.o(.constdata__ZTVN14rosserial_msgs20RequestParamResponseE)
    .constdata__ZTVN14rosserial_msgs3LogE    0x08004d90   Section       24  main.o(.constdata__ZTVN14rosserial_msgs3LogE)
    .constdata__ZTVN14rosserial_msgs9TopicInfoE 0x08004da8   Section       24  main.o(.constdata__ZTVN14rosserial_msgs9TopicInfoE)
    .constdata__ZTVN3ros10SubscriberIN8std_msgs5EmptyEEE 0x08004dc0   Section       24  main.o(.constdata__ZTVN3ros10SubscriberIN8std_msgs5EmptyEEE)
    .constdata__ZTVN3ros11NodeHandle_I13STMF7HardwareLi20ELi20ELi255ELi255EEE 0x08004dd8   Section       20  main.o(.constdata__ZTVN3ros11NodeHandle_I13STMF7HardwareLi20ELi20ELi255ELi255EEE)
    .constdata__ZTVN8nav_msgs8OdometryE      0x08004dec   Section       24  main.o(.constdata__ZTVN8nav_msgs8OdometryE)
    .constdata__ZTVN8std_msgs4TimeE          0x08004e04   Section       24  main.o(.constdata__ZTVN8std_msgs4TimeE)
    .constdata__ZTVN8std_msgs5EmptyE         0x08004e1c   Section       24  main.o(.constdata__ZTVN8std_msgs5EmptyE)
    .constdata__ZTVN8std_msgs5UInt8E         0x08004e34   Section       24  main.o(.constdata__ZTVN8std_msgs5UInt8E)
    .constdata__ZTVN8std_msgs6HeaderE        0x08004e4c   Section       24  main.o(.constdata__ZTVN8std_msgs6HeaderE)
    .constdata__ZZN13geometry_msgs10Quaternion6getMD5EvEs 0x08004e64   Section       33  main.o(.constdata__ZZN13geometry_msgs10Quaternion6getMD5EvEs)
    .constdata__ZZN13geometry_msgs10Quaternion7getTypeEvEs 0x08004e85   Section       25  main.o(.constdata__ZZN13geometry_msgs10Quaternion7getTypeEvEs)
    .constdata__ZZN13geometry_msgs18PoseWithCovariance6getMD5EvEs 0x08004e9e   Section       33  main.o(.constdata__ZZN13geometry_msgs18PoseWithCovariance6getMD5EvEs)
    .constdata__ZZN13geometry_msgs18PoseWithCovariance7getTypeEvEs 0x08004ebf   Section       33  main.o(.constdata__ZZN13geometry_msgs18PoseWithCovariance7getTypeEvEs)
    .constdata__ZZN13geometry_msgs19TwistWithCovariance6getMD5EvEs 0x08004ee0   Section       33  main.o(.constdata__ZZN13geometry_msgs19TwistWithCovariance6getMD5EvEs)
    .constdata__ZZN13geometry_msgs19TwistWithCovariance7getTypeEvEs 0x08004f01   Section       34  main.o(.constdata__ZZN13geometry_msgs19TwistWithCovariance7getTypeEvEs)
    .constdata__ZZN13geometry_msgs4Pose6getMD5EvEs 0x08004f23   Section       33  main.o(.constdata__ZZN13geometry_msgs4Pose6getMD5EvEs)
    .constdata__ZZN13geometry_msgs4Pose7getTypeEvEs 0x08004f44   Section       19  main.o(.constdata__ZZN13geometry_msgs4Pose7getTypeEvEs)
    .constdata__ZZN13geometry_msgs5Point6getMD5EvEs 0x08004f57   Section       33  main.o(.constdata__ZZN13geometry_msgs5Point6getMD5EvEs)
    .constdata__ZZN13geometry_msgs5Point7getTypeEvEs 0x08004f78   Section       20  main.o(.constdata__ZZN13geometry_msgs5Point7getTypeEvEs)
    .constdata__ZZN13geometry_msgs5Twist6getMD5EvEs 0x08004f8c   Section       33  main.o(.constdata__ZZN13geometry_msgs5Twist6getMD5EvEs)
    .constdata__ZZN13geometry_msgs5Twist7getTypeEvEs 0x08004fad   Section       20  main.o(.constdata__ZZN13geometry_msgs5Twist7getTypeEvEs)
    .constdata__ZZN13geometry_msgs7Vector36getMD5EvEs 0x08004fc1   Section       33  main.o(.constdata__ZZN13geometry_msgs7Vector36getMD5EvEs)
    .constdata__ZZN13geometry_msgs7Vector37getTypeEvEs 0x08004fe2   Section       22  main.o(.constdata__ZZN13geometry_msgs7Vector37getTypeEvEs)
    .constdata__ZZN14rosserial_msgs20RequestParamResponse6getMD5EvEs 0x08004ff8   Section       33  main.o(.constdata__ZZN14rosserial_msgs20RequestParamResponse6getMD5EvEs)
    .constdata__ZZN14rosserial_msgs3Log6getMD5EvEs 0x08005019   Section       33  main.o(.constdata__ZZN14rosserial_msgs3Log6getMD5EvEs)
    .constdata__ZZN14rosserial_msgs3Log7getTypeEvEs 0x0800503a   Section       19  main.o(.constdata__ZZN14rosserial_msgs3Log7getTypeEvEs)
    .constdata__ZZN14rosserial_msgs9TopicInfo6getMD5EvEs 0x0800504d   Section       33  main.o(.constdata__ZZN14rosserial_msgs9TopicInfo6getMD5EvEs)
    .constdata__ZZN14rosserial_msgs9TopicInfo7getTypeEvEs 0x0800506e   Section       25  main.o(.constdata__ZZN14rosserial_msgs9TopicInfo7getTypeEvEs)
    .constdata__ZZN14rosserial_msgs9TopicInfoC1EvEs 0x08005087   Section        1  main.o(.constdata__ZZN14rosserial_msgs9TopicInfoC1EvEs)
    .constdata__ZZN3ros11NodeHandle_I13STMF7HardwareLi20ELi20ELi255ELi255EE7publishEiPKNS_3MsgEEs 0x08005088   Section       57  main.o(.constdata__ZZN3ros11NodeHandle_I13STMF7HardwareLi20ELi20ELi255ELi255EE7publishEiPKNS_3MsgEEs)
    .constdata__ZZN8nav_msgs8Odometry6getMD5EvEs 0x080050c1   Section       33  main.o(.constdata__ZZN8nav_msgs8Odometry6getMD5EvEs)
    .constdata__ZZN8nav_msgs8Odometry7getTypeEvEs 0x080050e2   Section       18  main.o(.constdata__ZZN8nav_msgs8Odometry7getTypeEvEs)
    .constdata__ZZN8nav_msgs8OdometryC1EvEs  0x080050f4   Section        1  main.o(.constdata__ZZN8nav_msgs8OdometryC1EvEs)
    .constdata__ZZN8std_msgs4Time6getMD5EvEs 0x080050f5   Section       33  main.o(.constdata__ZZN8std_msgs4Time6getMD5EvEs)
    .constdata__ZZN8std_msgs4Time7getTypeEvEs 0x08005116   Section       14  main.o(.constdata__ZZN8std_msgs4Time7getTypeEvEs)
    .constdata__ZZN8std_msgs5Empty6getMD5EvEs 0x08005124   Section       33  main.o(.constdata__ZZN8std_msgs5Empty6getMD5EvEs)
    .constdata__ZZN8std_msgs5Empty7getTypeEvEs 0x08005145   Section       15  main.o(.constdata__ZZN8std_msgs5Empty7getTypeEvEs)
    .constdata__ZZN8std_msgs5UInt86getMD5EvEs 0x08005154   Section       33  main.o(.constdata__ZZN8std_msgs5UInt86getMD5EvEs)
    .constdata__ZZN8std_msgs5UInt87getTypeEvEs 0x08005175   Section       15  main.o(.constdata__ZZN8std_msgs5UInt87getTypeEvEs)
    .constdata__ZZN8std_msgs6Header6getMD5EvEs 0x08005184   Section       33  main.o(.constdata__ZZN8std_msgs6Header6getMD5EvEs)
    .constdata__ZZN8std_msgs6Header7getTypeEvEs 0x080051a5   Section       16  main.o(.constdata__ZZN8std_msgs6Header7getTypeEvEs)
    .constdata__ZZN8std_msgs6HeaderC1EvEs    0x080051b5   Section        1  main.o(.constdata__ZZN8std_msgs6HeaderC1EvEs)
    .init_array                              0x080051d8   Section        4  main.o(.init_array)
    .init_array                              0x080051dc   Section        0  cpp_init.o(.init_array)
    .data                                    0x20000000   Section        4  stm32f7xx_hal.o(.data)
    uwTick                                   0x20000000   Data           4  stm32f7xx_hal.o(.data)
    .data                                    0x20000004   Section        4  system_stm32f7xx.o(.data)
    .data                                    0x20000008   Section       36  main.o(.data)
    i                                        0x2000000c   Data           4  main.o(.data)
    .data                                    0x2000002c   Section        4  mvars.o(.data)
    .data                                    0x20000030   Section        4  mvars.o(.data)
    .data                                    0x20000034   Section       12  cpp_memory.o(.data)
    handler_pointer                          0x20000034   Data           4  cpp_memory.o(.data)
    eh                                       0x20000038   Data           4  cpp_memory.o(.data)
    eh_p                                     0x2000003c   Data           4  cpp_memory.o(.data)
    .data__ZN8RxBufferI18UART_HandleTypeDefLi400EE9ring_buf_E 0x20000040   Section        4  main.o(.data__ZN8RxBufferI18UART_HandleTypeDefLi400EE9ring_buf_E)
    .data__ZN8RxBufferI18UART_HandleTypeDefLi400EE9rx_value_E 0x20000044   Section        1  main.o(.data__ZN8RxBufferI18UART_HandleTypeDefLi400EE9rx_value_E)
    .data__ZN8TxBufferI18UART_HandleTypeDefLi20ELi250EE10idle_flag_E 0x20000045   Section        1  main.o(.data__ZN8TxBufferI18UART_HandleTypeDefLi20ELi250EE10idle_flag_E)
    .data__ZN8TxBufferI18UART_HandleTypeDefLi20ELi250EE17subscript_to_add_E 0x20000046   Section        1  main.o(.data__ZN8TxBufferI18UART_HandleTypeDefLi20ELi250EE17subscript_to_add_E)
    .data__ZN8TxBufferI18UART_HandleTypeDefLi20ELi250EE22subscript_in_progress_E 0x20000047   Section        1  main.o(.data__ZN8TxBufferI18UART_HandleTypeDefLi20ELi250EE22subscript_in_progress_E)
    .bss                                     0x20000048   Section      400  usart.o(.bss)
    .bss                                     0x200001d8   Section      120  i2c.o(.bss)
    .bss                                     0x20000250   Section      216  adc.o(.bss)
    .bss                                     0x20000328   Section      100  spi.o(.bss)
    .bss                                     0x2000038c   Section      240  tim.o(.bss)
    .bss                                     0x20000480   Section     1560  main.o(.bss)
    .bss__ZN8TxBufferI18UART_HandleTypeDefLi20ELi250EE15tx_buffer_unit_E 0x20000a98   Section     5020  main.o(.bss__ZN8TxBufferI18UART_HandleTypeDefLi20ELi250EE15tx_buffer_unit_E)
    HEAP                                     0x20001e38   Section     1024  startup_stm32f746xx.o(HEAP)
    STACK                                    0x20002238   Section      512  startup_stm32f746xx.o(STACK)

    Global Symbols

    Symbol Name                              Value     Ov Type        Size  Object(Section)

    BuildAttributes$$THM_ISAv4$E$P$D$K$B$S$7EM$VFPi5$EXTD16$VFPS$VFMA$PE$PLD8$A:L22UL41UL21$X:L11$S22US41US21$IEEE1$IW$USESV6$~STKCKD$USESV7$~SHL$OSPACE$ROPI$EBA8$UX$MICROLIB$REQ8$PRES8$EABIv2 0x00000000   Number         0  anon$$obj.o ABSOLUTE
    __ARM_use_no_argv                        0x00000000   Number         0  main.o ABSOLUTE
    SHT$$ARM_EXIDX$$Base                      - Undefined Reference
    SHT$$ARM_EXIDX$$Limit                     - Undefined Reference
    __ARM::default_unexpected_handler()       - Undefined Weak Reference
    __ARM_exceptions_buffer_required          - Undefined Weak Reference
    __aeabi_unwind_cpp_pr1                    - Undefined Weak Reference
    __aeabi_unwind_cpp_pr2                    - Undefined Weak Reference
    __cxa_begin_cleanup                       - Undefined Weak Reference
    __cxa_finalize                            - Undefined Weak Reference
    __cxa_type_match                          - Undefined Weak Reference
    __decompress                              - Undefined Weak Reference
    _clock_init                               - Undefined Weak Reference
    _microlib_exit                            - Undefined Weak Reference
    __Vectors_Size                           0x000001c8   Number         0  startup_stm32f746xx.o ABSOLUTE
    __Vectors                                0x08000000   Data           4  startup_stm32f746xx.o(RESET)
    __Vectors_End                            0x080001c8   Data           0  startup_stm32f746xx.o(RESET)
    __main                                   0x080001c9   Thumb Code     0  entry.o(.ARM.Collect$$$$00000000)
    _main_stk                                0x080001c9   Thumb Code     0  entry2.o(.ARM.Collect$$$$00000001)
    _main_scatterload                        0x080001cd   Thumb Code     0  entry5.o(.ARM.Collect$$$$00000004)
    __main_after_scatterload                 0x080001d1   Thumb Code     0  entry5.o(.ARM.Collect$$$$00000004)
    _main_clock                              0x080001d1   Thumb Code     0  entry7b.o(.ARM.Collect$$$$00000008)
    _main_cpp_init$empty                     0x080001d1   Thumb Code     0  entry8a.o(.ARM.Collect$$$$00000009)
    _main_cpp_init                           0x080001d5   Thumb Code     0  entry8b.o(.ARM.Collect$$$$0000000A)
    _main_init                               0x080001d5   Thumb Code     0  entry9a.o(.ARM.Collect$$$$0000000B)
    __rt_final_cpp                           0x080001dd   Thumb Code     0  entry10a.o(.ARM.Collect$$$$0000000D)
    __rt_final_exit                          0x080001dd   Thumb Code     0  entry11a.o(.ARM.Collect$$$$0000000F)
    Reset_Handler                            0x080001e1   Thumb Code     8  startup_stm32f746xx.o(.text)
    NMI_Handler                              0x080001e9   Thumb Code     2  startup_stm32f746xx.o(.text)
    HardFault_Handler                        0x080001eb   Thumb Code     2  startup_stm32f746xx.o(.text)
    MemManage_Handler                        0x080001ed   Thumb Code     2  startup_stm32f746xx.o(.text)
    BusFault_Handler                         0x080001ef   Thumb Code     2  startup_stm32f746xx.o(.text)
    UsageFault_Handler                       0x080001f1   Thumb Code     2  startup_stm32f746xx.o(.text)
    SVC_Handler                              0x080001f3   Thumb Code     2  startup_stm32f746xx.o(.text)
    DebugMon_Handler                         0x080001f5   Thumb Code     2  startup_stm32f746xx.o(.text)
    PendSV_Handler                           0x080001f7   Thumb Code     2  startup_stm32f746xx.o(.text)
    ADC_IRQHandler                           0x080001fb   Thumb Code     0  startup_stm32f746xx.o(.text)
    CAN1_RX0_IRQHandler                      0x080001fb   Thumb Code     0  startup_stm32f746xx.o(.text)
    CAN1_RX1_IRQHandler                      0x080001fb   Thumb Code     0  startup_stm32f746xx.o(.text)
    CAN1_SCE_IRQHandler                      0x080001fb   Thumb Code     0  startup_stm32f746xx.o(.text)
    CAN1_TX_IRQHandler                       0x080001fb   Thumb Code     0  startup_stm32f746xx.o(.text)
    CAN2_RX0_IRQHandler                      0x080001fb   Thumb Code     0  startup_stm32f746xx.o(.text)
    CAN2_RX1_IRQHandler                      0x080001fb   Thumb Code     0  startup_stm32f746xx.o(.text)
    CAN2_SCE_IRQHandler                      0x080001fb   Thumb Code     0  startup_stm32f746xx.o(.text)
    CAN2_TX_IRQHandler                       0x080001fb   Thumb Code     0  startup_stm32f746xx.o(.text)
    CEC_IRQHandler                           0x080001fb   Thumb Code     0  startup_stm32f746xx.o(.text)
    DCMI_IRQHandler                          0x080001fb   Thumb Code     0  startup_stm32f746xx.o(.text)
    DMA1_Stream0_IRQHandler                  0x080001fb   Thumb Code     0  startup_stm32f746xx.o(.text)
    DMA1_Stream1_IRQHandler                  0x080001fb   Thumb Code     0  startup_stm32f746xx.o(.text)
    DMA1_Stream2_IRQHandler                  0x080001fb   Thumb Code     0  startup_stm32f746xx.o(.text)
    DMA1_Stream3_IRQHandler                  0x080001fb   Thumb Code     0  startup_stm32f746xx.o(.text)
    DMA1_Stream4_IRQHandler                  0x080001fb   Thumb Code     0  startup_stm32f746xx.o(.text)
    DMA1_Stream5_IRQHandler                  0x080001fb   Thumb Code     0  startup_stm32f746xx.o(.text)
    DMA1_Stream6_IRQHandler                  0x080001fb   Thumb Code     0  startup_stm32f746xx.o(.text)
    DMA1_Stream7_IRQHandler                  0x080001fb   Thumb Code     0  startup_stm32f746xx.o(.text)
    DMA2D_IRQHandler                         0x080001fb   Thumb Code     0  startup_stm32f746xx.o(.text)
    DMA2_Stream0_IRQHandler                  0x080001fb   Thumb Code     0  startup_stm32f746xx.o(.text)
    DMA2_Stream1_IRQHandler                  0x080001fb   Thumb Code     0  startup_stm32f746xx.o(.text)
    DMA2_Stream3_IRQHandler                  0x080001fb   Thumb Code     0  startup_stm32f746xx.o(.text)
    DMA2_Stream4_IRQHandler                  0x080001fb   Thumb Code     0  startup_stm32f746xx.o(.text)
    DMA2_Stream5_IRQHandler                  0x080001fb   Thumb Code     0  startup_stm32f746xx.o(.text)
    DMA2_Stream6_IRQHandler                  0x080001fb   Thumb Code     0  startup_stm32f746xx.o(.text)
    ETH_IRQHandler                           0x080001fb   Thumb Code     0  startup_stm32f746xx.o(.text)
    ETH_WKUP_IRQHandler                      0x080001fb   Thumb Code     0  startup_stm32f746xx.o(.text)
    EXTI2_IRQHandler                         0x080001fb   Thumb Code     0  startup_stm32f746xx.o(.text)
    EXTI3_IRQHandler                         0x080001fb   Thumb Code     0  startup_stm32f746xx.o(.text)
    EXTI4_IRQHandler                         0x080001fb   Thumb Code     0  startup_stm32f746xx.o(.text)
    EXTI9_5_IRQHandler                       0x080001fb   Thumb Code     0  startup_stm32f746xx.o(.text)
    FLASH_IRQHandler                         0x080001fb   Thumb Code     0  startup_stm32f746xx.o(.text)
    FMC_IRQHandler                           0x080001fb   Thumb Code     0  startup_stm32f746xx.o(.text)
    FPU_IRQHandler                           0x080001fb   Thumb Code     0  startup_stm32f746xx.o(.text)
    I2C1_ER_IRQHandler                       0x080001fb   Thumb Code     0  startup_stm32f746xx.o(.text)
    I2C1_EV_IRQHandler                       0x080001fb   Thumb Code     0  startup_stm32f746xx.o(.text)
    I2C2_ER_IRQHandler                       0x080001fb   Thumb Code     0  startup_stm32f746xx.o(.text)
    I2C2_EV_IRQHandler                       0x080001fb   Thumb Code     0  startup_stm32f746xx.o(.text)
    I2C3_ER_IRQHandler                       0x080001fb   Thumb Code     0  startup_stm32f746xx.o(.text)
    I2C3_EV_IRQHandler                       0x080001fb   Thumb Code     0  startup_stm32f746xx.o(.text)
    I2C4_ER_IRQHandler                       0x080001fb   Thumb Code     0  startup_stm32f746xx.o(.text)
    I2C4_EV_IRQHandler                       0x080001fb   Thumb Code     0  startup_stm32f746xx.o(.text)
    LPTIM1_IRQHandler                        0x080001fb   Thumb Code     0  startup_stm32f746xx.o(.text)
    LTDC_ER_IRQHandler                       0x080001fb   Thumb Code     0  startup_stm32f746xx.o(.text)
    LTDC_IRQHandler                          0x080001fb   Thumb Code     0  startup_stm32f746xx.o(.text)
    OTG_FS_IRQHandler                        0x080001fb   Thumb Code     0  startup_stm32f746xx.o(.text)
    OTG_FS_WKUP_IRQHandler                   0x080001fb   Thumb Code     0  startup_stm32f746xx.o(.text)
    OTG_HS_EP1_IN_IRQHandler                 0x080001fb   Thumb Code     0  startup_stm32f746xx.o(.text)
    OTG_HS_EP1_OUT_IRQHandler                0x080001fb   Thumb Code     0  startup_stm32f746xx.o(.text)
    OTG_HS_IRQHandler                        0x080001fb   Thumb Code     0  startup_stm32f746xx.o(.text)
    OTG_HS_WKUP_IRQHandler                   0x080001fb   Thumb Code     0  startup_stm32f746xx.o(.text)
    PVD_IRQHandler                           0x080001fb   Thumb Code     0  startup_stm32f746xx.o(.text)
    QUADSPI_IRQHandler                       0x080001fb   Thumb Code     0  startup_stm32f746xx.o(.text)
    RCC_IRQHandler                           0x080001fb   Thumb Code     0  startup_stm32f746xx.o(.text)
    RNG_IRQHandler                           0x080001fb   Thumb Code     0  startup_stm32f746xx.o(.text)
    RTC_Alarm_IRQHandler                     0x080001fb   Thumb Code     0  startup_stm32f746xx.o(.text)
    RTC_WKUP_IRQHandler                      0x080001fb   Thumb Code     0  startup_stm32f746xx.o(.text)
    SAI1_IRQHandler                          0x080001fb   Thumb Code     0  startup_stm32f746xx.o(.text)
    SAI2_IRQHandler                          0x080001fb   Thumb Code     0  startup_stm32f746xx.o(.text)
    SDMMC1_IRQHandler                        0x080001fb   Thumb Code     0  startup_stm32f746xx.o(.text)
    SPDIF_RX_IRQHandler                      0x080001fb   Thumb Code     0  startup_stm32f746xx.o(.text)
    SPI1_IRQHandler                          0x080001fb   Thumb Code     0  startup_stm32f746xx.o(.text)
    SPI2_IRQHandler                          0x080001fb   Thumb Code     0  startup_stm32f746xx.o(.text)
    SPI3_IRQHandler                          0x080001fb   Thumb Code     0  startup_stm32f746xx.o(.text)
    SPI4_IRQHandler                          0x080001fb   Thumb Code     0  startup_stm32f746xx.o(.text)
    SPI5_IRQHandler                          0x080001fb   Thumb Code     0  startup_stm32f746xx.o(.text)
    SPI6_IRQHandler                          0x080001fb   Thumb Code     0  startup_stm32f746xx.o(.text)
    TAMP_STAMP_IRQHandler                    0x080001fb   Thumb Code     0  startup_stm32f746xx.o(.text)
    TIM1_BRK_TIM9_IRQHandler                 0x080001fb   Thumb Code     0  startup_stm32f746xx.o(.text)
    TIM1_CC_IRQHandler                       0x080001fb   Thumb Code     0  startup_stm32f746xx.o(.text)
    TIM1_TRG_COM_TIM11_IRQHandler            0x080001fb   Thumb Code     0  startup_stm32f746xx.o(.text)
    TIM1_UP_TIM10_IRQHandler                 0x080001fb   Thumb Code     0  startup_stm32f746xx.o(.text)
    TIM2_IRQHandler                          0x080001fb   Thumb Code     0  startup_stm32f746xx.o(.text)
    TIM3_IRQHandler                          0x080001fb   Thumb Code     0  startup_stm32f746xx.o(.text)
    TIM4_IRQHandler                          0x080001fb   Thumb Code     0  startup_stm32f746xx.o(.text)
    TIM5_IRQHandler                          0x080001fb   Thumb Code     0  startup_stm32f746xx.o(.text)
    TIM6_DAC_IRQHandler                      0x080001fb   Thumb Code     0  startup_stm32f746xx.o(.text)
    TIM7_IRQHandler                          0x080001fb   Thumb Code     0  startup_stm32f746xx.o(.text)
    TIM8_BRK_TIM12_IRQHandler                0x080001fb   Thumb Code     0  startup_stm32f746xx.o(.text)
    TIM8_CC_IRQHandler                       0x080001fb   Thumb Code     0  startup_stm32f746xx.o(.text)
    TIM8_TRG_COM_TIM14_IRQHandler            0x080001fb   Thumb Code     0  startup_stm32f746xx.o(.text)
    TIM8_UP_TIM13_IRQHandler                 0x080001fb   Thumb Code     0  startup_stm32f746xx.o(.text)
    UART4_IRQHandler                         0x080001fb   Thumb Code     0  startup_stm32f746xx.o(.text)
    UART5_IRQHandler                         0x080001fb   Thumb Code     0  startup_stm32f746xx.o(.text)
    UART7_IRQHandler                         0x080001fb   Thumb Code     0  startup_stm32f746xx.o(.text)
    UART8_IRQHandler                         0x080001fb   Thumb Code     0  startup_stm32f746xx.o(.text)
    USART1_IRQHandler                        0x080001fb   Thumb Code     0  startup_stm32f746xx.o(.text)
    USART2_IRQHandler                        0x080001fb   Thumb Code     0  startup_stm32f746xx.o(.text)
    USART3_IRQHandler                        0x080001fb   Thumb Code     0  startup_stm32f746xx.o(.text)
    USART6_IRQHandler                        0x080001fb   Thumb Code     0  startup_stm32f746xx.o(.text)
    WWDG_IRQHandler                          0x080001fb   Thumb Code     0  startup_stm32f746xx.o(.text)
    __aeabi_memcpy                           0x08000205   Thumb Code    36  memcpya.o(.text)
    __aeabi_memcpy4                          0x08000205   Thumb Code     0  memcpya.o(.text)
    __aeabi_memcpy8                          0x08000205   Thumb Code     0  memcpya.o(.text)
    __aeabi_memset                           0x08000229   Thumb Code    14  memseta.o(.text)
    __aeabi_memset4                          0x08000229   Thumb Code     0  memseta.o(.text)
    __aeabi_memset8                          0x08000229   Thumb Code     0  memseta.o(.text)
    __aeabi_memclr                           0x08000237   Thumb Code     4  memseta.o(.text)
    __aeabi_memclr4                          0x08000237   Thumb Code     0  memseta.o(.text)
    __aeabi_memclr8                          0x08000237   Thumb Code     0  memseta.o(.text)
    _memset$wrapper                          0x0800023b   Thumb Code    18  memseta.o(.text)
    strlen                                   0x0800024d   Thumb Code    14  strlen.o(.text)
    __cpp_initialize__aeabi_                 0x0800025d   Thumb Code    22  cpp_init.o(.text)
    __default_new_handler()                  0x0800027d   Thumb Code     4  arm_newhandler_noexceptions.o(.text)
    __rt_new_handler_addr                    0x08000281   Thumb Code     4  cpp_memory.o(.text)
    __rt_eh_globals_addr                     0x08000285   Thumb Code    12  cpp_memory.o(.text)
    std::terminate()                         0x08000295   Thumb Code    26  arm_exceptions_terminate.o(.text)
    __cxa_get_globals                        0x080002b7   Thumb Code    62  arm_exceptions_globs.o(.text)
    __scatterload                            0x08000301   Thumb Code    28  init.o(.text)
    __scatterload_rt2                        0x08000301   Thumb Code     0  init.o(.text)
    __ARM_exceptions_buffer_init             0x08000325   Thumb Code    18  arm_exceptions_mem.o(.text)
    __ARM_exceptions_buffer_allocate         0x08000337   Thumb Code    22  arm_exceptions_mem.o(.text)
    __ARM_exceptions_buffer_free             0x0800034d   Thumb Code    20  arm_exceptions_mem.o(.text)
    DMA2_Stream2_IRQHandler                  0x08000361   Thumb Code     6  stm32f7xx_it.o(i.DMA2_Stream2_IRQHandler)
    DMA2_Stream7_IRQHandler                  0x0800036d   Thumb Code     6  stm32f7xx_it.o(i.DMA2_Stream7_IRQHandler)
    EXTI0_IRQHandler                         0x08000379   Thumb Code     6  stm32f7xx_it.o(i.EXTI0_IRQHandler)
    EXTI15_10_IRQHandler                     0x0800037f   Thumb Code    30  stm32f7xx_it.o(i.EXTI15_10_IRQHandler)
    EXTI1_IRQHandler                         0x0800039d   Thumb Code     6  stm32f7xx_it.o(i.EXTI1_IRQHandler)
    HAL_ADC_ConfigChannel                    0x080003a5   Thumb Code   338  stm32f7xx_hal_adc.o(i.HAL_ADC_ConfigChannel)
    HAL_ADC_Init                             0x08000509   Thumb Code    84  stm32f7xx_hal_adc.o(i.HAL_ADC_Init)
    HAL_ADC_MspInit                          0x0800055d   Thumb Code   116  adc.o(i.HAL_ADC_MspInit)
    HAL_DMA_IRQHandler                       0x080005e9   Thumb Code   404  stm32f7xx_hal_dma.o(i.HAL_DMA_IRQHandler)
    HAL_DMA_Init                             0x08000781   Thumb Code   134  stm32f7xx_hal_dma.o(i.HAL_DMA_Init)
    HAL_DMA_Start_IT                         0x0800080d   Thumb Code    78  stm32f7xx_hal_dma.o(i.HAL_DMA_Start_IT)
    HAL_Delay                                0x0800085b   Thumb Code    22  stm32f7xx_hal.o(i.HAL_Delay)
    HAL_GPIO_EXTI_Callback                   0x08000871   Thumb Code     2  stm32f7xx_hal_gpio.o(i.HAL_GPIO_EXTI_Callback)
    HAL_GPIO_EXTI_IRQHandler                 0x08000875   Thumb Code    18  stm32f7xx_hal_gpio.o(i.HAL_GPIO_EXTI_IRQHandler)
    HAL_GPIO_Init                            0x0800088d   Thumb Code   418  stm32f7xx_hal_gpio.o(i.HAL_GPIO_Init)
    HAL_GPIO_WritePin                        0x08000a65   Thumb Code    10  stm32f7xx_hal_gpio.o(i.HAL_GPIO_WritePin)
    HAL_GetTick                              0x08000a71   Thumb Code     6  stm32f7xx_hal.o(i.HAL_GetTick)
    HAL_I2CEx_ConfigAnalogFilter             0x08000a7d   Thumb Code   118  stm32f7xx_hal_i2c_ex.o(i.HAL_I2CEx_ConfigAnalogFilter)
    HAL_I2C_Init                             0x08000af5   Thumb Code   166  stm32f7xx_hal_i2c.o(i.HAL_I2C_Init)
    HAL_I2C_MspInit                          0x08000ba1   Thumb Code   104  i2c.o(i.HAL_I2C_MspInit)
    HAL_IncTick                              0x08000c19   Thumb Code    10  stm32f7xx_hal.o(i.HAL_IncTick)
    HAL_Init                                 0x08000c29   Thumb Code    32  stm32f7xx_hal.o(i.HAL_Init)
    HAL_InitTick                             0x08000c4d   Thumb Code    34  stm32f7xx_hal.o(i.HAL_InitTick)
    HAL_MspInit                              0x08000c6f   Thumb Code    68  stm32f7xx_hal_msp.o(i.HAL_MspInit)
    HAL_NVIC_EnableIRQ                       0x08000cb3   Thumb Code    22  stm32f7xx_hal_cortex.o(i.HAL_NVIC_EnableIRQ)
    HAL_NVIC_SetPriority                     0x08000cc9   Thumb Code    60  stm32f7xx_hal_cortex.o(i.HAL_NVIC_SetPriority)
    HAL_NVIC_SetPriorityGrouping             0x08000d09   Thumb Code    28  stm32f7xx_hal_cortex.o(i.HAL_NVIC_SetPriorityGrouping)
    HAL_PWREx_EnableOverDrive                0x08000d2d   Thumb Code   100  stm32f7xx_hal_pwr_ex.o(i.HAL_PWREx_EnableOverDrive)
    HAL_RCCEx_PeriphCLKConfig                0x08000d99   Thumb Code  1708  stm32f7xx_hal_rcc_ex.o(i.HAL_RCCEx_PeriphCLKConfig)
    HAL_RCC_ClockConfig                      0x08001449   Thumb Code   450  stm32f7xx_hal_rcc.o(i.HAL_RCC_ClockConfig)
    HAL_RCC_GetHCLKFreq                      0x08001615   Thumb Code    38  stm32f7xx_hal_rcc.o(i.HAL_RCC_GetHCLKFreq)
    HAL_RCC_GetPCLK1Freq                     0x08001649   Thumb Code    36  stm32f7xx_hal_rcc.o(i.HAL_RCC_GetPCLK1Freq)
    HAL_RCC_GetPCLK2Freq                     0x08001675   Thumb Code    36  stm32f7xx_hal_rcc.o(i.HAL_RCC_GetPCLK2Freq)
    HAL_RCC_GetSysClockFreq                  0x080016a1   Thumb Code   120  stm32f7xx_hal_rcc.o(i.HAL_RCC_GetSysClockFreq)
    HAL_RCC_OscConfig                        0x08001721   Thumb Code   914  stm32f7xx_hal_rcc.o(i.HAL_RCC_OscConfig)
    HAL_SPI_Init                             0x08001abd   Thumb Code   200  stm32f7xx_hal_spi.o(i.HAL_SPI_Init)
    HAL_SPI_MspInit                          0x08001b85   Thumb Code    64  spi.o(i.HAL_SPI_MspInit)
    HAL_SYSTICK_CLKSourceConfig              0x08001bd1   Thumb Code    24  stm32f7xx_hal_cortex.o(i.HAL_SYSTICK_CLKSourceConfig)
    HAL_SYSTICK_Callback                     0x08001be9   Thumb Code    52  main.o(i.HAL_SYSTICK_Callback)
    HAL_SYSTICK_Config                       0x08001c2d   Thumb Code    38  stm32f7xx_hal_cortex.o(i.HAL_SYSTICK_Config)
    HAL_SYSTICK_IRQHandler                   0x08001c53   Thumb Code     8  stm32f7xx_hal_cortex.o(i.HAL_SYSTICK_IRQHandler)
    HAL_TIMEx_ConfigBreakDeadTime            0x08001c5b   Thumb Code    98  stm32f7xx_hal_tim_ex.o(i.HAL_TIMEx_ConfigBreakDeadTime)
    HAL_TIMEx_MasterConfigSynchronization    0x08001cbd   Thumb Code    78  stm32f7xx_hal_tim_ex.o(i.HAL_TIMEx_MasterConfigSynchronization)
    HAL_TIM_Base_Init                        0x08001d15   Thumb Code    48  stm32f7xx_hal_tim.o(i.HAL_TIM_Base_Init)
    HAL_TIM_Base_MspInit                     0x08001d45   Thumb Code    56  tim.o(i.HAL_TIM_Base_MspInit)
    HAL_TIM_ConfigClockSource                0x08001d89   Thumb Code   246  stm32f7xx_hal_tim.o(i.HAL_TIM_ConfigClockSource)
    HAL_TIM_Encoder_Init                     0x08001e85   Thumb Code   162  stm32f7xx_hal_tim.o(i.HAL_TIM_Encoder_Init)
    HAL_TIM_Encoder_MspInit                  0x08001f2d   Thumb Code    84  tim.o(i.HAL_TIM_Encoder_MspInit)
    HAL_TIM_Encoder_Start                    0x08001f91   Thumb Code    52  stm32f7xx_hal_tim.o(i.HAL_TIM_Encoder_Start)
    HAL_TIM_MspPostInit                      0x08001fc5   Thumb Code    64  tim.o(i.HAL_TIM_MspPostInit)
    HAL_TIM_PWM_ConfigChannel                0x08002015   Thumb Code   296  stm32f7xx_hal_tim_ex.o(i.HAL_TIM_PWM_ConfigChannel)
    HAL_TIM_PWM_Init                         0x0800213d   Thumb Code    54  stm32f7xx_hal_tim.o(i.HAL_TIM_PWM_Init)
    HAL_TIM_PWM_MspInit                      0x08002173   Thumb Code     2  stm32f7xx_hal_tim.o(i.HAL_TIM_PWM_MspInit)
    HAL_TIM_PWM_Start                        0x08002175   Thumb Code    48  stm32f7xx_hal_tim.o(i.HAL_TIM_PWM_Start)
    HAL_UART_ErrorCallback                   0x080021ad   Thumb Code     2  stm32f7xx_hal_uart.o(i.HAL_UART_ErrorCallback)
    HAL_UART_Init                            0x080021af   Thumb Code   106  stm32f7xx_hal_uart.o(i.HAL_UART_Init)
    HAL_UART_MspInit                         0x08002219   Thumb Code   210  usart.o(i.HAL_UART_MspInit)
    HAL_UART_Receive_DMA                     0x08002309   Thumb Code   132  stm32f7xx_hal_uart.o(i.HAL_UART_Receive_DMA)
    HAL_UART_RxCpltCallback                  0x08002399   Thumb Code     2  stm32f7xx_hal_uart.o(i.HAL_UART_RxCpltCallback)
    HAL_UART_RxHalfCpltCallback              0x0800239b   Thumb Code     2  stm32f7xx_hal_uart.o(i.HAL_UART_RxHalfCpltCallback)
    HAL_UART_Transmit_DMA                    0x0800239d   Thumb Code   138  stm32f7xx_hal_uart.o(i.HAL_UART_Transmit_DMA)
    HAL_UART_TxCpltCallback                  0x08002435   Thumb Code     2  stm32f7xx_hal_uart.o(i.HAL_UART_TxCpltCallback)
    HAL_UART_TxHalfCpltCallback              0x08002437   Thumb Code     2  stm32f7xx_hal_uart.o(i.HAL_UART_TxHalfCpltCallback)
    MX_ADC1_Init                             0x08002439   Thumb Code    54  adc.o(i.MX_ADC1_Init)
    MX_ADC2_Init                             0x08002479   Thumb Code    54  adc.o(i.MX_ADC2_Init)
    MX_ADC3_Init                             0x080024b9   Thumb Code    54  adc.o(i.MX_ADC3_Init)
    MX_DMA_Init                              0x080024f9   Thumb Code    56  dma.o(i.MX_DMA_Init)
    MX_GPIO_Init                             0x08002535   Thumb Code   350  gpio.o(i.MX_GPIO_Init)
    MX_I2C1_Init                             0x080026b1   Thumb Code    46  i2c.o(i.MX_I2C1_Init)
    MX_I2C2_Init                             0x080026ed   Thumb Code    46  i2c.o(i.MX_I2C2_Init)
    MX_SPI1_Init                             0x08002729   Thumb Code    58  spi.o(i.MX_SPI1_Init)
    MX_TIM3_Init                             0x0800276d   Thumb Code    64  tim.o(i.MX_TIM3_Init)
    MX_TIM4_Init                             0x080027b5   Thumb Code   104  tim.o(i.MX_TIM4_Init)
    MX_TIM5_Init                             0x08002825   Thumb Code    64  tim.o(i.MX_TIM5_Init)
    MX_TIM8_Init                             0x0800286d   Thumb Code   142  tim.o(i.MX_TIM8_Init)
    MX_USART1_UART_Init                      0x08002905   Thumb Code    40  usart.o(i.MX_USART1_UART_Init)
    MX_USART3_UART_Init                      0x08002935   Thumb Code    40  usart.o(i.MX_USART3_UART_Init)
    SysTick_Handler                          0x08002965   Thumb Code    14  stm32f7xx_it.o(i.SysTick_Handler)
    SystemInit                               0x08002975   Thumb Code    68  system_stm32f7xx.o(i.SystemInit)
    TIM_Base_SetConfig                       0x080029c9   Thumb Code   150  stm32f7xx_hal_tim.o(i.TIM_Base_SetConfig)
    TIM_CCxChannelCmd                        0x08002a8d   Thumb Code    22  stm32f7xx_hal_tim.o(i.TIM_CCxChannelCmd)
    TIM_ETR_SetConfig                        0x08002aa3   Thumb Code    18  stm32f7xx_hal_tim.o(i.TIM_ETR_SetConfig)
    TIM_OC1_SetConfig                        0x08002ab5   Thumb Code    90  stm32f7xx_hal_tim.o(i.TIM_OC1_SetConfig)
    TIM_OC2_SetConfig                        0x08002b1d   Thumb Code    96  stm32f7xx_hal_tim.o(i.TIM_OC2_SetConfig)
    TIM_OC3_SetConfig                        0x08002b89   Thumb Code    96  stm32f7xx_hal_tim.o(i.TIM_OC3_SetConfig)
    TIM_OC4_SetConfig                        0x08002bf5   Thumb Code    76  stm32f7xx_hal_tim.o(i.TIM_OC4_SetConfig)
    UART_AdvFeatureConfig                    0x08002c4d   Thumb Code   200  stm32f7xx_hal_uart.o(i.UART_AdvFeatureConfig)
    UART_CheckIdleState                      0x08002d15   Thumb Code    78  stm32f7xx_hal_uart.o(i.UART_CheckIdleState)
    UART_SetConfig                           0x08002d65   Thumb Code   542  stm32f7xx_hal_uart.o(i.UART_SetConfig)
    UART_WaitOnFlagUntilTimeout              0x08002fb5   Thumb Code   146  stm32f7xx_hal_uart.o(i.UART_WaitOnFlagUntilTimeout)
    SystemClock_Config()                     0x08003165   Thumb Code   164  main.o(i._Z18SystemClock_Configv)
    messageCb(const std_msgs::Empty&)        0x08003441   Thumb Code    36  main.o(i._Z9messageCbRKN8std_msgs5EmptyE)
    geometry_msgs::Quaternion::getMD5()      0x0800346d   Thumb Code     4  main.o(i._ZN13geometry_msgs10Quaternion6getMD5Ev)
    geometry_msgs::Quaternion::getType()     0x08003475   Thumb Code     4  main.o(i._ZN13geometry_msgs10Quaternion7getTypeEv)
    geometry_msgs::PoseWithCovariance::getMD5() 0x0800347d   Thumb Code     4  main.o(i._ZN13geometry_msgs18PoseWithCovariance6getMD5Ev)
    geometry_msgs::PoseWithCovariance::getType() 0x08003485   Thumb Code     4  main.o(i._ZN13geometry_msgs18PoseWithCovariance7getTypeEv)
    geometry_msgs::TwistWithCovariance::getMD5() 0x0800348d   Thumb Code     4  main.o(i._ZN13geometry_msgs19TwistWithCovariance6getMD5Ev)
    geometry_msgs::TwistWithCovariance::getType() 0x08003495   Thumb Code     4  main.o(i._ZN13geometry_msgs19TwistWithCovariance7getTypeEv)
    geometry_msgs::Pose::getMD5()            0x0800349d   Thumb Code     4  main.o(i._ZN13geometry_msgs4Pose6getMD5Ev)
    geometry_msgs::Pose::getType()           0x080034a5   Thumb Code     4  main.o(i._ZN13geometry_msgs4Pose7getTypeEv)
    geometry_msgs::Point::getMD5()           0x080034ad   Thumb Code     4  main.o(i._ZN13geometry_msgs5Point6getMD5Ev)
    geometry_msgs::Point::getType()          0x080034b5   Thumb Code     4  main.o(i._ZN13geometry_msgs5Point7getTypeEv)
    geometry_msgs::Twist::getMD5()           0x080034bd   Thumb Code     4  main.o(i._ZN13geometry_msgs5Twist6getMD5Ev)
    geometry_msgs::Twist::getType()          0x080034c5   Thumb Code     4  main.o(i._ZN13geometry_msgs5Twist7getTypeEv)
    geometry_msgs::Vector3::getMD5()         0x080034cd   Thumb Code     4  main.o(i._ZN13geometry_msgs7Vector36getMD5Ev)
    geometry_msgs::Vector3::getType()        0x080034d5   Thumb Code     4  main.o(i._ZN13geometry_msgs7Vector37getTypeEv)
    geometry_msgs::Vector3::Vector3()        0x080034dd   Thumb Code    22  main.o(i._ZN13geometry_msgs7Vector3C1Ev)
    geometry_msgs::Vector3::Vector3__sub_object() 0x080034dd   Thumb Code     0  main.o(i._ZN13geometry_msgs7Vector3C1Ev)
    rosserial_msgs::RequestParamResponse::deserialize(unsigned char*) 0x08003501   Thumb Code   238  main.o(i._ZN14rosserial_msgs20RequestParamResponse11deserializeEPh)
    rosserial_msgs::RequestParamResponse::getMD5() 0x080035f1   Thumb Code     4  main.o(i._ZN14rosserial_msgs20RequestParamResponse6getMD5Ev)
    rosserial_msgs::RequestParamResponse::getType() 0x080035f9   Thumb Code     4  main.o(i._ZN14rosserial_msgs20RequestParamResponse7getTypeEv)
    rosserial_msgs::Log::getMD5()            0x08003601   Thumb Code     4  main.o(i._ZN14rosserial_msgs3Log6getMD5Ev)
    rosserial_msgs::Log::getType()           0x08003609   Thumb Code     4  main.o(i._ZN14rosserial_msgs3Log7getTypeEv)
    rosserial_msgs::TopicInfo::getMD5()      0x08003611   Thumb Code     4  main.o(i._ZN14rosserial_msgs9TopicInfo6getMD5Ev)
    rosserial_msgs::TopicInfo::getType()     0x08003619   Thumb Code     4  main.o(i._ZN14rosserial_msgs9TopicInfo7getTypeEv)
    ros::normalizeSecNSec(unsigned&, unsigned&) 0x08003621   Thumb Code    28  time.o(i._ZN3ros16normalizeSecNSecERjS0_)
    nav_msgs::Odometry::getMD5()             0x08003641   Thumb Code     4  main.o(i._ZN8nav_msgs8Odometry6getMD5Ev)
    nav_msgs::Odometry::getType()            0x08003649   Thumb Code     4  main.o(i._ZN8nav_msgs8Odometry7getTypeEv)
    nav_msgs::Odometry::Odometry()           0x08003651   Thumb Code   138  main.o(i._ZN8nav_msgs8OdometryC1Ev)
    nav_msgs::Odometry::Odometry__sub_object() 0x08003651   Thumb Code     0  main.o(i._ZN8nav_msgs8OdometryC1Ev)
    std_msgs::Time::deserialize(unsigned char*) 0x0800370d   Thumb Code    66  main.o(i._ZN8std_msgs4Time11deserializeEPh)
    std_msgs::Time::getMD5()                 0x08003751   Thumb Code     4  main.o(i._ZN8std_msgs4Time6getMD5Ev)
    std_msgs::Time::getType()                0x08003759   Thumb Code     4  main.o(i._ZN8std_msgs4Time7getTypeEv)
    std_msgs::Time::Time()                   0x08003761   Thumb Code    12  main.o(i._ZN8std_msgs4TimeC1Ev)
    std_msgs::Time::Time__sub_object()       0x08003761   Thumb Code     0  main.o(i._ZN8std_msgs4TimeC1Ev)
    std_msgs::Empty::getMD5()                0x08003771   Thumb Code     4  main.o(i._ZN8std_msgs5Empty6getMD5Ev)
    std_msgs::Empty::getType()               0x08003779   Thumb Code     4  main.o(i._ZN8std_msgs5Empty7getTypeEv)
    std_msgs::UInt8::getMD5()                0x08003781   Thumb Code     4  main.o(i._ZN8std_msgs5UInt86getMD5Ev)
    std_msgs::UInt8::getType()               0x08003789   Thumb Code     4  main.o(i._ZN8std_msgs5UInt87getTypeEv)
    std_msgs::Header::getMD5()               0x08003791   Thumb Code     4  main.o(i._ZN8std_msgs6Header6getMD5Ev)
    std_msgs::Header::getType()              0x08003799   Thumb Code     4  main.o(i._ZN8std_msgs6Header7getTypeEv)
    geometry_msgs::Quaternion::serialize(unsigned char*) const 0x080037a1   Thumb Code   292  main.o(i._ZNK13geometry_msgs10Quaternion9serializeEPh)
    geometry_msgs::PoseWithCovariance::serialize(unsigned char*) const 0x080038c5   Thumb Code   102  main.o(i._ZNK13geometry_msgs18PoseWithCovariance9serializeEPh)
    geometry_msgs::TwistWithCovariance::serialize(unsigned char*) const 0x0800392b   Thumb Code   102  main.o(i._ZNK13geometry_msgs19TwistWithCovariance9serializeEPh)
    geometry_msgs::Pose::serialize(unsigned char*) const 0x08003991   Thumb Code    28  main.o(i._ZNK13geometry_msgs4Pose9serializeEPh)
    geometry_msgs::Point::serialize(unsigned char*) const 0x080039ad   Thumb Code   212  main.o(i._ZNK13geometry_msgs5Point9serializeEPh)
    geometry_msgs::Twist::serialize(unsigned char*) const 0x08003a81   Thumb Code    28  main.o(i._ZNK13geometry_msgs5Twist9serializeEPh)
    geometry_msgs::Vector3::serialize(unsigned char*) const 0x08003a9d   Thumb Code   212  main.o(i._ZNK13geometry_msgs7Vector39serializeEPh)
    rosserial_msgs::RequestParamResponse::serialize(unsigned char*) const 0x08003b71   Thumb Code   208  main.o(i._ZNK14rosserial_msgs20RequestParamResponse9serializeEPh)
    rosserial_msgs::Log::serialize(unsigned char*) const 0x08003c41   Thumb Code    36  main.o(i._ZNK14rosserial_msgs3Log9serializeEPh)
    rosserial_msgs::TopicInfo::serialize(unsigned char*) const 0x08003c65   Thumb Code   118  main.o(i._ZNK14rosserial_msgs9TopicInfo9serializeEPh)
    nav_msgs::Odometry::serialize(unsigned char*) const 0x08003cdb   Thumb Code    70  main.o(i._ZNK8nav_msgs8Odometry9serializeEPh)
    std_msgs::Time::serialize(unsigned char*) const 0x08003d21   Thumb Code    54  main.o(i._ZNK8std_msgs4Time9serializeEPh)
    std_msgs::Empty::serialize(unsigned char*) const 0x08003d57   Thumb Code     4  main.o(i._ZNK8std_msgs5Empty9serializeEPh)
    std_msgs::UInt8::serialize(unsigned char*) const 0x08003d5b   Thumb Code     8  main.o(i._ZNK8std_msgs5UInt89serializeEPh)
    std_msgs::Header::serialize(unsigned char*) const 0x08003d63   Thumb Code   106  main.o(i._ZNK8std_msgs6Header9serializeEPh)
    operator new(unsigned)                   0x08003dcd   Thumb Code    34  new.o(i._Znwj)
    free                                     0x08003df5   Thumb Code    88  mallocr.o(i.__free$realloc)
    malloc                                   0x08003e51   Thumb Code    64  mallocr.o(i.__malloc$realloc)
    __scatterload_copy                       0x08003ea1   Thumb Code    14  handlers.o(i.__scatterload_copy)
    __scatterload_null                       0x08003eaf   Thumb Code     2  handlers.o(i.__scatterload_null)
    __scatterload_zeroinit                   0x08003eb1   Thumb Code    14  handlers.o(i.__scatterload_zeroinit)
    main                                     0x08003f3d   Thumb Code   394  main.o(i.main)
    realloc                                  0x08004121   Thumb Code   102  mallocr.o(i.realloc)
    UartDriver<UART_HandleTypeDef, (int)20, (int)250, (int)400>::UartDriver(UART_HandleTypeDef*) 0x0800418d   Thumb Code   180  main.o(t._ZN10UartDriverI18UART_HandleTypeDefLi20ELi250ELi400EEC1EPS0_)
    UartDriver<UART_HandleTypeDef, (int)20, (int)250, (int)400>::UartDriver__sub_object(UART_HandleTypeDef*) 0x0800418d   Thumb Code     0  main.o(t._ZN10UartDriverI18UART_HandleTypeDefLi20ELi250ELi400EEC1EPS0_)
    ros::Subscriber<std_msgs::Empty>::getMsgType() 0x08004261   Thumb Code     4  main.o(t._ZN3ros10SubscriberIN8std_msgs5EmptyEE10getMsgTypeEv)
    ros::Subscriber<std_msgs::Empty>::getEndpointType() 0x08004269   Thumb Code     4  main.o(t._ZN3ros10SubscriberIN8std_msgs5EmptyEE15getEndpointTypeEv)
    ros::Subscriber<std_msgs::Empty>::callback(unsigned char*) 0x0800426d   Thumb Code    10  main.o(t._ZN3ros10SubscriberIN8std_msgs5EmptyEE8callbackEPh)
    ros::Subscriber<std_msgs::Empty>::getMsgMD5() 0x08004279   Thumb Code     4  main.o(t._ZN3ros10SubscriberIN8std_msgs5EmptyEE9getMsgMD5Ev)
    ros::NodeHandle_<STMF7Hardware, (int)20, (int)20, (int)255, (int)255>::negotiateTopics() 0x08004281   Thumb Code   200  main.o(t._ZN3ros11NodeHandle_I13STMF7HardwareLi20ELi20ELi255ELi255EE15negotiateTopicsEv)
    ros::NodeHandle_<STMF7Hardware, (int)20, (int)20, (int)255, (int)255>::requestSyncTime() 0x08004351   Thumb Code    30  main.o(t._ZN3ros11NodeHandle_I13STMF7HardwareLi20ELi20ELi255ELi255EE15requestSyncTimeEv)
    ros::NodeHandle_<STMF7Hardware, (int)20, (int)20, (int)255, (int)255>::publish(int, const ros::Msg*) 0x08004371   Thumb Code   180  main.o(t._ZN3ros11NodeHandle_I13STMF7HardwareLi20ELi20ELi255ELi255EE7publishEiPKNS_3MsgE)
    ros::NodeHandle_<STMF7Hardware, (int)20, (int)20, (int)255, (int)255>::spinOnce() 0x0800442d   Thumb Code   644  main.o(t._ZN3ros11NodeHandle_I13STMF7HardwareLi20ELi20ELi255ELi255EE8spinOnceEv)
    ros::NodeHandle_<STMF7Hardware, (int)20, (int)20, (int)255, (int)255>::advertise(ros::Publisher&) 0x080046c1   Thumb Code    42  main.o(t._ZN3ros11NodeHandle_I13STMF7HardwareLi20ELi20ELi255ELi255EE9advertiseERNS_9PublisherE)
    ros::NodeHandle_<STMF7Hardware, (int)20, (int)20, (int)255, (int)255>::NodeHandle_() 0x080046ed   Thumb Code   114  main.o(t._ZN3ros11NodeHandle_I13STMF7HardwareLi20ELi20ELi255ELi255EEC1Ev)
    ros::NodeHandle_<STMF7Hardware, (int)20, (int)20, (int)255, (int)255>::NodeHandle___sub_object() 0x080046ed   Thumb Code     0  main.o(t._ZN3ros11NodeHandle_I13STMF7HardwareLi20ELi20ELi255ELi255EEC1Ev)
    RxBuffer<UART_HandleTypeDef, (int)400>::ReceiveCplt(__DMA_HandleTypeDef*) 0x08004769   Thumb Code    84  main.o(t._ZN8RxBufferI18UART_HandleTypeDefLi400EE11ReceiveCpltEP19__DMA_HandleTypeDef)
    TxBuffer<UART_HandleTypeDef, (int)20, (int)250>::TransmitCplt(__DMA_HandleTypeDef*) 0x080047c5   Thumb Code   546  main.o(t._ZN8TxBufferI18UART_HandleTypeDefLi20ELi250EE12TransmitCpltEP19__DMA_HandleTypeDef)
    TxBuffer<UART_HandleTypeDef, (int)20, (int)250>::write(unsigned char*, unsigned char) 0x08004a0d   Thumb Code   630  main.o(t._ZN8TxBufferI18UART_HandleTypeDefLi20ELi250EE5writeEPhh)
    vtable for geometry_msgs::Quaternion     0x08004cd0   Data          24  main.o(.constdata__ZTVN13geometry_msgs10QuaternionE)
    vtable for geometry_msgs::PoseWithCovariance 0x08004ce8   Data          24  main.o(.constdata__ZTVN13geometry_msgs18PoseWithCovarianceE)
    vtable for geometry_msgs::TwistWithCovariance 0x08004d00   Data          24  main.o(.constdata__ZTVN13geometry_msgs19TwistWithCovarianceE)
    vtable for geometry_msgs::Pose           0x08004d18   Data          24  main.o(.constdata__ZTVN13geometry_msgs4PoseE)
    vtable for geometry_msgs::Point          0x08004d30   Data          24  main.o(.constdata__ZTVN13geometry_msgs5PointE)
    vtable for geometry_msgs::Twist          0x08004d48   Data          24  main.o(.constdata__ZTVN13geometry_msgs5TwistE)
    vtable for geometry_msgs::Vector3        0x08004d60   Data          24  main.o(.constdata__ZTVN13geometry_msgs7Vector3E)
    vtable for rosserial_msgs::RequestParamResponse 0x08004d78   Data          24  main.o(.constdata__ZTVN14rosserial_msgs20RequestParamResponseE)
    vtable for rosserial_msgs::Log           0x08004d90   Data          24  main.o(.constdata__ZTVN14rosserial_msgs3LogE)
    vtable for rosserial_msgs::TopicInfo     0x08004da8   Data          24  main.o(.constdata__ZTVN14rosserial_msgs9TopicInfoE)
    vtable for ros::Subscriber<std_msgs::Empty> 0x08004dc0   Data          24  main.o(.constdata__ZTVN3ros10SubscriberIN8std_msgs5EmptyEEE)
    vtable for ros::NodeHandle_<STMF7Hardware, (int)20, (int)20, (int)255, (int)255> 0x08004dd8   Data          20  main.o(.constdata__ZTVN3ros11NodeHandle_I13STMF7HardwareLi20ELi20ELi255ELi255EEE)
    vtable for nav_msgs::Odometry            0x08004dec   Data          24  main.o(.constdata__ZTVN8nav_msgs8OdometryE)
    vtable for std_msgs::Time                0x08004e04   Data          24  main.o(.constdata__ZTVN8std_msgs4TimeE)
    vtable for std_msgs::Empty               0x08004e1c   Data          24  main.o(.constdata__ZTVN8std_msgs5EmptyE)
    vtable for std_msgs::UInt8               0x08004e34   Data          24  main.o(.constdata__ZTVN8std_msgs5UInt8E)
    vtable for std_msgs::Header              0x08004e4c   Data          24  main.o(.constdata__ZTVN8std_msgs6HeaderE)
    geometry_msgs::Quaternion::getMD5()::string 0x08004e64   Data          33  main.o(.constdata__ZZN13geometry_msgs10Quaternion6getMD5EvEs)
    geometry_msgs::Quaternion::getType()::string 0x08004e85   Data          25  main.o(.constdata__ZZN13geometry_msgs10Quaternion7getTypeEvEs)
    geometry_msgs::PoseWithCovariance::getMD5()::string 0x08004e9e   Data          33  main.o(.constdata__ZZN13geometry_msgs18PoseWithCovariance6getMD5EvEs)
    geometry_msgs::PoseWithCovariance::getType()::string 0x08004ebf   Data          33  main.o(.constdata__ZZN13geometry_msgs18PoseWithCovariance7getTypeEvEs)
    geometry_msgs::TwistWithCovariance::getMD5()::string 0x08004ee0   Data          33  main.o(.constdata__ZZN13geometry_msgs19TwistWithCovariance6getMD5EvEs)
    geometry_msgs::TwistWithCovariance::getType()::string 0x08004f01   Data          34  main.o(.constdata__ZZN13geometry_msgs19TwistWithCovariance7getTypeEvEs)
    geometry_msgs::Pose::getMD5()::string    0x08004f23   Data          33  main.o(.constdata__ZZN13geometry_msgs4Pose6getMD5EvEs)
    geometry_msgs::Pose::getType()::string   0x08004f44   Data          19  main.o(.constdata__ZZN13geometry_msgs4Pose7getTypeEvEs)
    geometry_msgs::Point::getMD5()::string   0x08004f57   Data          33  main.o(.constdata__ZZN13geometry_msgs5Point6getMD5EvEs)
    geometry_msgs::Point::getType()::string  0x08004f78   Data          20  main.o(.constdata__ZZN13geometry_msgs5Point7getTypeEvEs)
    geometry_msgs::Twist::getMD5()::string   0x08004f8c   Data          33  main.o(.constdata__ZZN13geometry_msgs5Twist6getMD5EvEs)
    geometry_msgs::Twist::getType()::string  0x08004fad   Data          20  main.o(.constdata__ZZN13geometry_msgs5Twist7getTypeEvEs)
    geometry_msgs::Vector3::getMD5()::string 0x08004fc1   Data          33  main.o(.constdata__ZZN13geometry_msgs7Vector36getMD5EvEs)
    geometry_msgs::Vector3::getType()::string 0x08004fe2   Data          22  main.o(.constdata__ZZN13geometry_msgs7Vector37getTypeEvEs)
    rosserial_msgs::RequestParamResponse::getMD5()::string 0x08004ff8   Data          33  main.o(.constdata__ZZN14rosserial_msgs20RequestParamResponse6getMD5EvEs)
    rosserial_msgs::Log::getMD5()::string    0x08005019   Data          33  main.o(.constdata__ZZN14rosserial_msgs3Log6getMD5EvEs)
    rosserial_msgs::Log::getType()::string   0x0800503a   Data          19  main.o(.constdata__ZZN14rosserial_msgs3Log7getTypeEvEs)
    rosserial_msgs::TopicInfo::getMD5()::string 0x0800504d   Data          33  main.o(.constdata__ZZN14rosserial_msgs9TopicInfo6getMD5EvEs)
    rosserial_msgs::TopicInfo::getType()::string 0x0800506e   Data          25  main.o(.constdata__ZZN14rosserial_msgs9TopicInfo7getTypeEvEs)
    rosserial_msgs::TopicInfo::TopicInfo()::string 0x08005087   Data           1  main.o(.constdata__ZZN14rosserial_msgs9TopicInfoC1EvEs)
    ros::NodeHandle_<STMF7Hardware, (int)20, (int)20, (int)255, (int)255>::publish(int, const ros::Msg*)::string 0x08005088   Data          57  main.o(.constdata__ZZN3ros11NodeHandle_I13STMF7HardwareLi20ELi20ELi255ELi255EE7publishEiPKNS_3MsgEEs)
    nav_msgs::Odometry::getMD5()::string     0x080050c1   Data          33  main.o(.constdata__ZZN8nav_msgs8Odometry6getMD5EvEs)
    nav_msgs::Odometry::getType()::string    0x080050e2   Data          18  main.o(.constdata__ZZN8nav_msgs8Odometry7getTypeEvEs)
    nav_msgs::Odometry::Odometry()::string   0x080050f4   Data           1  main.o(.constdata__ZZN8nav_msgs8OdometryC1EvEs)
    std_msgs::Time::getMD5()::string         0x080050f5   Data          33  main.o(.constdata__ZZN8std_msgs4Time6getMD5EvEs)
    std_msgs::Time::getType()::string        0x08005116   Data          14  main.o(.constdata__ZZN8std_msgs4Time7getTypeEvEs)
    std_msgs::Empty::getMD5()::string        0x08005124   Data          33  main.o(.constdata__ZZN8std_msgs5Empty6getMD5EvEs)
    std_msgs::Empty::getType()::string       0x08005145   Data          15  main.o(.constdata__ZZN8std_msgs5Empty7getTypeEvEs)
    std_msgs::UInt8::getMD5()::string        0x08005154   Data          33  main.o(.constdata__ZZN8std_msgs5UInt86getMD5EvEs)
    std_msgs::UInt8::getType()::string       0x08005175   Data          15  main.o(.constdata__ZZN8std_msgs5UInt87getTypeEvEs)
    std_msgs::Header::getMD5()::string       0x08005184   Data          33  main.o(.constdata__ZZN8std_msgs6Header6getMD5EvEs)
    std_msgs::Header::getType()::string      0x080051a5   Data          16  main.o(.constdata__ZZN8std_msgs6Header7getTypeEvEs)
    std_msgs::Header::Header()::string       0x080051b5   Data           1  main.o(.constdata__ZZN8std_msgs6HeaderC1EvEs)
    Region$$Table$$Base                      0x080051b8   Number         0  anon$$obj.o(Region$$Table)
    Region$$Table$$Limit                     0x080051d8   Number         0  anon$$obj.o(Region$$Table)
    SHT$$INIT_ARRAY$$Base                    0x080051d8   Number         0  main.o(.init_array)
    SHT$$INIT_ARRAY$$Limit                   0x080051dc   Number         0  cpp_init.o(.init_array)
    SystemCoreClock                          0x20000004   Data           4  system_stm32f7xx.o(.data)
    start_process_flag_                      0x20000008   Data           1  main.o(.data)
    pub                                      0x20000010   Data           4  main.o(.data)
    odom_pub_                                0x20000014   Data           4  main.o(.data)
    sub                                      0x20000018   Data           4  main.o(.data)
    L_encoder                                0x2000001c   Data           4  main.o(.data)
    R_encoder                                0x20000020   Data           4  main.o(.data)
    test_msg                                 0x20000024   Data           8  main.o(.data)
    __microlib_freelist                      0x2000002c   Data           4  mvars.o(.data)
    __microlib_freelist_initialised          0x20000030   Data           4  mvars.o(.data)
    RxBuffer<UART_HandleTypeDef, (int)400>::ring_buf_ 0x20000040   Data           4  main.o(.data__ZN8RxBufferI18UART_HandleTypeDefLi400EE9ring_buf_E)
    RxBuffer<UART_HandleTypeDef, (int)400>::rx_value_ 0x20000044   Data           1  main.o(.data__ZN8RxBufferI18UART_HandleTypeDefLi400EE9rx_value_E)
    TxBuffer<UART_HandleTypeDef, (int)20, (int)250>::idle_flag_ 0x20000045   Data           1  main.o(.data__ZN8TxBufferI18UART_HandleTypeDefLi20ELi250EE10idle_flag_E)
    TxBuffer<UART_HandleTypeDef, (int)20, (int)250>::subscript_to_add_ 0x20000046   Data           1  main.o(.data__ZN8TxBufferI18UART_HandleTypeDefLi20ELi250EE17subscript_to_add_E)
    TxBuffer<UART_HandleTypeDef, (int)20, (int)250>::subscript_in_progress_ 0x20000047   Data           1  main.o(.data__ZN8TxBufferI18UART_HandleTypeDefLi20ELi250EE22subscript_in_progress_E)
    huart1                                   0x20000048   Data         112  usart.o(.bss)
    huart3                                   0x200000b8   Data         112  usart.o(.bss)
    hdma_usart1_rx                           0x20000128   Data          88  usart.o(.bss)
    hdma_usart1_tx                           0x20000180   Data          88  usart.o(.bss)
    hi2c1                                    0x200001d8   Data          60  i2c.o(.bss)
    hi2c2                                    0x20000214   Data          60  i2c.o(.bss)
    hadc1                                    0x20000250   Data          72  adc.o(.bss)
    hadc2                                    0x20000298   Data          72  adc.o(.bss)
    hadc3                                    0x200002e0   Data          72  adc.o(.bss)
    hspi1                                    0x20000328   Data         100  spi.o(.bss)
    htim3                                    0x2000038c   Data          60  tim.o(.bss)
    htim4                                    0x200003c8   Data          60  tim.o(.bss)
    htim5                                    0x20000404   Data          60  tim.o(.bss)
    htim8                                    0x20000440   Data          60  tim.o(.bss)
    nh_                                      0x20000480   Data         780  main.o(.bss)
    odom_msg                                 0x20000790   Data         776  main.o(.bss)
    TxBuffer<UART_HandleTypeDef, (int)20, (int)250>::tx_buffer_unit_ 0x20000a98   Data        5020  main.o(.bss__ZN8TxBufferI18UART_HandleTypeDefLi20ELi250EE15tx_buffer_unit_E)
    __heap_base                              0x20001e38   Data           0  startup_stm32f746xx.o(HEAP)
    __heap_limit                             0x20002238   Data           0  startup_stm32f746xx.o(HEAP)
    __initial_sp                             0x20002438   Data           0  startup_stm32f746xx.o(STACK)



==============================================================================

Memory Map of the image

  Image Entry point : 0x080001c9

  Load Region LR_IROM1 (Base: 0x08000000, Size: 0x00005224, Max: 0x00100000, ABSOLUTE)

    Execution Region ER_IROM1 (Base: 0x08000000, Size: 0x000051dc, Max: 0x00100000, ABSOLUTE)

    Base Addr    Size         Type   Attr      Idx    E Section Name        Object

    0x08000000   0x000001c8   Data   RO         3722    RESET               startup_stm32f746xx.o
    0x080001c8   0x00000000   Code   RO         5301  * .ARM.Collect$$$$00000000  mc_w.l(entry.o)
    0x080001c8   0x00000004   Code   RO         5373    .ARM.Collect$$$$00000001  mc_w.l(entry2.o)
    0x080001cc   0x00000004   Code   RO         5376    .ARM.Collect$$$$00000004  mc_w.l(entry5.o)
    0x080001d0   0x00000000   Code   RO         5378    .ARM.Collect$$$$00000008  mc_w.l(entry7b.o)
    0x080001d0   0x00000004   Code   RO         5379    .ARM.Collect$$$$00000009  mc_w.l(entry8a.o)
    0x080001d4   0x00000000   Code   RO         5380    .ARM.Collect$$$$0000000A  mc_w.l(entry8b.o)
    0x080001d4   0x00000008   Code   RO         5381    .ARM.Collect$$$$0000000B  mc_w.l(entry9a.o)
    0x080001dc   0x00000000   Code   RO         5383    .ARM.Collect$$$$0000000D  mc_w.l(entry10a.o)
    0x080001dc   0x00000000   Code   RO         5385    .ARM.Collect$$$$0000000F  mc_w.l(entry11a.o)
    0x080001dc   0x00000004   Code   RO         5374    .ARM.Collect$$$$00002712  mc_w.l(entry2.o)
    0x080001e0   0x00000024   Code   RO         3723    .text               startup_stm32f746xx.o
    0x08000204   0x00000024   Code   RO         5304    .text               mc_w.l(memcpya.o)
    0x08000228   0x00000024   Code   RO         5306    .text               mc_w.l(memseta.o)
    0x0800024c   0x0000000e   Code   RO         5308    .text               mc_w.l(strlen.o)
    0x0800025a   0x00000002   PAD
    0x0800025c   0x00000020   Code   RO         5333    .text               mc_w.l(cpp_init.o)
    0x0800027c   0x00000004   Code   RO         5344    .text               cpprt_w.l(arm_newhandler_noexceptions.o)
    0x08000280   0x00000014   Code   RO         5402    .text               mc_w.l(cpp_memory.o)
    0x08000294   0x0000001a   Code   RO         5430    .text               cpprt_w.l(arm_exceptions_terminate.o)
    0x080002ae   0x00000002   PAD
    0x080002b0   0x00000050   Code   RO         5433    .text               cpprt_w.l(arm_exceptions_globs.o)
    0x08000300   0x00000024   Code   RO         5439    .text               mc_w.l(init.o)
    0x08000324   0x0000003c   Code   RO         5446    .text               cpprt_w.l(arm_exceptions_mem.o)
    0x08000360   0x0000000c   Code   RO         4019    i.DMA2_Stream2_IRQHandler  stm32f7xx_it.o
    0x0800036c   0x0000000c   Code   RO         4020    i.DMA2_Stream7_IRQHandler  stm32f7xx_it.o
    0x08000378   0x00000006   Code   RO         4021    i.EXTI0_IRQHandler  stm32f7xx_it.o
    0x0800037e   0x0000001e   Code   RO         4022    i.EXTI15_10_IRQHandler  stm32f7xx_it.o
    0x0800039c   0x00000006   Code   RO         4023    i.EXTI1_IRQHandler  stm32f7xx_it.o
    0x080003a2   0x00000002   PAD
    0x080003a4   0x00000164   Code   RO          319    i.HAL_ADC_ConfigChannel  stm32f7xx_hal_adc.o
    0x08000508   0x00000054   Code   RO          328    i.HAL_ADC_Init      stm32f7xx_hal_adc.o
    0x0800055c   0x0000008c   Code   RO         3916    i.HAL_ADC_MspInit   adc.o
    0x080005e8   0x00000198   Code   RO         1812    i.HAL_DMA_IRQHandler  stm32f7xx_hal_dma.o
    0x08000780   0x0000008c   Code   RO         1813    i.HAL_DMA_Init      stm32f7xx_hal_dma.o
    0x0800080c   0x0000004e   Code   RO         1816    i.HAL_DMA_Start_IT  stm32f7xx_hal_dma.o
    0x0800085a   0x00000016   Code   RO         1909    i.HAL_Delay         stm32f7xx_hal.o
    0x08000870   0x00000002   Code   RO          874    i.HAL_GPIO_EXTI_Callback  stm32f7xx_hal_gpio.o
    0x08000872   0x00000002   PAD
    0x08000874   0x00000018   Code   RO          875    i.HAL_GPIO_EXTI_IRQHandler  stm32f7xx_hal_gpio.o
    0x0800088c   0x000001d8   Code   RO          876    i.HAL_GPIO_Init     stm32f7xx_hal_gpio.o
    0x08000a64   0x0000000a   Code   RO          880    i.HAL_GPIO_WritePin  stm32f7xx_hal_gpio.o
    0x08000a6e   0x00000002   PAD
    0x08000a70   0x0000000c   Code   RO         1917    i.HAL_GetTick       stm32f7xx_hal.o
    0x08000a7c   0x00000076   Code   RO          514    i.HAL_I2CEx_ConfigAnalogFilter  stm32f7xx_hal_i2c_ex.o
    0x08000af2   0x00000002   PAD
    0x08000af4   0x000000ac   Code   RO         1309    i.HAL_I2C_Init      stm32f7xx_hal_i2c.o
    0x08000ba0   0x00000078   Code   RO         3789    i.HAL_I2C_MspInit   i2c.o
    0x08000c18   0x00000010   Code   RO         1918    i.HAL_IncTick       stm32f7xx_hal.o
    0x08000c28   0x00000024   Code   RO         1919    i.HAL_Init          stm32f7xx_hal.o
    0x08000c4c   0x00000022   Code   RO         1920    i.HAL_InitTick      stm32f7xx_hal.o
    0x08000c6e   0x00000044   Code   RO         3865    i.HAL_MspInit       stm32f7xx_hal_msp.o
    0x08000cb2   0x00000016   Code   RO         2195    i.HAL_NVIC_EnableIRQ  stm32f7xx_hal_cortex.o
    0x08000cc8   0x00000040   Code   RO         2201    i.HAL_NVIC_SetPriority  stm32f7xx_hal_cortex.o
    0x08000d08   0x00000024   Code   RO         2202    i.HAL_NVIC_SetPriorityGrouping  stm32f7xx_hal_cortex.o
    0x08000d2c   0x0000006c   Code   RO         2093    i.HAL_PWREx_EnableOverDrive  stm32f7xx_hal_pwr_ex.o
    0x08000d98   0x000006b0   Code   RO            6    i.HAL_RCCEx_PeriphCLKConfig  stm32f7xx_hal_rcc_ex.o
    0x08001448   0x000001cc   Code   RO          547    i.HAL_RCC_ClockConfig  stm32f7xx_hal_rcc.o
    0x08001614   0x00000034   Code   RO          552    i.HAL_RCC_GetHCLKFreq  stm32f7xx_hal_rcc.o
    0x08001648   0x0000002c   Code   RO          554    i.HAL_RCC_GetPCLK1Freq  stm32f7xx_hal_rcc.o
    0x08001674   0x0000002c   Code   RO          555    i.HAL_RCC_GetPCLK2Freq  stm32f7xx_hal_rcc.o
    0x080016a0   0x00000080   Code   RO          556    i.HAL_RCC_GetSysClockFreq  stm32f7xx_hal_rcc.o
    0x08001720   0x0000039c   Code   RO          559    i.HAL_RCC_OscConfig  stm32f7xx_hal_rcc.o
    0x08001abc   0x000000c8   Code   RO          955    i.HAL_SPI_Init      stm32f7xx_hal_spi.o
    0x08001b84   0x0000004c   Code   RO         3975    i.HAL_SPI_MspInit   spi.o
    0x08001bd0   0x00000018   Code   RO         2204    i.HAL_SYSTICK_CLKSourceConfig  stm32f7xx_hal_cortex.o
    0x08001be8   0x00000044   Code   RO         4170    i.HAL_SYSTICK_Callback  main.o
    0x08001c2c   0x00000026   Code   RO         2206    i.HAL_SYSTICK_Config  stm32f7xx_hal_cortex.o
    0x08001c52   0x00000008   Code   RO         2207    i.HAL_SYSTICK_IRQHandler  stm32f7xx_hal_cortex.o
    0x08001c5a   0x00000062   Code   RO         3072    i.HAL_TIMEx_ConfigBreakDeadTime  stm32f7xx_hal_tim_ex.o
    0x08001cbc   0x00000058   Code   RO         3088    i.HAL_TIMEx_MasterConfigSynchronization  stm32f7xx_hal_tim_ex.o
    0x08001d14   0x00000030   Code   RO         2334    i.HAL_TIM_Base_Init  stm32f7xx_hal_tim.o
    0x08001d44   0x00000044   Code   RO         4084    i.HAL_TIM_Base_MspInit  tim.o
    0x08001d88   0x000000fc   Code   RO         2343    i.HAL_TIM_ConfigClockSource  stm32f7xx_hal_tim.o
    0x08001e84   0x000000a8   Code   RO         2352    i.HAL_TIM_Encoder_Init  stm32f7xx_hal_tim.o
    0x08001f2c   0x00000064   Code   RO         4086    i.HAL_TIM_Encoder_MspInit  tim.o
    0x08001f90   0x00000034   Code   RO         2355    i.HAL_TIM_Encoder_Start  stm32f7xx_hal_tim.o
    0x08001fc4   0x00000050   Code   RO         4087    i.HAL_TIM_MspPostInit  tim.o
    0x08002014   0x00000128   Code   RO         3108    i.HAL_TIM_PWM_ConfigChannel  stm32f7xx_hal_tim_ex.o
    0x0800213c   0x00000036   Code   RO         2403    i.HAL_TIM_PWM_Init  stm32f7xx_hal_tim.o
    0x08002172   0x00000002   Code   RO         2405    i.HAL_TIM_PWM_MspInit  stm32f7xx_hal_tim.o
    0x08002174   0x00000038   Code   RO         2407    i.HAL_TIM_PWM_Start  stm32f7xx_hal_tim.o
    0x080021ac   0x00000002   Code   RO         3399    i.HAL_UART_ErrorCallback  stm32f7xx_hal_uart.o
    0x080021ae   0x0000006a   Code   RO         3403    i.HAL_UART_Init     stm32f7xx_hal_uart.o
    0x08002218   0x000000f0   Code   RO         3731    i.HAL_UART_MspInit  usart.o
    0x08002308   0x00000090   Code   RO         3407    i.HAL_UART_Receive_DMA  stm32f7xx_hal_uart.o
    0x08002398   0x00000002   Code   RO         3409    i.HAL_UART_RxCpltCallback  stm32f7xx_hal_uart.o
    0x0800239a   0x00000002   Code   RO         3410    i.HAL_UART_RxHalfCpltCallback  stm32f7xx_hal_uart.o
    0x0800239c   0x00000098   Code   RO         3412    i.HAL_UART_Transmit_DMA  stm32f7xx_hal_uart.o
    0x08002434   0x00000002   Code   RO         3414    i.HAL_UART_TxCpltCallback  stm32f7xx_hal_uart.o
    0x08002436   0x00000002   Code   RO         3415    i.HAL_UART_TxHalfCpltCallback  stm32f7xx_hal_uart.o
    0x08002438   0x00000040   Code   RO         3917    i.MX_ADC1_Init      adc.o
    0x08002478   0x00000040   Code   RO         3918    i.MX_ADC2_Init      adc.o
    0x080024b8   0x00000040   Code   RO         3919    i.MX_ADC3_Init      adc.o
    0x080024f8   0x0000003c   Code   RO         3840    i.MX_DMA_Init       dma.o
    0x08002534   0x0000017c   Code   RO         3890    i.MX_GPIO_Init      gpio.o
    0x080026b0   0x0000003c   Code   RO         3790    i.MX_I2C1_Init      i2c.o
    0x080026ec   0x0000003c   Code   RO         3791    i.MX_I2C2_Init      i2c.o
    0x08002728   0x00000044   Code   RO         3976    i.MX_SPI1_Init      spi.o
    0x0800276c   0x00000048   Code   RO         4088    i.MX_TIM3_Init      tim.o
    0x080027b4   0x00000070   Code   RO         4089    i.MX_TIM4_Init      tim.o
    0x08002824   0x00000048   Code   RO         4090    i.MX_TIM5_Init      tim.o
    0x0800286c   0x00000098   Code   RO         4091    i.MX_TIM8_Init      tim.o
    0x08002904   0x00000030   Code   RO         3732    i.MX_USART1_UART_Init  usart.o
    0x08002934   0x00000030   Code   RO         3733    i.MX_USART3_UART_Init  usart.o
    0x08002964   0x0000000e   Code   RO         4024    i.SysTick_Handler   stm32f7xx_it.o
    0x08002972   0x00000002   PAD
    0x08002974   0x00000054   Code   RO         3685    i.SystemInit        system_stm32f7xx.o
    0x080029c8   0x000000c4   Code   RO         2418    i.TIM_Base_SetConfig  stm32f7xx_hal_tim.o
    0x08002a8c   0x00000016   Code   RO         2419    i.TIM_CCxChannelCmd  stm32f7xx_hal_tim.o
    0x08002aa2   0x00000012   Code   RO         2423    i.TIM_ETR_SetConfig  stm32f7xx_hal_tim.o
    0x08002ab4   0x00000068   Code   RO         2424    i.TIM_OC1_SetConfig  stm32f7xx_hal_tim.o
    0x08002b1c   0x0000006c   Code   RO         2425    i.TIM_OC2_SetConfig  stm32f7xx_hal_tim.o
    0x08002b88   0x0000006c   Code   RO         2426    i.TIM_OC3_SetConfig  stm32f7xx_hal_tim.o
    0x08002bf4   0x00000058   Code   RO         2427    i.TIM_OC4_SetConfig  stm32f7xx_hal_tim.o
    0x08002c4c   0x000000c8   Code   RO         3416    i.UART_AdvFeatureConfig  stm32f7xx_hal_uart.o
    0x08002d14   0x0000004e   Code   RO         3417    i.UART_CheckIdleState  stm32f7xx_hal_uart.o
    0x08002d62   0x00000002   PAD
    0x08002d64   0x00000250   Code   RO         3418    i.UART_SetConfig    stm32f7xx_hal_uart.o
    0x08002fb4   0x00000092   Code   RO         3419    i.UART_WaitOnFlagUntilTimeout  stm32f7xx_hal_uart.o
    0x08003046   0x00000028   Code   RO         1817    i._Z13DMA_SetConfigP19__DMA_HandleTypeDefjjj  stm32f7xx_hal_dma.o
    0x0800306e   0x00000022   Code   RO         3420    i._Z13UART_DMAErrorP19__DMA_HandleTypeDef  stm32f7xx_hal_uart.o
    0x08003090   0x00000022   Code   RO         2208    i._Z16NVIC_SetPriority9IRQn_Typej  stm32f7xx_hal_cortex.o
    0x080030b2   0x00000002   PAD
    0x080030b4   0x00000058   Code   RO         3110    i._Z17TIM_OC5_SetConfigP11TIM_TypeDefP18TIM_OC_InitTypeDef  stm32f7xx_hal_tim_ex.o
    0x0800310c   0x00000058   Code   RO         3111    i._Z17TIM_OC6_SetConfigP11TIM_TypeDefP18TIM_OC_InitTypeDef  stm32f7xx_hal_tim_ex.o
    0x08003164   0x000000ac   Code   RO         4171    i._Z18SystemClock_Configv  main.o
    0x08003210   0x00000010   Code   RO         2431    i._Z18TIM_ITRx_SetConfigP11TIM_TypeDeft  stm32f7xx_hal_tim.o
    0x08003220   0x0000000a   Code   RO         3423    i._Z18UART_DMARxHalfCpltP19__DMA_HandleTypeDef  stm32f7xx_hal_uart.o
    0x0800322a   0x0000000a   Code   RO         3424    i._Z18UART_DMATxHalfCpltP19__DMA_HandleTypeDef  stm32f7xx_hal_uart.o
    0x08003234   0x00000036   Code   RO         3425    i._Z19UART_DMAReceiveCpltP19__DMA_HandleTypeDef  stm32f7xx_hal_uart.o
    0x0800326a   0x0000002e   Code   RO         3426    i._Z20UART_DMATransmitCpltP19__DMA_HandleTypeDef  stm32f7xx_hal_uart.o
    0x08003298   0x00000028   Code   RO         1818    i._Z23DMA_CalcBaseAndBitshiftP19__DMA_HandleTypeDef  stm32f7xx_hal_dma.o
    0x080032c0   0x00000022   Code   RO         2434    i._Z24TIM_TI1_ConfigInputStageP11TIM_TypeDefjj  stm32f7xx_hal_tim.o
    0x080032e2   0x00000024   Code   RO         2435    i._Z24TIM_TI2_ConfigInputStageP11TIM_TypeDefjj  stm32f7xx_hal_tim.o
    0x08003306   0x00000002   PAD
    0x08003308   0x00000138   Code   RO          343    i._Z8ADC_InitP17ADC_HandleTypeDef  stm32f7xx_hal_adc.o
    0x08003440   0x0000002c   Code   RO         4172    i._Z9messageCbRKN8std_msgs5EmptyE  main.o
    0x0800346c   0x00000008   Code   RO         4688    i._ZN13geometry_msgs10Quaternion6getMD5Ev  main.o
    0x08003474   0x00000008   Code   RO         4682    i._ZN13geometry_msgs10Quaternion7getTypeEv  main.o
    0x0800347c   0x00000008   Code   RO         4712    i._ZN13geometry_msgs18PoseWithCovariance6getMD5Ev  main.o
    0x08003484   0x00000008   Code   RO         4706    i._ZN13geometry_msgs18PoseWithCovariance7getTypeEv  main.o
    0x0800348c   0x00000008   Code   RO         4748    i._ZN13geometry_msgs19TwistWithCovariance6getMD5Ev  main.o
    0x08003494   0x00000008   Code   RO         4742    i._ZN13geometry_msgs19TwistWithCovariance7getTypeEv  main.o
    0x0800349c   0x00000008   Code   RO         4700    i._ZN13geometry_msgs4Pose6getMD5Ev  main.o
    0x080034a4   0x00000008   Code   RO         4694    i._ZN13geometry_msgs4Pose7getTypeEv  main.o
    0x080034ac   0x00000008   Code   RO         4676    i._ZN13geometry_msgs5Point6getMD5Ev  main.o
    0x080034b4   0x00000008   Code   RO         4670    i._ZN13geometry_msgs5Point7getTypeEv  main.o
    0x080034bc   0x00000008   Code   RO         4736    i._ZN13geometry_msgs5Twist6getMD5Ev  main.o
    0x080034c4   0x00000008   Code   RO         4730    i._ZN13geometry_msgs5Twist7getTypeEv  main.o
    0x080034cc   0x00000008   Code   RO         4724    i._ZN13geometry_msgs7Vector36getMD5Ev  main.o
    0x080034d4   0x00000008   Code   RO         4718    i._ZN13geometry_msgs7Vector37getTypeEv  main.o
    0x080034dc   0x00000024   Code   RO         4431    i._ZN13geometry_msgs7Vector3C1Ev  main.o
    0x08003500   0x000000ee   Code   RO         4254    i._ZN14rosserial_msgs20RequestParamResponse11deserializeEPh  main.o
    0x080035ee   0x00000002   PAD
    0x080035f0   0x00000008   Code   RO         4664    i._ZN14rosserial_msgs20RequestParamResponse6getMD5Ev  main.o
    0x080035f8   0x00000008   Code   RO         4658    i._ZN14rosserial_msgs20RequestParamResponse7getTypeEv  main.o
    0x08003600   0x00000008   Code   RO         4800    i._ZN14rosserial_msgs3Log6getMD5Ev  main.o
    0x08003608   0x00000008   Code   RO         4794    i._ZN14rosserial_msgs3Log7getTypeEv  main.o
    0x08003610   0x00000008   Code   RO         4646    i._ZN14rosserial_msgs9TopicInfo6getMD5Ev  main.o
    0x08003618   0x00000008   Code   RO         4640    i._ZN14rosserial_msgs9TopicInfo7getTypeEv  main.o
    0x08003620   0x00000020   Code   RO         5157    i._ZN3ros16normalizeSecNSecERjS0_  time.o
    0x08003640   0x00000008   Code   RO         4772    i._ZN8nav_msgs8Odometry6getMD5Ev  main.o
    0x08003648   0x00000008   Code   RO         4766    i._ZN8nav_msgs8Odometry7getTypeEv  main.o
    0x08003650   0x000000bc   Code   RO         4413    i._ZN8nav_msgs8OdometryC1Ev  main.o
    0x0800370c   0x00000042   Code   RO         4260    i._ZN8std_msgs4Time11deserializeEPh  main.o
    0x0800374e   0x00000002   PAD
    0x08003750   0x00000008   Code   RO         4580    i._ZN8std_msgs4Time6getMD5Ev  main.o
    0x08003758   0x00000008   Code   RO         4574    i._ZN8std_msgs4Time7getTypeEv  main.o
    0x08003760   0x00000010   Code   RO         4358    i._ZN8std_msgs4TimeC1Ev  main.o
    0x08003770   0x00000008   Code   RO         4550    i._ZN8std_msgs5Empty6getMD5Ev  main.o
    0x08003778   0x00000008   Code   RO         4538    i._ZN8std_msgs5Empty7getTypeEv  main.o
    0x08003780   0x00000008   Code   RO         4610    i._ZN8std_msgs5UInt86getMD5Ev  main.o
    0x08003788   0x00000008   Code   RO         4604    i._ZN8std_msgs5UInt87getTypeEv  main.o
    0x08003790   0x00000008   Code   RO         4622    i._ZN8std_msgs6Header6getMD5Ev  main.o
    0x08003798   0x00000008   Code   RO         4616    i._ZN8std_msgs6Header7getTypeEv  main.o
    0x080037a0   0x00000124   Code   RO         4310    i._ZNK13geometry_msgs10Quaternion9serializeEPh  main.o
    0x080038c4   0x00000066   Code   RO         4322    i._ZNK13geometry_msgs18PoseWithCovariance9serializeEPh  main.o
    0x0800392a   0x00000066   Code   RO         4346    i._ZNK13geometry_msgs19TwistWithCovariance9serializeEPh  main.o
    0x08003990   0x0000001c   Code   RO         4389    i._ZNK13geometry_msgs4Pose9serializeEPh  main.o
    0x080039ac   0x000000d4   Code   RO         4298    i._ZNK13geometry_msgs5Point9serializeEPh  main.o
    0x08003a80   0x0000001c   Code   RO         4401    i._ZNK13geometry_msgs5Twist9serializeEPh  main.o
    0x08003a9c   0x000000d4   Code   RO         4334    i._ZNK13geometry_msgs7Vector39serializeEPh  main.o
    0x08003b70   0x000000d0   Code   RO         4652    i._ZNK14rosserial_msgs20RequestParamResponse9serializeEPh  main.o
    0x08003c40   0x00000024   Code   RO         4782    i._ZNK14rosserial_msgs3Log9serializeEPh  main.o
    0x08003c64   0x00000076   Code   RO         4628    i._ZNK14rosserial_msgs9TopicInfo9serializeEPh  main.o
    0x08003cda   0x00000046   Code   RO         4754    i._ZNK8nav_msgs8Odometry9serializeEPh  main.o
    0x08003d20   0x00000036   Code   RO         4568    i._ZNK8std_msgs4Time9serializeEPh  main.o
    0x08003d56   0x00000004   Code   RO         4586    i._ZNK8std_msgs5Empty9serializeEPh  main.o
    0x08003d5a   0x00000008   Code   RO         4592    i._ZNK8std_msgs5UInt89serializeEPh  main.o
    0x08003d62   0x0000006a   Code   RO         4286    i._ZNK8std_msgs6Header9serializeEPh  main.o
    0x08003dcc   0x00000028   Code   RO         5191    i._Znwj             cpprt_w.l(new.o)
    0x08003df4   0x0000005c   Code   RO         5312    i.__free$realloc    mc_w.l(mallocr.o)
    0x08003e50   0x00000050   Code   RO         5313    i.__malloc$realloc  mc_w.l(mallocr.o)
    0x08003ea0   0x0000000e   Code   RO         5462    i.__scatterload_copy  mc_w.l(handlers.o)
    0x08003eae   0x00000002   Code   RO         5463    i.__scatterload_null  mc_w.l(handlers.o)
    0x08003eb0   0x0000000e   Code   RO         5464    i.__scatterload_zeroinit  mc_w.l(handlers.o)
    0x08003ebe   0x00000002   PAD
    0x08003ec0   0x0000002c   Code   RO         4173    i.__sti___8_main_cpp_nh_  main.o
    0x08003eec   0x00000050   Code   RO         5314    i.internal_alloc    mc_w.l(mallocr.o)
    0x08003f3c   0x000001e4   Code   RO         4174    i.main              main.o
    0x08004120   0x0000006c   Code   RO         5315    i.realloc           mc_w.l(mallocr.o)
    0x0800418c   0x000000d4   Code   RO         4377    t._ZN10UartDriverI18UART_HandleTypeDefLi20ELi250ELi400EEC1EPS0_  main.o
    0x08004260   0x00000008   Code   RO         4544    t._ZN3ros10SubscriberIN8std_msgs5EmptyEE10getMsgTypeEv  main.o
    0x08004268   0x00000004   Code   RO         4562    t._ZN3ros10SubscriberIN8std_msgs5EmptyEE15getEndpointTypeEv  main.o
    0x0800426c   0x0000000a   Code   RO         4532    t._ZN3ros10SubscriberIN8std_msgs5EmptyEE8callbackEPh  main.o
    0x08004276   0x00000002   PAD
    0x08004278   0x00000008   Code   RO         4556    t._ZN3ros10SubscriberIN8std_msgs5EmptyEE9getMsgMD5Ev  main.o
    0x08004280   0x000000d0   Code   RO         4266    t._ZN3ros11NodeHandle_I13STMF7HardwareLi20ELi20ELi255ELi255EE15negotiateTopicsEv  main.o
    0x08004350   0x0000001e   Code   RO         4364    t._ZN3ros11NodeHandle_I13STMF7HardwareLi20ELi20ELi255ELi255EE15requestSyncTimeEv  main.o
    0x0800436e   0x00000002   PAD
    0x08004370   0x000000bc   Code   RO         4519    t._ZN3ros11NodeHandle_I13STMF7HardwareLi20ELi20ELi255ELi255EE7publishEiPKNS_3MsgE  main.o
    0x0800442c   0x00000294   Code   RO         4273    t._ZN3ros11NodeHandle_I13STMF7HardwareLi20ELi20ELi255ELi255EE8spinOnceEv  main.o
    0x080046c0   0x0000002a   Code   RO         4371    t._ZN3ros11NodeHandle_I13STMF7HardwareLi20ELi20ELi255ELi255EE9advertiseERNS_9PublisherE  main.o
    0x080046ea   0x00000002   PAD
    0x080046ec   0x0000007c   Code   RO         4383    t._ZN3ros11NodeHandle_I13STMF7HardwareLi20ELi20ELi255ELi255EEC1Ev  main.o
    0x08004768   0x0000005c   Code   RO         4425    t._ZN8RxBufferI18UART_HandleTypeDefLi400EE11ReceiveCpltEP19__DMA_HandleTypeDef  main.o
    0x080047c4   0x00000248   Code   RO         4419    t._ZN8TxBufferI18UART_HandleTypeDefLi20ELi250EE12TransmitCpltEP19__DMA_HandleTypeDef  main.o
    0x08004a0c   0x00000290   Code   RO         4280    t._ZN8TxBufferI18UART_HandleTypeDefLi20ELi250EE5writeEPhh  main.o
    0x08004c9c   0x00000010   Data   RO          574    .constdata          stm32f7xx_hal_rcc.o
    0x08004cac   0x00000008   Data   RO         1830    .constdata          stm32f7xx_hal_dma.o
    0x08004cb4   0x0000001c   Data   RO         4181    .constdata          main.o
    0x08004cd0   0x00000018   Data   RO         4452    .constdata__ZTVN13geometry_msgs10QuaternionE  main.o
    0x08004ce8   0x00000018   Data   RO         4456    .constdata__ZTVN13geometry_msgs18PoseWithCovarianceE  main.o
    0x08004d00   0x00000018   Data   RO         4462    .constdata__ZTVN13geometry_msgs19TwistWithCovarianceE  main.o
    0x08004d18   0x00000018   Data   RO         4454    .constdata__ZTVN13geometry_msgs4PoseE  main.o
    0x08004d30   0x00000018   Data   RO         4450    .constdata__ZTVN13geometry_msgs5PointE  main.o
    0x08004d48   0x00000018   Data   RO         4460    .constdata__ZTVN13geometry_msgs5TwistE  main.o
    0x08004d60   0x00000018   Data   RO         4458    .constdata__ZTVN13geometry_msgs7Vector3E  main.o
    0x08004d78   0x00000018   Data   RO         4442    .constdata__ZTVN14rosserial_msgs20RequestParamResponseE  main.o
    0x08004d90   0x00000018   Data   RO         4779    .constdata__ZTVN14rosserial_msgs3LogE  main.o
    0x08004da8   0x00000018   Data   RO         4440    .constdata__ZTVN14rosserial_msgs9TopicInfoE  main.o
    0x08004dc0   0x00000018   Data   RO         4468    .constdata__ZTVN3ros10SubscriberIN8std_msgs5EmptyEEE  main.o
    0x08004dd8   0x00000014   Data   RO         4466    .constdata__ZTVN3ros11NodeHandle_I13STMF7HardwareLi20ELi20ELi255ELi255EEE  main.o
    0x08004dec   0x00000018   Data   RO         4464    .constdata__ZTVN8nav_msgs8OdometryE  main.o
    0x08004e04   0x00000018   Data   RO         4438    .constdata__ZTVN8std_msgs4TimeE  main.o
    0x08004e1c   0x00000018   Data   RO         4444    .constdata__ZTVN8std_msgs5EmptyE  main.o
    0x08004e34   0x00000018   Data   RO         4446    .constdata__ZTVN8std_msgs5UInt8E  main.o
    0x08004e4c   0x00000018   Data   RO         4448    .constdata__ZTVN8std_msgs6HeaderE  main.o
    0x08004e64   0x00000021   Data   RO         4239    .constdata__ZZN13geometry_msgs10Quaternion6getMD5EvEs  main.o
    0x08004e85   0x00000019   Data   RO         4238    .constdata__ZZN13geometry_msgs10Quaternion7getTypeEvEs  main.o
    0x08004e9e   0x00000021   Data   RO         4243    .constdata__ZZN13geometry_msgs18PoseWithCovariance6getMD5EvEs  main.o
    0x08004ebf   0x00000021   Data   RO         4242    .constdata__ZZN13geometry_msgs18PoseWithCovariance7getTypeEvEs  main.o
    0x08004ee0   0x00000021   Data   RO         4249    .constdata__ZZN13geometry_msgs19TwistWithCovariance6getMD5EvEs  main.o
    0x08004f01   0x00000022   Data   RO         4248    .constdata__ZZN13geometry_msgs19TwistWithCovariance7getTypeEvEs  main.o
    0x08004f23   0x00000021   Data   RO         4241    .constdata__ZZN13geometry_msgs4Pose6getMD5EvEs  main.o
    0x08004f44   0x00000013   Data   RO         4240    .constdata__ZZN13geometry_msgs4Pose7getTypeEvEs  main.o
    0x08004f57   0x00000021   Data   RO         4237    .constdata__ZZN13geometry_msgs5Point6getMD5EvEs  main.o
    0x08004f78   0x00000014   Data   RO         4236    .constdata__ZZN13geometry_msgs5Point7getTypeEvEs  main.o
    0x08004f8c   0x00000021   Data   RO         4247    .constdata__ZZN13geometry_msgs5Twist6getMD5EvEs  main.o
    0x08004fad   0x00000014   Data   RO         4246    .constdata__ZZN13geometry_msgs5Twist7getTypeEvEs  main.o
    0x08004fc1   0x00000021   Data   RO         4245    .constdata__ZZN13geometry_msgs7Vector36getMD5EvEs  main.o
    0x08004fe2   0x00000016   Data   RO         4244    .constdata__ZZN13geometry_msgs7Vector37getTypeEvEs  main.o
    0x08004ff8   0x00000021   Data   RO         4228    .constdata__ZZN14rosserial_msgs20RequestParamResponse6getMD5EvEs  main.o
    0x08005019   0x00000021   Data   RO         4227    .constdata__ZZN14rosserial_msgs3Log6getMD5EvEs  main.o
    0x0800503a   0x00000013   Data   RO         4226    .constdata__ZZN14rosserial_msgs3Log7getTypeEvEs  main.o
    0x0800504d   0x00000021   Data   RO         4224    .constdata__ZZN14rosserial_msgs9TopicInfo6getMD5EvEs  main.o
    0x0800506e   0x00000019   Data   RO         4223    .constdata__ZZN14rosserial_msgs9TopicInfo7getTypeEvEs  main.o
    0x08005087   0x00000001   Data   RO         4222    .constdata__ZZN14rosserial_msgs9TopicInfoC1EvEs  main.o
    0x08005088   0x00000039   Data   RO         4253    .constdata__ZZN3ros11NodeHandle_I13STMF7HardwareLi20ELi20ELi255ELi255EE7publishEiPKNS_3MsgEEs  main.o
    0x080050c1   0x00000021   Data   RO         4252    .constdata__ZZN8nav_msgs8Odometry6getMD5EvEs  main.o
    0x080050e2   0x00000012   Data   RO         4251    .constdata__ZZN8nav_msgs8Odometry7getTypeEvEs  main.o
    0x080050f4   0x00000001   Data   RO         4250    .constdata__ZZN8nav_msgs8OdometryC1EvEs  main.o
    0x080050f5   0x00000021   Data   RO         4221    .constdata__ZZN8std_msgs4Time6getMD5EvEs  main.o
    0x08005116   0x0000000e   Data   RO         4220    .constdata__ZZN8std_msgs4Time7getTypeEvEs  main.o
    0x08005124   0x00000021   Data   RO         4230    .constdata__ZZN8std_msgs5Empty6getMD5EvEs  main.o
    0x08005145   0x0000000f   Data   RO         4229    .constdata__ZZN8std_msgs5Empty7getTypeEvEs  main.o
    0x08005154   0x00000021   Data   RO         4232    .constdata__ZZN8std_msgs5UInt86getMD5EvEs  main.o
    0x08005175   0x0000000f   Data   RO         4231    .constdata__ZZN8std_msgs5UInt87getTypeEvEs  main.o
    0x08005184   0x00000021   Data   RO         4235    .constdata__ZZN8std_msgs6Header6getMD5EvEs  main.o
    0x080051a5   0x00000010   Data   RO         4234    .constdata__ZZN8std_msgs6Header7getTypeEvEs  main.o
    0x080051b5   0x00000001   Data   RO         4233    .constdata__ZZN8std_msgs6HeaderC1EvEs  main.o
    0x080051b6   0x00000002   PAD
    0x080051b8   0x00000020   Data   RO         5460    Region$$Table       anon$$obj.o
    0x080051d8   0x00000004   Data   RO         4183    .init_array         main.o
    0x080051dc   0x00000000   Data   RO         5331    .init_array         mc_w.l(cpp_init.o)


    Execution Region RW_IRAM1 (Base: 0x20000000, Size: 0x00002438, Max: 0x00050000, ABSOLUTE)

    Base Addr    Size         Type   Attr      Idx    E Section Name        Object

    0x20000000   0x00000004   Data   RW         1948    .data               stm32f7xx_hal.o
    0x20000004   0x00000004   Data   RW         3689    .data               system_stm32f7xx.o
    0x20000008   0x00000024   Data   RW         4182    .data               main.o
    0x2000002c   0x00000004   Data   RW         5399    .data               mc_w.l(mvars.o)
    0x20000030   0x00000004   Data   RW         5400    .data               mc_w.l(mvars.o)
    0x20000034   0x0000000c   Data   RW         5403    .data               mc_w.l(cpp_memory.o)
    0x20000040   0x00000004   Data   RW         4469    .data__ZN8RxBufferI18UART_HandleTypeDefLi400EE9ring_buf_E  main.o
    0x20000044   0x00000001   Data   RW         4470    .data__ZN8RxBufferI18UART_HandleTypeDefLi400EE9rx_value_E  main.o
    0x20000045   0x00000001   Data   RW         4474    .data__ZN8TxBufferI18UART_HandleTypeDefLi20ELi250EE10idle_flag_E  main.o
    0x20000046   0x00000001   Data   RW         4473    .data__ZN8TxBufferI18UART_HandleTypeDefLi20ELi250EE17subscript_to_add_E  main.o
    0x20000047   0x00000001   Data   RW         4472    .data__ZN8TxBufferI18UART_HandleTypeDefLi20ELi250EE22subscript_in_progress_E  main.o
    0x20000048   0x00000190   Zero   RW         3738    .bss                usart.o
    0x200001d8   0x00000078   Zero   RW         3796    .bss                i2c.o
    0x20000250   0x000000d8   Zero   RW         3925    .bss                adc.o
    0x20000328   0x00000064   Zero   RW         3980    .bss                spi.o
    0x2000038c   0x000000f0   Zero   RW         4101    .bss                tim.o
    0x2000047c   0x00000004   PAD
    0x20000480   0x00000618   Zero   RW         4180    .bss                main.o
    0x20000a98   0x0000139c   Zero   RW         4471    .bss__ZN8TxBufferI18UART_HandleTypeDefLi20ELi250EE15tx_buffer_unit_E  main.o
    0x20001e34   0x00000004   PAD
    0x20001e38   0x00000400   Zero   RW         3721    HEAP                startup_stm32f746xx.o
    0x20002238   0x00000200   Zero   RW         3720    STACK               startup_stm32f746xx.o


==============================================================================

Image component sizes


      Code (inc. data)   RO Data    RW Data    ZI Data      Debug   Object Name

       332         54          0          0        216       2831   adc.o
        60          4          0          0          0        790   dma.o
         0          0          0          0          0       1232   duration.o
       380         30          0          0          0       1123   gpio.o
       240         44          0          0        120       2202   i2c.o
      6002        480       1286         44       6580     535780   main.o
       144         22          0          0        100       1637   spi.o
        36          8        456          0       1536        804   startup_stm32f746xx.o
       120         16          0          4          0       3774   stm32f7xx_hal.o
       752         28          0          0          0       2895   stm32f7xx_hal_adc.o
       226         12          0          0          0      36722   stm32f7xx_hal_cortex.o
       706         16          8          0          0       4599   stm32f7xx_hal_dma.o
       508         60          0          0          0       3784   stm32f7xx_hal_gpio.o
       172          6          0          0          0       1783   stm32f7xx_hal_i2c.o
       118          0          0          0          0       1203   stm32f7xx_hal_i2c_ex.o
        68          0          0          0          0        522   stm32f7xx_hal_msp.o
       108          8          0          0          0       1296   stm32f7xx_hal_pwr_ex.o
      1652         58         16          0          0       6012   stm32f7xx_hal_rcc.o
      1712         16          0          0          0     493292   stm32f7xx_hal_rcc_ex.o
       200          0          0          0          0       1311   stm32f7xx_hal_spi.o
      1362        116          0          0          0      13715   stm32f7xx_hal_tim.o
       658         38          0          0          0       4720   stm32f7xx_hal_tim_ex.o
      1582         76          0          0          0      12777   stm32f7xx_hal_uart.o
        80         12          0          0          0       2883   stm32f7xx_it.o
        84         16          0          4          0       1419   system_stm32f7xx.o
       656         78          0          0        240       5041   tim.o
        32          4          0          0          0        943   time.o
       336         46          0          0        400       2485   usart.o

    ----------------------------------------------------------------------
     18352       1248       1800         52       9200    1147575   Object Totals
         0          0         32          0          0          0   (incl. Generated)
        26          0          2          0          8          0   (incl. Padding)

    ----------------------------------------------------------------------

      Code (inc. data)   RO Data    RW Data    ZI Data      Debug   Library Member Name

        80         12          0          0          0        104   arm_exceptions_globs.o
        60          0          0          0          0        108   arm_exceptions_mem.o
        26          0          0          0          0         76   arm_exceptions_terminate.o
         4          0          0          0          0         68   arm_newhandler_noexceptions.o
        40          6          0          0          0         76   new.o
        32         10          0          0          0         80   cpp_init.o
        20          4          0         12          0        136   cpp_memory.o
         0          0          0          0          0          0   entry.o
         0          0          0          0          0          0   entry10a.o
         0          0          0          0          0          0   entry11a.o
         8          4          0          0          0          0   entry2.o
         4          0          0          0          0          0   entry5.o
         0          0          0          0          0          0   entry7b.o
         4          0          0          0          0          0   entry8a.o
         0          0          0          0          0          0   entry8b.o
         8          4          0          0          0          0   entry9a.o
        30          0          0          0          0          0   handlers.o
        36          8          0          0          0         68   init.o
       360         30          0          0          0        356   mallocr.o
        36          0          0          0          0         68   memcpya.o
        36          0          0          0          0        108   memseta.o
         0          0          0          8          0          0   mvars.o
        14          0          0          0          0         68   strlen.o

    ----------------------------------------------------------------------
       804         78          0         20          0       1316   Library Totals
         6          0          0          0          0          0   (incl. Padding)

    ----------------------------------------------------------------------

      Code (inc. data)   RO Data    RW Data    ZI Data      Debug   Library Name

       210         18          0          0          0        432   cpprt_w.l
       588         60          0         20          0        884   mc_w.l

    ----------------------------------------------------------------------
       804         78          0         20          0       1316   Library Totals

    ----------------------------------------------------------------------

==============================================================================


      Code (inc. data)   RO Data    RW Data    ZI Data      Debug   

     19156       1326       1800         72       9200    1131875   Grand Totals
     19156       1326       1800         72       9200    1131875   ELF Image Totals
     19156       1326       1800         72          0          0   ROM Totals

==============================================================================

    Total RO  Size (Code + RO Data)                20956 (  20.46kB)
    Total RW  Size (RW Data + ZI Data)              9272 (   9.05kB)
    Total ROM Size (Code + RO Data + RW Data)      21028 (  20.54kB)

==============================================================================

