<!doctype html public "-//w3c//dtd html 4.0 transitional//en">
<html><head>
<title>Static Call Graph - [jskugv\jskugv.axf]</title></head>
<body><HR>
<H1>Static Call Graph for image jskugv\jskugv.axf</H1><HR>
<BR><P>#&#060CALLGRAPH&#062# ARM Linker, 5060183: Last Updated: Thu May 19 12:32:12 2016
<BR><P>
<H3>Maximum Stack Usage =        280 bytes + Unknown(Cycles, Untraceable Function Pointers)</H3><H3>
Call chain for Maximum Stack Depth:</H3>
main &rArr; SystemClock_Config() &rArr; HAL_RCC_ClockConfig &rArr; HAL_InitTick &rArr; HAL_RCC_GetHCLKFreq &rArr; HAL_RCC_GetSysClockFreq
<P>
<H3>
Mutually Recursive functions
</H3> <LI><a href="#[a]">NMI_Handler</a>&nbsp;&nbsp;&nbsp;&rArr;&nbsp;&nbsp;&nbsp;<a href="#[a]">NMI_Handler</a><BR>
 <LI><a href="#[b]">HardFault_Handler</a>&nbsp;&nbsp;&nbsp;&rArr;&nbsp;&nbsp;&nbsp;<a href="#[b]">HardFault_Handler</a><BR>
 <LI><a href="#[c]">MemManage_Handler</a>&nbsp;&nbsp;&nbsp;&rArr;&nbsp;&nbsp;&nbsp;<a href="#[c]">MemManage_Handler</a><BR>
 <LI><a href="#[d]">BusFault_Handler</a>&nbsp;&nbsp;&nbsp;&rArr;&nbsp;&nbsp;&nbsp;<a href="#[d]">BusFault_Handler</a><BR>
 <LI><a href="#[e]">UsageFault_Handler</a>&nbsp;&nbsp;&nbsp;&rArr;&nbsp;&nbsp;&nbsp;<a href="#[e]">UsageFault_Handler</a><BR>
 <LI><a href="#[f]">SVC_Handler</a>&nbsp;&nbsp;&nbsp;&rArr;&nbsp;&nbsp;&nbsp;<a href="#[f]">SVC_Handler</a><BR>
 <LI><a href="#[10]">DebugMon_Handler</a>&nbsp;&nbsp;&nbsp;&rArr;&nbsp;&nbsp;&nbsp;<a href="#[10]">DebugMon_Handler</a><BR>
 <LI><a href="#[11]">PendSV_Handler</a>&nbsp;&nbsp;&nbsp;&rArr;&nbsp;&nbsp;&nbsp;<a href="#[11]">PendSV_Handler</a><BR>
 <LI><a href="#[25]">ADC_IRQHandler</a>&nbsp;&nbsp;&nbsp;&rArr;&nbsp;&nbsp;&nbsp;<a href="#[25]">ADC_IRQHandler</a><BR>
</UL>
<P>
<H3>
Function Pointers
</H3><UL>
 <LI><a href="#[25]">ADC_IRQHandler</a> from startup_stm32f746xx.o(.text) referenced from startup_stm32f746xx.o(RESET)
 <LI><a href="#[d]">BusFault_Handler</a> from startup_stm32f746xx.o(.text) referenced from startup_stm32f746xx.o(RESET)
 <LI><a href="#[27]">CAN1_RX0_IRQHandler</a> from startup_stm32f746xx.o(.text) referenced from startup_stm32f746xx.o(RESET)
 <LI><a href="#[28]">CAN1_RX1_IRQHandler</a> from startup_stm32f746xx.o(.text) referenced from startup_stm32f746xx.o(RESET)
 <LI><a href="#[29]">CAN1_SCE_IRQHandler</a> from startup_stm32f746xx.o(.text) referenced from startup_stm32f746xx.o(RESET)
 <LI><a href="#[26]">CAN1_TX_IRQHandler</a> from startup_stm32f746xx.o(.text) referenced from startup_stm32f746xx.o(RESET)
 <LI><a href="#[53]">CAN2_RX0_IRQHandler</a> from startup_stm32f746xx.o(.text) referenced from startup_stm32f746xx.o(RESET)
 <LI><a href="#[54]">CAN2_RX1_IRQHandler</a> from startup_stm32f746xx.o(.text) referenced from startup_stm32f746xx.o(RESET)
 <LI><a href="#[55]">CAN2_SCE_IRQHandler</a> from startup_stm32f746xx.o(.text) referenced from startup_stm32f746xx.o(RESET)
 <LI><a href="#[52]">CAN2_TX_IRQHandler</a> from startup_stm32f746xx.o(.text) referenced from startup_stm32f746xx.o(RESET)
 <LI><a href="#[70]">CEC_IRQHandler</a> from startup_stm32f746xx.o(.text) referenced from startup_stm32f746xx.o(RESET)
 <LI><a href="#[61]">DCMI_IRQHandler</a> from startup_stm32f746xx.o(.text) referenced from startup_stm32f746xx.o(RESET)
 <LI><a href="#[1e]">DMA1_Stream0_IRQHandler</a> from startup_stm32f746xx.o(.text) referenced from startup_stm32f746xx.o(RESET)
 <LI><a href="#[1f]">DMA1_Stream1_IRQHandler</a> from startup_stm32f746xx.o(.text) referenced from startup_stm32f746xx.o(RESET)
 <LI><a href="#[20]">DMA1_Stream2_IRQHandler</a> from startup_stm32f746xx.o(.text) referenced from startup_stm32f746xx.o(RESET)
 <LI><a href="#[21]">DMA1_Stream3_IRQHandler</a> from startup_stm32f746xx.o(.text) referenced from startup_stm32f746xx.o(RESET)
 <LI><a href="#[22]">DMA1_Stream4_IRQHandler</a> from startup_stm32f746xx.o(.text) referenced from startup_stm32f746xx.o(RESET)
 <LI><a href="#[23]">DMA1_Stream5_IRQHandler</a> from startup_stm32f746xx.o(.text) referenced from startup_stm32f746xx.o(RESET)
 <LI><a href="#[24]">DMA1_Stream6_IRQHandler</a> from startup_stm32f746xx.o(.text) referenced from startup_stm32f746xx.o(RESET)
 <LI><a href="#[42]">DMA1_Stream7_IRQHandler</a> from startup_stm32f746xx.o(.text) referenced from startup_stm32f746xx.o(RESET)
 <LI><a href="#[6c]">DMA2D_IRQHandler</a> from startup_stm32f746xx.o(.text) referenced from startup_stm32f746xx.o(RESET)
 <LI><a href="#[4b]">DMA2_Stream0_IRQHandler</a> from startup_stm32f746xx.o(.text) referenced from startup_stm32f746xx.o(RESET)
 <LI><a href="#[4c]">DMA2_Stream1_IRQHandler</a> from startup_stm32f746xx.o(.text) referenced from startup_stm32f746xx.o(RESET)
 <LI><a href="#[4d]">DMA2_Stream2_IRQHandler</a> from stm32f7xx_it.o(i.DMA2_Stream2_IRQHandler) referenced from startup_stm32f746xx.o(RESET)
 <LI><a href="#[4e]">DMA2_Stream3_IRQHandler</a> from startup_stm32f746xx.o(.text) referenced from startup_stm32f746xx.o(RESET)
 <LI><a href="#[4f]">DMA2_Stream4_IRQHandler</a> from startup_stm32f746xx.o(.text) referenced from startup_stm32f746xx.o(RESET)
 <LI><a href="#[57]">DMA2_Stream5_IRQHandler</a> from startup_stm32f746xx.o(.text) referenced from startup_stm32f746xx.o(RESET)
 <LI><a href="#[58]">DMA2_Stream6_IRQHandler</a> from startup_stm32f746xx.o(.text) referenced from startup_stm32f746xx.o(RESET)
 <LI><a href="#[59]">DMA2_Stream7_IRQHandler</a> from stm32f7xx_it.o(i.DMA2_Stream7_IRQHandler) referenced from startup_stm32f746xx.o(RESET)
 <LI><a href="#[10]">DebugMon_Handler</a> from startup_stm32f746xx.o(.text) referenced from startup_stm32f746xx.o(RESET)
 <LI><a href="#[50]">ETH_IRQHandler</a> from startup_stm32f746xx.o(.text) referenced from startup_stm32f746xx.o(RESET)
 <LI><a href="#[51]">ETH_WKUP_IRQHandler</a> from startup_stm32f746xx.o(.text) referenced from startup_stm32f746xx.o(RESET)
 <LI><a href="#[19]">EXTI0_IRQHandler</a> from stm32f7xx_it.o(i.EXTI0_IRQHandler) referenced from startup_stm32f746xx.o(RESET)
 <LI><a href="#[3b]">EXTI15_10_IRQHandler</a> from stm32f7xx_it.o(i.EXTI15_10_IRQHandler) referenced from startup_stm32f746xx.o(RESET)
 <LI><a href="#[1a]">EXTI1_IRQHandler</a> from stm32f7xx_it.o(i.EXTI1_IRQHandler) referenced from startup_stm32f746xx.o(RESET)
 <LI><a href="#[1b]">EXTI2_IRQHandler</a> from startup_stm32f746xx.o(.text) referenced from startup_stm32f746xx.o(RESET)
 <LI><a href="#[1c]">EXTI3_IRQHandler</a> from startup_stm32f746xx.o(.text) referenced from startup_stm32f746xx.o(RESET)
 <LI><a href="#[1d]">EXTI4_IRQHandler</a> from startup_stm32f746xx.o(.text) referenced from startup_stm32f746xx.o(RESET)
 <LI><a href="#[2a]">EXTI9_5_IRQHandler</a> from startup_stm32f746xx.o(.text) referenced from startup_stm32f746xx.o(RESET)
 <LI><a href="#[17]">FLASH_IRQHandler</a> from startup_stm32f746xx.o(.text) referenced from startup_stm32f746xx.o(RESET)
 <LI><a href="#[43]">FMC_IRQHandler</a> from startup_stm32f746xx.o(.text) referenced from startup_stm32f746xx.o(RESET)
 <LI><a href="#[63]">FPU_IRQHandler</a> from startup_stm32f746xx.o(.text) referenced from startup_stm32f746xx.o(RESET)
 <LI><a href="#[b]">HardFault_Handler</a> from startup_stm32f746xx.o(.text) referenced from startup_stm32f746xx.o(RESET)
 <LI><a href="#[33]">I2C1_ER_IRQHandler</a> from startup_stm32f746xx.o(.text) referenced from startup_stm32f746xx.o(RESET)
 <LI><a href="#[32]">I2C1_EV_IRQHandler</a> from startup_stm32f746xx.o(.text) referenced from startup_stm32f746xx.o(RESET)
 <LI><a href="#[35]">I2C2_ER_IRQHandler</a> from startup_stm32f746xx.o(.text) referenced from startup_stm32f746xx.o(RESET)
 <LI><a href="#[34]">I2C2_EV_IRQHandler</a> from startup_stm32f746xx.o(.text) referenced from startup_stm32f746xx.o(RESET)
 <LI><a href="#[5c]">I2C3_ER_IRQHandler</a> from startup_stm32f746xx.o(.text) referenced from startup_stm32f746xx.o(RESET)
 <LI><a href="#[5b]">I2C3_EV_IRQHandler</a> from startup_stm32f746xx.o(.text) referenced from startup_stm32f746xx.o(RESET)
 <LI><a href="#[72]">I2C4_ER_IRQHandler</a> from startup_stm32f746xx.o(.text) referenced from startup_stm32f746xx.o(RESET)
 <LI><a href="#[71]">I2C4_EV_IRQHandler</a> from startup_stm32f746xx.o(.text) referenced from startup_stm32f746xx.o(RESET)
 <LI><a href="#[6f]">LPTIM1_IRQHandler</a> from startup_stm32f746xx.o(.text) referenced from startup_stm32f746xx.o(RESET)
 <LI><a href="#[6b]">LTDC_ER_IRQHandler</a> from startup_stm32f746xx.o(.text) referenced from startup_stm32f746xx.o(RESET)
 <LI><a href="#[6a]">LTDC_IRQHandler</a> from startup_stm32f746xx.o(.text) referenced from startup_stm32f746xx.o(RESET)
 <LI><a href="#[c]">MemManage_Handler</a> from startup_stm32f746xx.o(.text) referenced from startup_stm32f746xx.o(RESET)
 <LI><a href="#[a]">NMI_Handler</a> from startup_stm32f746xx.o(.text) referenced from startup_stm32f746xx.o(RESET)
 <LI><a href="#[56]">OTG_FS_IRQHandler</a> from startup_stm32f746xx.o(.text) referenced from startup_stm32f746xx.o(RESET)
 <LI><a href="#[3d]">OTG_FS_WKUP_IRQHandler</a> from startup_stm32f746xx.o(.text) referenced from startup_stm32f746xx.o(RESET)
 <LI><a href="#[5e]">OTG_HS_EP1_IN_IRQHandler</a> from startup_stm32f746xx.o(.text) referenced from startup_stm32f746xx.o(RESET)
 <LI><a href="#[5d]">OTG_HS_EP1_OUT_IRQHandler</a> from startup_stm32f746xx.o(.text) referenced from startup_stm32f746xx.o(RESET)
 <LI><a href="#[60]">OTG_HS_IRQHandler</a> from startup_stm32f746xx.o(.text) referenced from startup_stm32f746xx.o(RESET)
 <LI><a href="#[5f]">OTG_HS_WKUP_IRQHandler</a> from startup_stm32f746xx.o(.text) referenced from startup_stm32f746xx.o(RESET)
 <LI><a href="#[14]">PVD_IRQHandler</a> from startup_stm32f746xx.o(.text) referenced from startup_stm32f746xx.o(RESET)
 <LI><a href="#[11]">PendSV_Handler</a> from startup_stm32f746xx.o(.text) referenced from startup_stm32f746xx.o(RESET)
 <LI><a href="#[6e]">QUADSPI_IRQHandler</a> from startup_stm32f746xx.o(.text) referenced from startup_stm32f746xx.o(RESET)
 <LI><a href="#[18]">RCC_IRQHandler</a> from startup_stm32f746xx.o(.text) referenced from startup_stm32f746xx.o(RESET)
 <LI><a href="#[62]">RNG_IRQHandler</a> from startup_stm32f746xx.o(.text) referenced from startup_stm32f746xx.o(RESET)
 <LI><a href="#[3c]">RTC_Alarm_IRQHandler</a> from startup_stm32f746xx.o(.text) referenced from startup_stm32f746xx.o(RESET)
 <LI><a href="#[16]">RTC_WKUP_IRQHandler</a> from startup_stm32f746xx.o(.text) referenced from startup_stm32f746xx.o(RESET)
 <LI><a href="#[9]">Reset_Handler</a> from startup_stm32f746xx.o(.text) referenced from startup_stm32f746xx.o(RESET)
 <LI><a href="#[69]">SAI1_IRQHandler</a> from startup_stm32f746xx.o(.text) referenced from startup_stm32f746xx.o(RESET)
 <LI><a href="#[6d]">SAI2_IRQHandler</a> from startup_stm32f746xx.o(.text) referenced from startup_stm32f746xx.o(RESET)
 <LI><a href="#[44]">SDMMC1_IRQHandler</a> from startup_stm32f746xx.o(.text) referenced from startup_stm32f746xx.o(RESET)
 <LI><a href="#[73]">SPDIF_RX_IRQHandler</a> from startup_stm32f746xx.o(.text) referenced from startup_stm32f746xx.o(RESET)
 <LI><a href="#[36]">SPI1_IRQHandler</a> from startup_stm32f746xx.o(.text) referenced from startup_stm32f746xx.o(RESET)
 <LI><a href="#[37]">SPI2_IRQHandler</a> from startup_stm32f746xx.o(.text) referenced from startup_stm32f746xx.o(RESET)
 <LI><a href="#[46]">SPI3_IRQHandler</a> from startup_stm32f746xx.o(.text) referenced from startup_stm32f746xx.o(RESET)
 <LI><a href="#[66]">SPI4_IRQHandler</a> from startup_stm32f746xx.o(.text) referenced from startup_stm32f746xx.o(RESET)
 <LI><a href="#[67]">SPI5_IRQHandler</a> from startup_stm32f746xx.o(.text) referenced from startup_stm32f746xx.o(RESET)
 <LI><a href="#[68]">SPI6_IRQHandler</a> from startup_stm32f746xx.o(.text) referenced from startup_stm32f746xx.o(RESET)
 <LI><a href="#[f]">SVC_Handler</a> from startup_stm32f746xx.o(.text) referenced from startup_stm32f746xx.o(RESET)
 <LI><a href="#[12]">SysTick_Handler</a> from stm32f7xx_it.o(i.SysTick_Handler) referenced from startup_stm32f746xx.o(RESET)
 <LI><a href="#[75]">SystemInit</a> from system_stm32f7xx.o(i.SystemInit) referenced from startup_stm32f746xx.o(.text)
 <LI><a href="#[15]">TAMP_STAMP_IRQHandler</a> from startup_stm32f746xx.o(.text) referenced from startup_stm32f746xx.o(RESET)
 <LI><a href="#[2b]">TIM1_BRK_TIM9_IRQHandler</a> from startup_stm32f746xx.o(.text) referenced from startup_stm32f746xx.o(RESET)
 <LI><a href="#[2e]">TIM1_CC_IRQHandler</a> from startup_stm32f746xx.o(.text) referenced from startup_stm32f746xx.o(RESET)
 <LI><a href="#[2d]">TIM1_TRG_COM_TIM11_IRQHandler</a> from startup_stm32f746xx.o(.text) referenced from startup_stm32f746xx.o(RESET)
 <LI><a href="#[2c]">TIM1_UP_TIM10_IRQHandler</a> from startup_stm32f746xx.o(.text) referenced from startup_stm32f746xx.o(RESET)
 <LI><a href="#[2f]">TIM2_IRQHandler</a> from startup_stm32f746xx.o(.text) referenced from startup_stm32f746xx.o(RESET)
 <LI><a href="#[30]">TIM3_IRQHandler</a> from startup_stm32f746xx.o(.text) referenced from startup_stm32f746xx.o(RESET)
 <LI><a href="#[31]">TIM4_IRQHandler</a> from startup_stm32f746xx.o(.text) referenced from startup_stm32f746xx.o(RESET)
 <LI><a href="#[45]">TIM5_IRQHandler</a> from startup_stm32f746xx.o(.text) referenced from startup_stm32f746xx.o(RESET)
 <LI><a href="#[49]">TIM6_DAC_IRQHandler</a> from startup_stm32f746xx.o(.text) referenced from startup_stm32f746xx.o(RESET)
 <LI><a href="#[4a]">TIM7_IRQHandler</a> from startup_stm32f746xx.o(.text) referenced from startup_stm32f746xx.o(RESET)
 <LI><a href="#[3e]">TIM8_BRK_TIM12_IRQHandler</a> from startup_stm32f746xx.o(.text) referenced from startup_stm32f746xx.o(RESET)
 <LI><a href="#[41]">TIM8_CC_IRQHandler</a> from startup_stm32f746xx.o(.text) referenced from startup_stm32f746xx.o(RESET)
 <LI><a href="#[40]">TIM8_TRG_COM_TIM14_IRQHandler</a> from startup_stm32f746xx.o(.text) referenced from startup_stm32f746xx.o(RESET)
 <LI><a href="#[3f]">TIM8_UP_TIM13_IRQHandler</a> from startup_stm32f746xx.o(.text) referenced from startup_stm32f746xx.o(RESET)
 <LI><a href="#[47]">UART4_IRQHandler</a> from startup_stm32f746xx.o(.text) referenced from startup_stm32f746xx.o(RESET)
 <LI><a href="#[48]">UART5_IRQHandler</a> from startup_stm32f746xx.o(.text) referenced from startup_stm32f746xx.o(RESET)
 <LI><a href="#[64]">UART7_IRQHandler</a> from startup_stm32f746xx.o(.text) referenced from startup_stm32f746xx.o(RESET)
 <LI><a href="#[65]">UART8_IRQHandler</a> from startup_stm32f746xx.o(.text) referenced from startup_stm32f746xx.o(RESET)
 <LI><a href="#[38]">USART1_IRQHandler</a> from startup_stm32f746xx.o(.text) referenced from startup_stm32f746xx.o(RESET)
 <LI><a href="#[39]">USART2_IRQHandler</a> from startup_stm32f746xx.o(.text) referenced from startup_stm32f746xx.o(RESET)
 <LI><a href="#[3a]">USART3_IRQHandler</a> from startup_stm32f746xx.o(.text) referenced from startup_stm32f746xx.o(RESET)
 <LI><a href="#[5a]">USART6_IRQHandler</a> from startup_stm32f746xx.o(.text) referenced from startup_stm32f746xx.o(RESET)
 <LI><a href="#[e]">UsageFault_Handler</a> from startup_stm32f746xx.o(.text) referenced from startup_stm32f746xx.o(RESET)
 <LI><a href="#[13]">WWDG_IRQHandler</a> from startup_stm32f746xx.o(.text) referenced from startup_stm32f746xx.o(RESET)
 <LI><a href="#[7a]">UART_DMAError(__DMA_HandleTypeDef*)</a> from stm32f7xx_hal_uart.o(i._Z13UART_DMAErrorP19__DMA_HandleTypeDef) referenced from stm32f7xx_hal_uart.o(i.HAL_UART_Receive_DMA)
 <LI><a href="#[7a]">UART_DMAError(__DMA_HandleTypeDef*)</a> from stm32f7xx_hal_uart.o(i._Z13UART_DMAErrorP19__DMA_HandleTypeDef) referenced from stm32f7xx_hal_uart.o(i.HAL_UART_Transmit_DMA)
 <LI><a href="#[79]">UART_DMARxHalfCplt(__DMA_HandleTypeDef*)</a> from stm32f7xx_hal_uart.o(i._Z18UART_DMARxHalfCpltP19__DMA_HandleTypeDef) referenced from stm32f7xx_hal_uart.o(i.HAL_UART_Receive_DMA)
 <LI><a href="#[7c]">UART_DMATxHalfCplt(__DMA_HandleTypeDef*)</a> from stm32f7xx_hal_uart.o(i._Z18UART_DMATxHalfCpltP19__DMA_HandleTypeDef) referenced from stm32f7xx_hal_uart.o(i.HAL_UART_Transmit_DMA)
 <LI><a href="#[78]">UART_DMAReceiveCplt(__DMA_HandleTypeDef*)</a> from stm32f7xx_hal_uart.o(i._Z19UART_DMAReceiveCpltP19__DMA_HandleTypeDef) referenced from stm32f7xx_hal_uart.o(i.HAL_UART_Receive_DMA)
 <LI><a href="#[7b]">UART_DMATransmitCplt(__DMA_HandleTypeDef*)</a> from stm32f7xx_hal_uart.o(i._Z20UART_DMATransmitCpltP19__DMA_HandleTypeDef) referenced from stm32f7xx_hal_uart.o(i.HAL_UART_Transmit_DMA)
 <LI><a href="#[7d]">__default_new_handler()</a> from arm_newhandler_noexceptions.o(.text) referenced from new.o(i._Znwj)
 <LI><a href="#[7e]">messageCb(const std_msgs::Empty&)</a> from main.o(i._Z9messageCbRKN8std_msgs5EmptyE) referenced from main.o(i.main)
 <LI><a href="#[83]">geometry_msgs::Quaternion::getMD5()</a> from main.o(i._ZN13geometry_msgs10Quaternion6getMD5Ev) referenced from main.o(.constdata__ZTVN13geometry_msgs10QuaternionE)
 <LI><a href="#[82]">geometry_msgs::Quaternion::getType()</a> from main.o(i._ZN13geometry_msgs10Quaternion7getTypeEv) referenced from main.o(.constdata__ZTVN13geometry_msgs10QuaternionE)
 <LI><a href="#[86]">geometry_msgs::PoseWithCovariance::getMD5()</a> from main.o(i._ZN13geometry_msgs18PoseWithCovariance6getMD5Ev) referenced from main.o(.constdata__ZTVN13geometry_msgs18PoseWithCovarianceE)
 <LI><a href="#[85]">geometry_msgs::PoseWithCovariance::getType()</a> from main.o(i._ZN13geometry_msgs18PoseWithCovariance7getTypeEv) referenced from main.o(.constdata__ZTVN13geometry_msgs18PoseWithCovarianceE)
 <LI><a href="#[89]">geometry_msgs::TwistWithCovariance::getMD5()</a> from main.o(i._ZN13geometry_msgs19TwistWithCovariance6getMD5Ev) referenced from main.o(.constdata__ZTVN13geometry_msgs19TwistWithCovarianceE)
 <LI><a href="#[88]">geometry_msgs::TwistWithCovariance::getType()</a> from main.o(i._ZN13geometry_msgs19TwistWithCovariance7getTypeEv) referenced from main.o(.constdata__ZTVN13geometry_msgs19TwistWithCovarianceE)
 <LI><a href="#[8c]">geometry_msgs::Pose::getMD5()</a> from main.o(i._ZN13geometry_msgs4Pose6getMD5Ev) referenced from main.o(.constdata__ZTVN13geometry_msgs4PoseE)
 <LI><a href="#[8b]">geometry_msgs::Pose::getType()</a> from main.o(i._ZN13geometry_msgs4Pose7getTypeEv) referenced from main.o(.constdata__ZTVN13geometry_msgs4PoseE)
 <LI><a href="#[8f]">geometry_msgs::Point::getMD5()</a> from main.o(i._ZN13geometry_msgs5Point6getMD5Ev) referenced from main.o(.constdata__ZTVN13geometry_msgs5PointE)
 <LI><a href="#[8e]">geometry_msgs::Point::getType()</a> from main.o(i._ZN13geometry_msgs5Point7getTypeEv) referenced from main.o(.constdata__ZTVN13geometry_msgs5PointE)
 <LI><a href="#[92]">geometry_msgs::Twist::getMD5()</a> from main.o(i._ZN13geometry_msgs5Twist6getMD5Ev) referenced from main.o(.constdata__ZTVN13geometry_msgs5TwistE)
 <LI><a href="#[91]">geometry_msgs::Twist::getType()</a> from main.o(i._ZN13geometry_msgs5Twist7getTypeEv) referenced from main.o(.constdata__ZTVN13geometry_msgs5TwistE)
 <LI><a href="#[95]">geometry_msgs::Vector3::getMD5()</a> from main.o(i._ZN13geometry_msgs7Vector36getMD5Ev) referenced from main.o(.constdata__ZTVN13geometry_msgs7Vector3E)
 <LI><a href="#[94]">geometry_msgs::Vector3::getType()</a> from main.o(i._ZN13geometry_msgs7Vector37getTypeEv) referenced from main.o(.constdata__ZTVN13geometry_msgs7Vector3E)
 <LI><a href="#[97]">rosserial_msgs::RequestParamResponse::deserialize(unsigned char*)</a> from main.o(i._ZN14rosserial_msgs20RequestParamResponse11deserializeEPh) referenced from main.o(.constdata__ZTVN14rosserial_msgs20RequestParamResponseE)
 <LI><a href="#[99]">rosserial_msgs::RequestParamResponse::getMD5()</a> from main.o(i._ZN14rosserial_msgs20RequestParamResponse6getMD5Ev) referenced from main.o(.constdata__ZTVN14rosserial_msgs20RequestParamResponseE)
 <LI><a href="#[98]">rosserial_msgs::RequestParamResponse::getType()</a> from main.o(i._ZN14rosserial_msgs20RequestParamResponse7getTypeEv) referenced from main.o(.constdata__ZTVN14rosserial_msgs20RequestParamResponseE)
 <LI><a href="#[9c]">rosserial_msgs::Log::getMD5()</a> from main.o(i._ZN14rosserial_msgs3Log6getMD5Ev) referenced from main.o(.constdata__ZTVN14rosserial_msgs3LogE)
 <LI><a href="#[9b]">rosserial_msgs::Log::getType()</a> from main.o(i._ZN14rosserial_msgs3Log7getTypeEv) referenced from main.o(.constdata__ZTVN14rosserial_msgs3LogE)
 <LI><a href="#[9f]">rosserial_msgs::TopicInfo::getMD5()</a> from main.o(i._ZN14rosserial_msgs9TopicInfo6getMD5Ev) referenced from main.o(.constdata__ZTVN14rosserial_msgs9TopicInfoE)
 <LI><a href="#[9e]">rosserial_msgs::TopicInfo::getType()</a> from main.o(i._ZN14rosserial_msgs9TopicInfo7getTypeEv) referenced from main.o(.constdata__ZTVN14rosserial_msgs9TopicInfoE)
 <LI><a href="#[77]">[local to arm_exceptions_c]::__default_terminate_handler()</a> from arm_exceptions_globs.o(.text) referenced from arm_exceptions_globs.o(.text)
 <LI><a href="#[a2]">ros::Subscriber&lang;std_msgs::Empty&rang;::getMsgType()</a> from main.o(t._ZN3ros10SubscriberIN8std_msgs5EmptyEE10getMsgTypeEv) referenced from main.o(.constdata__ZTVN3ros10SubscriberIN8std_msgs5EmptyEEE)
 <LI><a href="#[a1]">ros::Subscriber&lang;std_msgs::Empty&rang;::getEndpointType()</a> from main.o(t._ZN3ros10SubscriberIN8std_msgs5EmptyEE15getEndpointTypeEv) referenced from main.o(.constdata__ZTVN3ros10SubscriberIN8std_msgs5EmptyEEE)
 <LI><a href="#[a0]">ros::Subscriber&lang;std_msgs::Empty&rang;::callback(unsigned char*)</a> from main.o(t._ZN3ros10SubscriberIN8std_msgs5EmptyEE8callbackEPh) referenced from main.o(.constdata__ZTVN3ros10SubscriberIN8std_msgs5EmptyEEE)
 <LI><a href="#[a3]">ros::Subscriber&lang;std_msgs::Empty&rang;::getMsgMD5()</a> from main.o(t._ZN3ros10SubscriberIN8std_msgs5EmptyEE9getMsgMD5Ev) referenced from main.o(.constdata__ZTVN3ros10SubscriberIN8std_msgs5EmptyEEE)
 <LI><a href="#[a4]">ros::NodeHandle_&lang;STMF7Hardware, (int)20, (int)20, (int)255, (int)255&rang;::publish(int, const ros::Msg*)</a> from main.o(t._ZN3ros11NodeHandle_I13STMF7HardwareLi20ELi20ELi255ELi255EE7publishEiPKNS_3MsgE) referenced from main.o(.constdata__ZTVN3ros11NodeHandle_I13STMF7HardwareLi20ELi20ELi255ELi255EEE)
 <LI><a href="#[a5]">ros::NodeHandle_&lang;STMF7Hardware, (int)20, (int)20, (int)255, (int)255&rang;::spinOnce()</a> from main.o(t._ZN3ros11NodeHandle_I13STMF7HardwareLi20ELi20ELi255ELi255EE8spinOnceEv) referenced from main.o(.constdata__ZTVN3ros11NodeHandle_I13STMF7HardwareLi20ELi20ELi255ELi255EEE)
 <LI><a href="#[7f]">RxBuffer&lang;UART_HandleTypeDef, (int)400&rang;::ReceiveCplt(__DMA_HandleTypeDef*)</a> from main.o(t._ZN8RxBufferI18UART_HandleTypeDefLi400EE11ReceiveCpltEP19__DMA_HandleTypeDef) referenced from main.o(t._ZN10UartDriverI18UART_HandleTypeDefLi20ELi250ELi400EEC1EPS0_)
 <LI><a href="#[80]">TxBuffer&lang;UART_HandleTypeDef, (int)20, (int)250&rang;::TransmitCplt(__DMA_HandleTypeDef*)</a> from main.o(t._ZN8TxBufferI18UART_HandleTypeDefLi20ELi250EE12TransmitCpltEP19__DMA_HandleTypeDef) referenced from main.o(t._ZN10UartDriverI18UART_HandleTypeDefLi20ELi250ELi400EEC1EPS0_)
 <LI><a href="#[a8]">nav_msgs::Odometry::getMD5()</a> from main.o(i._ZN8nav_msgs8Odometry6getMD5Ev) referenced from main.o(.constdata__ZTVN8nav_msgs8OdometryE)
 <LI><a href="#[a7]">nav_msgs::Odometry::getType()</a> from main.o(i._ZN8nav_msgs8Odometry7getTypeEv) referenced from main.o(.constdata__ZTVN8nav_msgs8OdometryE)
 <LI><a href="#[aa]">std_msgs::Time::deserialize(unsigned char*)</a> from main.o(i._ZN8std_msgs4Time11deserializeEPh) referenced from main.o(.constdata__ZTVN8std_msgs4TimeE)
 <LI><a href="#[ac]">std_msgs::Time::getMD5()</a> from main.o(i._ZN8std_msgs4Time6getMD5Ev) referenced from main.o(.constdata__ZTVN8std_msgs4TimeE)
 <LI><a href="#[ab]">std_msgs::Time::getType()</a> from main.o(i._ZN8std_msgs4Time7getTypeEv) referenced from main.o(.constdata__ZTVN8std_msgs4TimeE)
 <LI><a href="#[af]">std_msgs::Empty::getMD5()</a> from main.o(i._ZN8std_msgs5Empty6getMD5Ev) referenced from main.o(.constdata__ZTVN8std_msgs5EmptyE)
 <LI><a href="#[ae]">std_msgs::Empty::getType()</a> from main.o(i._ZN8std_msgs5Empty7getTypeEv) referenced from main.o(.constdata__ZTVN8std_msgs5EmptyE)
 <LI><a href="#[b2]">std_msgs::UInt8::getMD5()</a> from main.o(i._ZN8std_msgs5UInt86getMD5Ev) referenced from main.o(.constdata__ZTVN8std_msgs5UInt8E)
 <LI><a href="#[b1]">std_msgs::UInt8::getType()</a> from main.o(i._ZN8std_msgs5UInt87getTypeEv) referenced from main.o(.constdata__ZTVN8std_msgs5UInt8E)
 <LI><a href="#[b5]">std_msgs::Header::getMD5()</a> from main.o(i._ZN8std_msgs6Header6getMD5Ev) referenced from main.o(.constdata__ZTVN8std_msgs6HeaderE)
 <LI><a href="#[b4]">std_msgs::Header::getType()</a> from main.o(i._ZN8std_msgs6Header7getTypeEv) referenced from main.o(.constdata__ZTVN8std_msgs6HeaderE)
 <LI><a href="#[81]">geometry_msgs::Quaternion::serialize(unsigned char*) const</a> from main.o(i._ZNK13geometry_msgs10Quaternion9serializeEPh) referenced from main.o(.constdata__ZTVN13geometry_msgs10QuaternionE)
 <LI><a href="#[84]">geometry_msgs::PoseWithCovariance::serialize(unsigned char*) const</a> from main.o(i._ZNK13geometry_msgs18PoseWithCovariance9serializeEPh) referenced from main.o(.constdata__ZTVN13geometry_msgs18PoseWithCovarianceE)
 <LI><a href="#[87]">geometry_msgs::TwistWithCovariance::serialize(unsigned char*) const</a> from main.o(i._ZNK13geometry_msgs19TwistWithCovariance9serializeEPh) referenced from main.o(.constdata__ZTVN13geometry_msgs19TwistWithCovarianceE)
 <LI><a href="#[8a]">geometry_msgs::Pose::serialize(unsigned char*) const</a> from main.o(i._ZNK13geometry_msgs4Pose9serializeEPh) referenced from main.o(.constdata__ZTVN13geometry_msgs4PoseE)
 <LI><a href="#[8d]">geometry_msgs::Point::serialize(unsigned char*) const</a> from main.o(i._ZNK13geometry_msgs5Point9serializeEPh) referenced from main.o(.constdata__ZTVN13geometry_msgs5PointE)
 <LI><a href="#[90]">geometry_msgs::Twist::serialize(unsigned char*) const</a> from main.o(i._ZNK13geometry_msgs5Twist9serializeEPh) referenced from main.o(.constdata__ZTVN13geometry_msgs5TwistE)
 <LI><a href="#[93]">geometry_msgs::Vector3::serialize(unsigned char*) const</a> from main.o(i._ZNK13geometry_msgs7Vector39serializeEPh) referenced from main.o(.constdata__ZTVN13geometry_msgs7Vector3E)
 <LI><a href="#[96]">rosserial_msgs::RequestParamResponse::serialize(unsigned char*) const</a> from main.o(i._ZNK14rosserial_msgs20RequestParamResponse9serializeEPh) referenced from main.o(.constdata__ZTVN14rosserial_msgs20RequestParamResponseE)
 <LI><a href="#[9a]">rosserial_msgs::Log::serialize(unsigned char*) const</a> from main.o(i._ZNK14rosserial_msgs3Log9serializeEPh) referenced from main.o(.constdata__ZTVN14rosserial_msgs3LogE)
 <LI><a href="#[9d]">rosserial_msgs::TopicInfo::serialize(unsigned char*) const</a> from main.o(i._ZNK14rosserial_msgs9TopicInfo9serializeEPh) referenced from main.o(.constdata__ZTVN14rosserial_msgs9TopicInfoE)
 <LI><a href="#[a6]">nav_msgs::Odometry::serialize(unsigned char*) const</a> from main.o(i._ZNK8nav_msgs8Odometry9serializeEPh) referenced from main.o(.constdata__ZTVN8nav_msgs8OdometryE)
 <LI><a href="#[a9]">std_msgs::Time::serialize(unsigned char*) const</a> from main.o(i._ZNK8std_msgs4Time9serializeEPh) referenced from main.o(.constdata__ZTVN8std_msgs4TimeE)
 <LI><a href="#[ad]">std_msgs::Empty::serialize(unsigned char*) const</a> from main.o(i._ZNK8std_msgs5Empty9serializeEPh) referenced from main.o(.constdata__ZTVN8std_msgs5EmptyE)
 <LI><a href="#[b0]">std_msgs::UInt8::serialize(unsigned char*) const</a> from main.o(i._ZNK8std_msgs5UInt89serializeEPh) referenced from main.o(.constdata__ZTVN8std_msgs5UInt8E)
 <LI><a href="#[b3]">std_msgs::Header::serialize(unsigned char*) const</a> from main.o(i._ZNK8std_msgs6Header9serializeEPh) referenced from main.o(.constdata__ZTVN8std_msgs6HeaderE)
 <LI><a href="#[76]">__main</a> from entry.o(.ARM.Collect$$$$00000000) referenced from startup_stm32f746xx.o(.text)
 <LI><a href="#[b6]">__sti___8_main_cpp_nh_</a> from main.o(i.__sti___8_main_cpp_nh_) referenced from main.o(.init_array)
 <LI><a href="#[74]">main</a> from main.o(i.main) referenced from entry9a.o(.ARM.Collect$$$$0000000B)
</UL>
<P>
<H3>
Global Symbols
</H3>
<P><STRONG><a name="[76]"></a>__main</STRONG> (Thumb, 0 bytes, Stack size unknown bytes, entry.o(.ARM.Collect$$$$00000000))
<BR>[Address Reference Count : 1]<UL><LI> startup_stm32f746xx.o(.text)
</UL>
<P><STRONG><a name="[133]"></a>_main_stk</STRONG> (Thumb, 0 bytes, Stack size unknown bytes, entry2.o(.ARM.Collect$$$$00000001))

<P><STRONG><a name="[b8]"></a>_main_scatterload</STRONG> (Thumb, 0 bytes, Stack size unknown bytes, entry5.o(.ARM.Collect$$$$00000004))
<BR><BR>[Calls]<UL><LI><a href="#[b9]">&gt;&gt;</a>&nbsp;&nbsp;&nbsp;__scatterload
</UL>

<P><STRONG><a name="[c3]"></a>__main_after_scatterload</STRONG> (Thumb, 0 bytes, Stack size unknown bytes, entry5.o(.ARM.Collect$$$$00000004))
<BR><BR>[Called By]<UL><LI><a href="#[b9]">&gt;&gt;</a>&nbsp;&nbsp;&nbsp;__scatterload
</UL>

<P><STRONG><a name="[134]"></a>_main_clock</STRONG> (Thumb, 0 bytes, Stack size unknown bytes, entry7b.o(.ARM.Collect$$$$00000008))

<P><STRONG><a name="[ba]"></a>_main_cpp_init$empty</STRONG> (Thumb, 0 bytes, Stack size unknown bytes, entry8a.o(.ARM.Collect$$$$00000009))
<BR><BR>[Stack]<UL><LI>Max Depth = 16 + Unknown Stack Size
<LI>Call Chain = _main_cpp_init$empty &rArr; __cpp_initialize__aeabi_
</UL>
<BR>[Calls]<UL><LI><a href="#[b7]">&gt;&gt;</a>&nbsp;&nbsp;&nbsp;__cpp_initialize__aeabi_
</UL>

<P><STRONG><a name="[135]"></a>_main_cpp_init</STRONG> (Thumb, 0 bytes, Stack size unknown bytes, entry8b.o(.ARM.Collect$$$$0000000A))

<P><STRONG><a name="[136]"></a>_main_init</STRONG> (Thumb, 0 bytes, Stack size unknown bytes, entry9a.o(.ARM.Collect$$$$0000000B))

<P><STRONG><a name="[137]"></a>__rt_final_cpp</STRONG> (Thumb, 0 bytes, Stack size unknown bytes, entry10a.o(.ARM.Collect$$$$0000000D))

<P><STRONG><a name="[138]"></a>__rt_final_exit</STRONG> (Thumb, 0 bytes, Stack size unknown bytes, entry11a.o(.ARM.Collect$$$$0000000F))

<P><STRONG><a name="[9]"></a>Reset_Handler</STRONG> (Thumb, 8 bytes, Stack size 0 bytes, startup_stm32f746xx.o(.text))
<BR>[Address Reference Count : 1]<UL><LI> startup_stm32f746xx.o(RESET)
</UL>
<P><STRONG><a name="[a]"></a>NMI_Handler</STRONG> (Thumb, 2 bytes, Stack size 0 bytes, startup_stm32f746xx.o(.text))
<BR><BR>[Calls]<UL><LI><a href="#[a]">&gt;&gt;</a>&nbsp;&nbsp;&nbsp;NMI_Handler
</UL>
<BR>[Called By]<UL><LI><a href="#[a]">&gt;&gt;</a>&nbsp;&nbsp;&nbsp;NMI_Handler
</UL>
<BR>[Address Reference Count : 1]<UL><LI> startup_stm32f746xx.o(RESET)
</UL>
<P><STRONG><a name="[b]"></a>HardFault_Handler</STRONG> (Thumb, 2 bytes, Stack size 0 bytes, startup_stm32f746xx.o(.text))
<BR><BR>[Calls]<UL><LI><a href="#[b]">&gt;&gt;</a>&nbsp;&nbsp;&nbsp;HardFault_Handler
</UL>
<BR>[Called By]<UL><LI><a href="#[b]">&gt;&gt;</a>&nbsp;&nbsp;&nbsp;HardFault_Handler
</UL>
<BR>[Address Reference Count : 1]<UL><LI> startup_stm32f746xx.o(RESET)
</UL>
<P><STRONG><a name="[c]"></a>MemManage_Handler</STRONG> (Thumb, 2 bytes, Stack size 0 bytes, startup_stm32f746xx.o(.text))
<BR><BR>[Calls]<UL><LI><a href="#[c]">&gt;&gt;</a>&nbsp;&nbsp;&nbsp;MemManage_Handler
</UL>
<BR>[Called By]<UL><LI><a href="#[c]">&gt;&gt;</a>&nbsp;&nbsp;&nbsp;MemManage_Handler
</UL>
<BR>[Address Reference Count : 1]<UL><LI> startup_stm32f746xx.o(RESET)
</UL>
<P><STRONG><a name="[d]"></a>BusFault_Handler</STRONG> (Thumb, 2 bytes, Stack size 0 bytes, startup_stm32f746xx.o(.text))
<BR><BR>[Calls]<UL><LI><a href="#[d]">&gt;&gt;</a>&nbsp;&nbsp;&nbsp;BusFault_Handler
</UL>
<BR>[Called By]<UL><LI><a href="#[d]">&gt;&gt;</a>&nbsp;&nbsp;&nbsp;BusFault_Handler
</UL>
<BR>[Address Reference Count : 1]<UL><LI> startup_stm32f746xx.o(RESET)
</UL>
<P><STRONG><a name="[e]"></a>UsageFault_Handler</STRONG> (Thumb, 2 bytes, Stack size 0 bytes, startup_stm32f746xx.o(.text))
<BR><BR>[Calls]<UL><LI><a href="#[e]">&gt;&gt;</a>&nbsp;&nbsp;&nbsp;UsageFault_Handler
</UL>
<BR>[Called By]<UL><LI><a href="#[e]">&gt;&gt;</a>&nbsp;&nbsp;&nbsp;UsageFault_Handler
</UL>
<BR>[Address Reference Count : 1]<UL><LI> startup_stm32f746xx.o(RESET)
</UL>
<P><STRONG><a name="[f]"></a>SVC_Handler</STRONG> (Thumb, 2 bytes, Stack size 0 bytes, startup_stm32f746xx.o(.text))
<BR><BR>[Calls]<UL><LI><a href="#[f]">&gt;&gt;</a>&nbsp;&nbsp;&nbsp;SVC_Handler
</UL>
<BR>[Called By]<UL><LI><a href="#[f]">&gt;&gt;</a>&nbsp;&nbsp;&nbsp;SVC_Handler
</UL>
<BR>[Address Reference Count : 1]<UL><LI> startup_stm32f746xx.o(RESET)
</UL>
<P><STRONG><a name="[10]"></a>DebugMon_Handler</STRONG> (Thumb, 2 bytes, Stack size 0 bytes, startup_stm32f746xx.o(.text))
<BR><BR>[Calls]<UL><LI><a href="#[10]">&gt;&gt;</a>&nbsp;&nbsp;&nbsp;DebugMon_Handler
</UL>
<BR>[Called By]<UL><LI><a href="#[10]">&gt;&gt;</a>&nbsp;&nbsp;&nbsp;DebugMon_Handler
</UL>
<BR>[Address Reference Count : 1]<UL><LI> startup_stm32f746xx.o(RESET)
</UL>
<P><STRONG><a name="[11]"></a>PendSV_Handler</STRONG> (Thumb, 2 bytes, Stack size 0 bytes, startup_stm32f746xx.o(.text))
<BR><BR>[Calls]<UL><LI><a href="#[11]">&gt;&gt;</a>&nbsp;&nbsp;&nbsp;PendSV_Handler
</UL>
<BR>[Called By]<UL><LI><a href="#[11]">&gt;&gt;</a>&nbsp;&nbsp;&nbsp;PendSV_Handler
</UL>
<BR>[Address Reference Count : 1]<UL><LI> startup_stm32f746xx.o(RESET)
</UL>
<P><STRONG><a name="[25]"></a>ADC_IRQHandler</STRONG> (Thumb, 0 bytes, Stack size 0 bytes, startup_stm32f746xx.o(.text))
<BR><BR>[Calls]<UL><LI><a href="#[25]">&gt;&gt;</a>&nbsp;&nbsp;&nbsp;ADC_IRQHandler
</UL>
<BR>[Called By]<UL><LI><a href="#[25]">&gt;&gt;</a>&nbsp;&nbsp;&nbsp;ADC_IRQHandler
</UL>
<BR>[Address Reference Count : 1]<UL><LI> startup_stm32f746xx.o(RESET)
</UL>
<P><STRONG><a name="[27]"></a>CAN1_RX0_IRQHandler</STRONG> (Thumb, 0 bytes, Stack size 0 bytes, startup_stm32f746xx.o(.text))
<BR>[Address Reference Count : 1]<UL><LI> startup_stm32f746xx.o(RESET)
</UL>
<P><STRONG><a name="[28]"></a>CAN1_RX1_IRQHandler</STRONG> (Thumb, 0 bytes, Stack size 0 bytes, startup_stm32f746xx.o(.text))
<BR>[Address Reference Count : 1]<UL><LI> startup_stm32f746xx.o(RESET)
</UL>
<P><STRONG><a name="[29]"></a>CAN1_SCE_IRQHandler</STRONG> (Thumb, 0 bytes, Stack size 0 bytes, startup_stm32f746xx.o(.text))
<BR>[Address Reference Count : 1]<UL><LI> startup_stm32f746xx.o(RESET)
</UL>
<P><STRONG><a name="[26]"></a>CAN1_TX_IRQHandler</STRONG> (Thumb, 0 bytes, Stack size 0 bytes, startup_stm32f746xx.o(.text))
<BR>[Address Reference Count : 1]<UL><LI> startup_stm32f746xx.o(RESET)
</UL>
<P><STRONG><a name="[53]"></a>CAN2_RX0_IRQHandler</STRONG> (Thumb, 0 bytes, Stack size 0 bytes, startup_stm32f746xx.o(.text))
<BR>[Address Reference Count : 1]<UL><LI> startup_stm32f746xx.o(RESET)
</UL>
<P><STRONG><a name="[54]"></a>CAN2_RX1_IRQHandler</STRONG> (Thumb, 0 bytes, Stack size 0 bytes, startup_stm32f746xx.o(.text))
<BR>[Address Reference Count : 1]<UL><LI> startup_stm32f746xx.o(RESET)
</UL>
<P><STRONG><a name="[55]"></a>CAN2_SCE_IRQHandler</STRONG> (Thumb, 0 bytes, Stack size 0 bytes, startup_stm32f746xx.o(.text))
<BR>[Address Reference Count : 1]<UL><LI> startup_stm32f746xx.o(RESET)
</UL>
<P><STRONG><a name="[52]"></a>CAN2_TX_IRQHandler</STRONG> (Thumb, 0 bytes, Stack size 0 bytes, startup_stm32f746xx.o(.text))
<BR>[Address Reference Count : 1]<UL><LI> startup_stm32f746xx.o(RESET)
</UL>
<P><STRONG><a name="[70]"></a>CEC_IRQHandler</STRONG> (Thumb, 0 bytes, Stack size 0 bytes, startup_stm32f746xx.o(.text))
<BR>[Address Reference Count : 1]<UL><LI> startup_stm32f746xx.o(RESET)
</UL>
<P><STRONG><a name="[61]"></a>DCMI_IRQHandler</STRONG> (Thumb, 0 bytes, Stack size 0 bytes, startup_stm32f746xx.o(.text))
<BR>[Address Reference Count : 1]<UL><LI> startup_stm32f746xx.o(RESET)
</UL>
<P><STRONG><a name="[1e]"></a>DMA1_Stream0_IRQHandler</STRONG> (Thumb, 0 bytes, Stack size 0 bytes, startup_stm32f746xx.o(.text))
<BR>[Address Reference Count : 1]<UL><LI> startup_stm32f746xx.o(RESET)
</UL>
<P><STRONG><a name="[1f]"></a>DMA1_Stream1_IRQHandler</STRONG> (Thumb, 0 bytes, Stack size 0 bytes, startup_stm32f746xx.o(.text))
<BR>[Address Reference Count : 1]<UL><LI> startup_stm32f746xx.o(RESET)
</UL>
<P><STRONG><a name="[20]"></a>DMA1_Stream2_IRQHandler</STRONG> (Thumb, 0 bytes, Stack size 0 bytes, startup_stm32f746xx.o(.text))
<BR>[Address Reference Count : 1]<UL><LI> startup_stm32f746xx.o(RESET)
</UL>
<P><STRONG><a name="[21]"></a>DMA1_Stream3_IRQHandler</STRONG> (Thumb, 0 bytes, Stack size 0 bytes, startup_stm32f746xx.o(.text))
<BR>[Address Reference Count : 1]<UL><LI> startup_stm32f746xx.o(RESET)
</UL>
<P><STRONG><a name="[22]"></a>DMA1_Stream4_IRQHandler</STRONG> (Thumb, 0 bytes, Stack size 0 bytes, startup_stm32f746xx.o(.text))
<BR>[Address Reference Count : 1]<UL><LI> startup_stm32f746xx.o(RESET)
</UL>
<P><STRONG><a name="[23]"></a>DMA1_Stream5_IRQHandler</STRONG> (Thumb, 0 bytes, Stack size 0 bytes, startup_stm32f746xx.o(.text))
<BR>[Address Reference Count : 1]<UL><LI> startup_stm32f746xx.o(RESET)
</UL>
<P><STRONG><a name="[24]"></a>DMA1_Stream6_IRQHandler</STRONG> (Thumb, 0 bytes, Stack size 0 bytes, startup_stm32f746xx.o(.text))
<BR>[Address Reference Count : 1]<UL><LI> startup_stm32f746xx.o(RESET)
</UL>
<P><STRONG><a name="[42]"></a>DMA1_Stream7_IRQHandler</STRONG> (Thumb, 0 bytes, Stack size 0 bytes, startup_stm32f746xx.o(.text))
<BR>[Address Reference Count : 1]<UL><LI> startup_stm32f746xx.o(RESET)
</UL>
<P><STRONG><a name="[6c]"></a>DMA2D_IRQHandler</STRONG> (Thumb, 0 bytes, Stack size 0 bytes, startup_stm32f746xx.o(.text))
<BR>[Address Reference Count : 1]<UL><LI> startup_stm32f746xx.o(RESET)
</UL>
<P><STRONG><a name="[4b]"></a>DMA2_Stream0_IRQHandler</STRONG> (Thumb, 0 bytes, Stack size 0 bytes, startup_stm32f746xx.o(.text))
<BR>[Address Reference Count : 1]<UL><LI> startup_stm32f746xx.o(RESET)
</UL>
<P><STRONG><a name="[4c]"></a>DMA2_Stream1_IRQHandler</STRONG> (Thumb, 0 bytes, Stack size 0 bytes, startup_stm32f746xx.o(.text))
<BR>[Address Reference Count : 1]<UL><LI> startup_stm32f746xx.o(RESET)
</UL>
<P><STRONG><a name="[4e]"></a>DMA2_Stream3_IRQHandler</STRONG> (Thumb, 0 bytes, Stack size 0 bytes, startup_stm32f746xx.o(.text))
<BR>[Address Reference Count : 1]<UL><LI> startup_stm32f746xx.o(RESET)
</UL>
<P><STRONG><a name="[4f]"></a>DMA2_Stream4_IRQHandler</STRONG> (Thumb, 0 bytes, Stack size 0 bytes, startup_stm32f746xx.o(.text))
<BR>[Address Reference Count : 1]<UL><LI> startup_stm32f746xx.o(RESET)
</UL>
<P><STRONG><a name="[57]"></a>DMA2_Stream5_IRQHandler</STRONG> (Thumb, 0 bytes, Stack size 0 bytes, startup_stm32f746xx.o(.text))
<BR>[Address Reference Count : 1]<UL><LI> startup_stm32f746xx.o(RESET)
</UL>
<P><STRONG><a name="[58]"></a>DMA2_Stream6_IRQHandler</STRONG> (Thumb, 0 bytes, Stack size 0 bytes, startup_stm32f746xx.o(.text))
<BR>[Address Reference Count : 1]<UL><LI> startup_stm32f746xx.o(RESET)
</UL>
<P><STRONG><a name="[50]"></a>ETH_IRQHandler</STRONG> (Thumb, 0 bytes, Stack size 0 bytes, startup_stm32f746xx.o(.text))
<BR>[Address Reference Count : 1]<UL><LI> startup_stm32f746xx.o(RESET)
</UL>
<P><STRONG><a name="[51]"></a>ETH_WKUP_IRQHandler</STRONG> (Thumb, 0 bytes, Stack size 0 bytes, startup_stm32f746xx.o(.text))
<BR>[Address Reference Count : 1]<UL><LI> startup_stm32f746xx.o(RESET)
</UL>
<P><STRONG><a name="[1b]"></a>EXTI2_IRQHandler</STRONG> (Thumb, 0 bytes, Stack size 0 bytes, startup_stm32f746xx.o(.text))
<BR>[Address Reference Count : 1]<UL><LI> startup_stm32f746xx.o(RESET)
</UL>
<P><STRONG><a name="[1c]"></a>EXTI3_IRQHandler</STRONG> (Thumb, 0 bytes, Stack size 0 bytes, startup_stm32f746xx.o(.text))
<BR>[Address Reference Count : 1]<UL><LI> startup_stm32f746xx.o(RESET)
</UL>
<P><STRONG><a name="[1d]"></a>EXTI4_IRQHandler</STRONG> (Thumb, 0 bytes, Stack size 0 bytes, startup_stm32f746xx.o(.text))
<BR>[Address Reference Count : 1]<UL><LI> startup_stm32f746xx.o(RESET)
</UL>
<P><STRONG><a name="[2a]"></a>EXTI9_5_IRQHandler</STRONG> (Thumb, 0 bytes, Stack size 0 bytes, startup_stm32f746xx.o(.text))
<BR>[Address Reference Count : 1]<UL><LI> startup_stm32f746xx.o(RESET)
</UL>
<P><STRONG><a name="[17]"></a>FLASH_IRQHandler</STRONG> (Thumb, 0 bytes, Stack size 0 bytes, startup_stm32f746xx.o(.text))
<BR>[Address Reference Count : 1]<UL><LI> startup_stm32f746xx.o(RESET)
</UL>
<P><STRONG><a name="[43]"></a>FMC_IRQHandler</STRONG> (Thumb, 0 bytes, Stack size 0 bytes, startup_stm32f746xx.o(.text))
<BR>[Address Reference Count : 1]<UL><LI> startup_stm32f746xx.o(RESET)
</UL>
<P><STRONG><a name="[63]"></a>FPU_IRQHandler</STRONG> (Thumb, 0 bytes, Stack size 0 bytes, startup_stm32f746xx.o(.text))
<BR>[Address Reference Count : 1]<UL><LI> startup_stm32f746xx.o(RESET)
</UL>
<P><STRONG><a name="[33]"></a>I2C1_ER_IRQHandler</STRONG> (Thumb, 0 bytes, Stack size 0 bytes, startup_stm32f746xx.o(.text))
<BR>[Address Reference Count : 1]<UL><LI> startup_stm32f746xx.o(RESET)
</UL>
<P><STRONG><a name="[32]"></a>I2C1_EV_IRQHandler</STRONG> (Thumb, 0 bytes, Stack size 0 bytes, startup_stm32f746xx.o(.text))
<BR>[Address Reference Count : 1]<UL><LI> startup_stm32f746xx.o(RESET)
</UL>
<P><STRONG><a name="[35]"></a>I2C2_ER_IRQHandler</STRONG> (Thumb, 0 bytes, Stack size 0 bytes, startup_stm32f746xx.o(.text))
<BR>[Address Reference Count : 1]<UL><LI> startup_stm32f746xx.o(RESET)
</UL>
<P><STRONG><a name="[34]"></a>I2C2_EV_IRQHandler</STRONG> (Thumb, 0 bytes, Stack size 0 bytes, startup_stm32f746xx.o(.text))
<BR>[Address Reference Count : 1]<UL><LI> startup_stm32f746xx.o(RESET)
</UL>
<P><STRONG><a name="[5c]"></a>I2C3_ER_IRQHandler</STRONG> (Thumb, 0 bytes, Stack size 0 bytes, startup_stm32f746xx.o(.text))
<BR>[Address Reference Count : 1]<UL><LI> startup_stm32f746xx.o(RESET)
</UL>
<P><STRONG><a name="[5b]"></a>I2C3_EV_IRQHandler</STRONG> (Thumb, 0 bytes, Stack size 0 bytes, startup_stm32f746xx.o(.text))
<BR>[Address Reference Count : 1]<UL><LI> startup_stm32f746xx.o(RESET)
</UL>
<P><STRONG><a name="[72]"></a>I2C4_ER_IRQHandler</STRONG> (Thumb, 0 bytes, Stack size 0 bytes, startup_stm32f746xx.o(.text))
<BR>[Address Reference Count : 1]<UL><LI> startup_stm32f746xx.o(RESET)
</UL>
<P><STRONG><a name="[71]"></a>I2C4_EV_IRQHandler</STRONG> (Thumb, 0 bytes, Stack size 0 bytes, startup_stm32f746xx.o(.text))
<BR>[Address Reference Count : 1]<UL><LI> startup_stm32f746xx.o(RESET)
</UL>
<P><STRONG><a name="[6f]"></a>LPTIM1_IRQHandler</STRONG> (Thumb, 0 bytes, Stack size 0 bytes, startup_stm32f746xx.o(.text))
<BR>[Address Reference Count : 1]<UL><LI> startup_stm32f746xx.o(RESET)
</UL>
<P><STRONG><a name="[6b]"></a>LTDC_ER_IRQHandler</STRONG> (Thumb, 0 bytes, Stack size 0 bytes, startup_stm32f746xx.o(.text))
<BR>[Address Reference Count : 1]<UL><LI> startup_stm32f746xx.o(RESET)
</UL>
<P><STRONG><a name="[6a]"></a>LTDC_IRQHandler</STRONG> (Thumb, 0 bytes, Stack size 0 bytes, startup_stm32f746xx.o(.text))
<BR>[Address Reference Count : 1]<UL><LI> startup_stm32f746xx.o(RESET)
</UL>
<P><STRONG><a name="[56]"></a>OTG_FS_IRQHandler</STRONG> (Thumb, 0 bytes, Stack size 0 bytes, startup_stm32f746xx.o(.text))
<BR>[Address Reference Count : 1]<UL><LI> startup_stm32f746xx.o(RESET)
</UL>
<P><STRONG><a name="[3d]"></a>OTG_FS_WKUP_IRQHandler</STRONG> (Thumb, 0 bytes, Stack size 0 bytes, startup_stm32f746xx.o(.text))
<BR>[Address Reference Count : 1]<UL><LI> startup_stm32f746xx.o(RESET)
</UL>
<P><STRONG><a name="[5e]"></a>OTG_HS_EP1_IN_IRQHandler</STRONG> (Thumb, 0 bytes, Stack size 0 bytes, startup_stm32f746xx.o(.text))
<BR>[Address Reference Count : 1]<UL><LI> startup_stm32f746xx.o(RESET)
</UL>
<P><STRONG><a name="[5d]"></a>OTG_HS_EP1_OUT_IRQHandler</STRONG> (Thumb, 0 bytes, Stack size 0 bytes, startup_stm32f746xx.o(.text))
<BR>[Address Reference Count : 1]<UL><LI> startup_stm32f746xx.o(RESET)
</UL>
<P><STRONG><a name="[60]"></a>OTG_HS_IRQHandler</STRONG> (Thumb, 0 bytes, Stack size 0 bytes, startup_stm32f746xx.o(.text))
<BR>[Address Reference Count : 1]<UL><LI> startup_stm32f746xx.o(RESET)
</UL>
<P><STRONG><a name="[5f]"></a>OTG_HS_WKUP_IRQHandler</STRONG> (Thumb, 0 bytes, Stack size 0 bytes, startup_stm32f746xx.o(.text))
<BR>[Address Reference Count : 1]<UL><LI> startup_stm32f746xx.o(RESET)
</UL>
<P><STRONG><a name="[14]"></a>PVD_IRQHandler</STRONG> (Thumb, 0 bytes, Stack size 0 bytes, startup_stm32f746xx.o(.text))
<BR>[Address Reference Count : 1]<UL><LI> startup_stm32f746xx.o(RESET)
</UL>
<P><STRONG><a name="[6e]"></a>QUADSPI_IRQHandler</STRONG> (Thumb, 0 bytes, Stack size 0 bytes, startup_stm32f746xx.o(.text))
<BR>[Address Reference Count : 1]<UL><LI> startup_stm32f746xx.o(RESET)
</UL>
<P><STRONG><a name="[18]"></a>RCC_IRQHandler</STRONG> (Thumb, 0 bytes, Stack size 0 bytes, startup_stm32f746xx.o(.text))
<BR>[Address Reference Count : 1]<UL><LI> startup_stm32f746xx.o(RESET)
</UL>
<P><STRONG><a name="[62]"></a>RNG_IRQHandler</STRONG> (Thumb, 0 bytes, Stack size 0 bytes, startup_stm32f746xx.o(.text))
<BR>[Address Reference Count : 1]<UL><LI> startup_stm32f746xx.o(RESET)
</UL>
<P><STRONG><a name="[3c]"></a>RTC_Alarm_IRQHandler</STRONG> (Thumb, 0 bytes, Stack size 0 bytes, startup_stm32f746xx.o(.text))
<BR>[Address Reference Count : 1]<UL><LI> startup_stm32f746xx.o(RESET)
</UL>
<P><STRONG><a name="[16]"></a>RTC_WKUP_IRQHandler</STRONG> (Thumb, 0 bytes, Stack size 0 bytes, startup_stm32f746xx.o(.text))
<BR>[Address Reference Count : 1]<UL><LI> startup_stm32f746xx.o(RESET)
</UL>
<P><STRONG><a name="[69]"></a>SAI1_IRQHandler</STRONG> (Thumb, 0 bytes, Stack size 0 bytes, startup_stm32f746xx.o(.text))
<BR>[Address Reference Count : 1]<UL><LI> startup_stm32f746xx.o(RESET)
</UL>
<P><STRONG><a name="[6d]"></a>SAI2_IRQHandler</STRONG> (Thumb, 0 bytes, Stack size 0 bytes, startup_stm32f746xx.o(.text))
<BR>[Address Reference Count : 1]<UL><LI> startup_stm32f746xx.o(RESET)
</UL>
<P><STRONG><a name="[44]"></a>SDMMC1_IRQHandler</STRONG> (Thumb, 0 bytes, Stack size 0 bytes, startup_stm32f746xx.o(.text))
<BR>[Address Reference Count : 1]<UL><LI> startup_stm32f746xx.o(RESET)
</UL>
<P><STRONG><a name="[73]"></a>SPDIF_RX_IRQHandler</STRONG> (Thumb, 0 bytes, Stack size 0 bytes, startup_stm32f746xx.o(.text))
<BR>[Address Reference Count : 1]<UL><LI> startup_stm32f746xx.o(RESET)
</UL>
<P><STRONG><a name="[36]"></a>SPI1_IRQHandler</STRONG> (Thumb, 0 bytes, Stack size 0 bytes, startup_stm32f746xx.o(.text))
<BR>[Address Reference Count : 1]<UL><LI> startup_stm32f746xx.o(RESET)
</UL>
<P><STRONG><a name="[37]"></a>SPI2_IRQHandler</STRONG> (Thumb, 0 bytes, Stack size 0 bytes, startup_stm32f746xx.o(.text))
<BR>[Address Reference Count : 1]<UL><LI> startup_stm32f746xx.o(RESET)
</UL>
<P><STRONG><a name="[46]"></a>SPI3_IRQHandler</STRONG> (Thumb, 0 bytes, Stack size 0 bytes, startup_stm32f746xx.o(.text))
<BR>[Address Reference Count : 1]<UL><LI> startup_stm32f746xx.o(RESET)
</UL>
<P><STRONG><a name="[66]"></a>SPI4_IRQHandler</STRONG> (Thumb, 0 bytes, Stack size 0 bytes, startup_stm32f746xx.o(.text))
<BR>[Address Reference Count : 1]<UL><LI> startup_stm32f746xx.o(RESET)
</UL>
<P><STRONG><a name="[67]"></a>SPI5_IRQHandler</STRONG> (Thumb, 0 bytes, Stack size 0 bytes, startup_stm32f746xx.o(.text))
<BR>[Address Reference Count : 1]<UL><LI> startup_stm32f746xx.o(RESET)
</UL>
<P><STRONG><a name="[68]"></a>SPI6_IRQHandler</STRONG> (Thumb, 0 bytes, Stack size 0 bytes, startup_stm32f746xx.o(.text))
<BR>[Address Reference Count : 1]<UL><LI> startup_stm32f746xx.o(RESET)
</UL>
<P><STRONG><a name="[15]"></a>TAMP_STAMP_IRQHandler</STRONG> (Thumb, 0 bytes, Stack size 0 bytes, startup_stm32f746xx.o(.text))
<BR>[Address Reference Count : 1]<UL><LI> startup_stm32f746xx.o(RESET)
</UL>
<P><STRONG><a name="[2b]"></a>TIM1_BRK_TIM9_IRQHandler</STRONG> (Thumb, 0 bytes, Stack size 0 bytes, startup_stm32f746xx.o(.text))
<BR>[Address Reference Count : 1]<UL><LI> startup_stm32f746xx.o(RESET)
</UL>
<P><STRONG><a name="[2e]"></a>TIM1_CC_IRQHandler</STRONG> (Thumb, 0 bytes, Stack size 0 bytes, startup_stm32f746xx.o(.text))
<BR>[Address Reference Count : 1]<UL><LI> startup_stm32f746xx.o(RESET)
</UL>
<P><STRONG><a name="[2d]"></a>TIM1_TRG_COM_TIM11_IRQHandler</STRONG> (Thumb, 0 bytes, Stack size 0 bytes, startup_stm32f746xx.o(.text))
<BR>[Address Reference Count : 1]<UL><LI> startup_stm32f746xx.o(RESET)
</UL>
<P><STRONG><a name="[2c]"></a>TIM1_UP_TIM10_IRQHandler</STRONG> (Thumb, 0 bytes, Stack size 0 bytes, startup_stm32f746xx.o(.text))
<BR>[Address Reference Count : 1]<UL><LI> startup_stm32f746xx.o(RESET)
</UL>
<P><STRONG><a name="[2f]"></a>TIM2_IRQHandler</STRONG> (Thumb, 0 bytes, Stack size 0 bytes, startup_stm32f746xx.o(.text))
<BR>[Address Reference Count : 1]<UL><LI> startup_stm32f746xx.o(RESET)
</UL>
<P><STRONG><a name="[30]"></a>TIM3_IRQHandler</STRONG> (Thumb, 0 bytes, Stack size 0 bytes, startup_stm32f746xx.o(.text))
<BR>[Address Reference Count : 1]<UL><LI> startup_stm32f746xx.o(RESET)
</UL>
<P><STRONG><a name="[31]"></a>TIM4_IRQHandler</STRONG> (Thumb, 0 bytes, Stack size 0 bytes, startup_stm32f746xx.o(.text))
<BR>[Address Reference Count : 1]<UL><LI> startup_stm32f746xx.o(RESET)
</UL>
<P><STRONG><a name="[45]"></a>TIM5_IRQHandler</STRONG> (Thumb, 0 bytes, Stack size 0 bytes, startup_stm32f746xx.o(.text))
<BR>[Address Reference Count : 1]<UL><LI> startup_stm32f746xx.o(RESET)
</UL>
<P><STRONG><a name="[49]"></a>TIM6_DAC_IRQHandler</STRONG> (Thumb, 0 bytes, Stack size 0 bytes, startup_stm32f746xx.o(.text))
<BR>[Address Reference Count : 1]<UL><LI> startup_stm32f746xx.o(RESET)
</UL>
<P><STRONG><a name="[4a]"></a>TIM7_IRQHandler</STRONG> (Thumb, 0 bytes, Stack size 0 bytes, startup_stm32f746xx.o(.text))
<BR>[Address Reference Count : 1]<UL><LI> startup_stm32f746xx.o(RESET)
</UL>
<P><STRONG><a name="[3e]"></a>TIM8_BRK_TIM12_IRQHandler</STRONG> (Thumb, 0 bytes, Stack size 0 bytes, startup_stm32f746xx.o(.text))
<BR>[Address Reference Count : 1]<UL><LI> startup_stm32f746xx.o(RESET)
</UL>
<P><STRONG><a name="[41]"></a>TIM8_CC_IRQHandler</STRONG> (Thumb, 0 bytes, Stack size 0 bytes, startup_stm32f746xx.o(.text))
<BR>[Address Reference Count : 1]<UL><LI> startup_stm32f746xx.o(RESET)
</UL>
<P><STRONG><a name="[40]"></a>TIM8_TRG_COM_TIM14_IRQHandler</STRONG> (Thumb, 0 bytes, Stack size 0 bytes, startup_stm32f746xx.o(.text))
<BR>[Address Reference Count : 1]<UL><LI> startup_stm32f746xx.o(RESET)
</UL>
<P><STRONG><a name="[3f]"></a>TIM8_UP_TIM13_IRQHandler</STRONG> (Thumb, 0 bytes, Stack size 0 bytes, startup_stm32f746xx.o(.text))
<BR>[Address Reference Count : 1]<UL><LI> startup_stm32f746xx.o(RESET)
</UL>
<P><STRONG><a name="[47]"></a>UART4_IRQHandler</STRONG> (Thumb, 0 bytes, Stack size 0 bytes, startup_stm32f746xx.o(.text))
<BR>[Address Reference Count : 1]<UL><LI> startup_stm32f746xx.o(RESET)
</UL>
<P><STRONG><a name="[48]"></a>UART5_IRQHandler</STRONG> (Thumb, 0 bytes, Stack size 0 bytes, startup_stm32f746xx.o(.text))
<BR>[Address Reference Count : 1]<UL><LI> startup_stm32f746xx.o(RESET)
</UL>
<P><STRONG><a name="[64]"></a>UART7_IRQHandler</STRONG> (Thumb, 0 bytes, Stack size 0 bytes, startup_stm32f746xx.o(.text))
<BR>[Address Reference Count : 1]<UL><LI> startup_stm32f746xx.o(RESET)
</UL>
<P><STRONG><a name="[65]"></a>UART8_IRQHandler</STRONG> (Thumb, 0 bytes, Stack size 0 bytes, startup_stm32f746xx.o(.text))
<BR>[Address Reference Count : 1]<UL><LI> startup_stm32f746xx.o(RESET)
</UL>
<P><STRONG><a name="[38]"></a>USART1_IRQHandler</STRONG> (Thumb, 0 bytes, Stack size 0 bytes, startup_stm32f746xx.o(.text))
<BR>[Address Reference Count : 1]<UL><LI> startup_stm32f746xx.o(RESET)
</UL>
<P><STRONG><a name="[39]"></a>USART2_IRQHandler</STRONG> (Thumb, 0 bytes, Stack size 0 bytes, startup_stm32f746xx.o(.text))
<BR>[Address Reference Count : 1]<UL><LI> startup_stm32f746xx.o(RESET)
</UL>
<P><STRONG><a name="[3a]"></a>USART3_IRQHandler</STRONG> (Thumb, 0 bytes, Stack size 0 bytes, startup_stm32f746xx.o(.text))
<BR>[Address Reference Count : 1]<UL><LI> startup_stm32f746xx.o(RESET)
</UL>
<P><STRONG><a name="[5a]"></a>USART6_IRQHandler</STRONG> (Thumb, 0 bytes, Stack size 0 bytes, startup_stm32f746xx.o(.text))
<BR>[Address Reference Count : 1]<UL><LI> startup_stm32f746xx.o(RESET)
</UL>
<P><STRONG><a name="[13]"></a>WWDG_IRQHandler</STRONG> (Thumb, 0 bytes, Stack size 0 bytes, startup_stm32f746xx.o(.text))
<BR>[Address Reference Count : 1]<UL><LI> startup_stm32f746xx.o(RESET)
</UL>
<P><STRONG><a name="[126]"></a>__aeabi_memcpy</STRONG> (Thumb, 36 bytes, Stack size 0 bytes, memcpya.o(.text))
<BR><BR>[Called By]<UL><LI><a href="#[130]">&gt;&gt;</a>&nbsp;&nbsp;&nbsp;TxBuffer&lang;UART_HandleTypeDef, (int)20, (int)250&rang;::write(unsigned char*, unsigned char)
<LI><a href="#[b3]">&gt;&gt;</a>&nbsp;&nbsp;&nbsp;std_msgs::Header::serialize(unsigned char*) const
<LI><a href="#[a6]">&gt;&gt;</a>&nbsp;&nbsp;&nbsp;nav_msgs::Odometry::serialize(unsigned char*) const
<LI><a href="#[9d]">&gt;&gt;</a>&nbsp;&nbsp;&nbsp;rosserial_msgs::TopicInfo::serialize(unsigned char*) const
<LI><a href="#[9a]">&gt;&gt;</a>&nbsp;&nbsp;&nbsp;rosserial_msgs::Log::serialize(unsigned char*) const
<LI><a href="#[96]">&gt;&gt;</a>&nbsp;&nbsp;&nbsp;rosserial_msgs::RequestParamResponse::serialize(unsigned char*) const
<LI><a href="#[129]">&gt;&gt;</a>&nbsp;&nbsp;&nbsp;internal_alloc
</UL>

<P><STRONG><a name="[139]"></a>__aeabi_memcpy4</STRONG> (Thumb, 0 bytes, Stack size 0 bytes, memcpya.o(.text), UNUSED)

<P><STRONG><a name="[13a]"></a>__aeabi_memcpy8</STRONG> (Thumb, 0 bytes, Stack size 0 bytes, memcpya.o(.text), UNUSED)

<P><STRONG><a name="[bc]"></a>__aeabi_memset</STRONG> (Thumb, 14 bytes, Stack size 0 bytes, memseta.o(.text), UNUSED)
<BR><BR>[Called By]<UL><LI><a href="#[bd]">&gt;&gt;</a>&nbsp;&nbsp;&nbsp;_memset$wrapper
<LI><a href="#[bb]">&gt;&gt;</a>&nbsp;&nbsp;&nbsp;__aeabi_memclr
</UL>

<P><STRONG><a name="[13b]"></a>__aeabi_memset4</STRONG> (Thumb, 0 bytes, Stack size 0 bytes, memseta.o(.text), UNUSED)

<P><STRONG><a name="[13c]"></a>__aeabi_memset8</STRONG> (Thumb, 0 bytes, Stack size 0 bytes, memseta.o(.text), UNUSED)

<P><STRONG><a name="[bb]"></a>__aeabi_memclr</STRONG> (Thumb, 4 bytes, Stack size 0 bytes, memseta.o(.text), UNUSED)
<BR><BR>[Calls]<UL><LI><a href="#[bc]">&gt;&gt;</a>&nbsp;&nbsp;&nbsp;__aeabi_memset
</UL>

<P><STRONG><a name="[123]"></a>__aeabi_memclr4</STRONG> (Thumb, 0 bytes, Stack size 0 bytes, memseta.o(.text))
<BR><BR>[Called By]<UL><LI><a href="#[122]">&gt;&gt;</a>&nbsp;&nbsp;&nbsp;nav_msgs::Odometry::Odometry()
</UL>

<P><STRONG><a name="[13d]"></a>__aeabi_memclr8</STRONG> (Thumb, 0 bytes, Stack size 0 bytes, memseta.o(.text), UNUSED)

<P><STRONG><a name="[bd]"></a>_memset$wrapper</STRONG> (Thumb, 18 bytes, Stack size 8 bytes, memseta.o(.text), UNUSED)
<BR><BR>[Calls]<UL><LI><a href="#[bc]">&gt;&gt;</a>&nbsp;&nbsp;&nbsp;__aeabi_memset
</UL>

<P><STRONG><a name="[125]"></a>strlen</STRONG> (Thumb, 14 bytes, Stack size 0 bytes, strlen.o(.text))
<BR><BR>[Called By]<UL><LI><a href="#[b3]">&gt;&gt;</a>&nbsp;&nbsp;&nbsp;std_msgs::Header::serialize(unsigned char*) const
<LI><a href="#[a6]">&gt;&gt;</a>&nbsp;&nbsp;&nbsp;nav_msgs::Odometry::serialize(unsigned char*) const
<LI><a href="#[9d]">&gt;&gt;</a>&nbsp;&nbsp;&nbsp;rosserial_msgs::TopicInfo::serialize(unsigned char*) const
<LI><a href="#[9a]">&gt;&gt;</a>&nbsp;&nbsp;&nbsp;rosserial_msgs::Log::serialize(unsigned char*) const
<LI><a href="#[96]">&gt;&gt;</a>&nbsp;&nbsp;&nbsp;rosserial_msgs::RequestParamResponse::serialize(unsigned char*) const
</UL>

<P><STRONG><a name="[b7]"></a>__cpp_initialize__aeabi_</STRONG> (Thumb, 22 bytes, Stack size 16 bytes, cpp_init.o(.text))
<BR><BR>[Stack]<UL><LI>Max Depth = 16<LI>Call Chain = __cpp_initialize__aeabi_
</UL>
<BR>[Called By]<UL><LI><a href="#[ba]">&gt;&gt;</a>&nbsp;&nbsp;&nbsp;_main_cpp_init$empty
</UL>

<P><STRONG><a name="[7d]"></a>__default_new_handler()</STRONG> (Thumb, 4 bytes, Stack size 0 bytes, arm_newhandler_noexceptions.o(.text))
<BR><BR>[Stack]<UL><LI>Max Depth = 88<LI>Call Chain = __default_new_handler() &rArr; std::terminate() &rArr; __cxa_get_globals &rArr; __ARM_exceptions_buffer_init &rArr; malloc &rArr; internal_alloc
</UL>
<BR>[Calls]<UL><LI><a href="#[be]">&gt;&gt;</a>&nbsp;&nbsp;&nbsp;std::terminate()
</UL>
<BR>[Address Reference Count : 1]<UL><LI> new.o(i._Znwj)
</UL>
<P><STRONG><a name="[128]"></a>__rt_new_handler_addr</STRONG> (Thumb, 4 bytes, Stack size 0 bytes, cpp_memory.o(.text))
<BR><BR>[Called By]<UL><LI><a href="#[127]">&gt;&gt;</a>&nbsp;&nbsp;&nbsp;operator new(unsigned)
</UL>

<P><STRONG><a name="[c0]"></a>__rt_eh_globals_addr</STRONG> (Thumb, 12 bytes, Stack size 0 bytes, cpp_memory.o(.text))
<BR><BR>[Called By]<UL><LI><a href="#[bf]">&gt;&gt;</a>&nbsp;&nbsp;&nbsp;__cxa_get_globals
</UL>

<P><STRONG><a name="[be]"></a>std::terminate()</STRONG> (Thumb, 26 bytes, Stack size 8 bytes, arm_exceptions_terminate.o(.text))
<BR><BR>[Stack]<UL><LI>Max Depth = 88<LI>Call Chain = std::terminate() &rArr; __cxa_get_globals &rArr; __ARM_exceptions_buffer_init &rArr; malloc &rArr; internal_alloc
</UL>
<BR>[Calls]<UL><LI><a href="#[bf]">&gt;&gt;</a>&nbsp;&nbsp;&nbsp;__cxa_get_globals
</UL>
<BR>[Called By]<UL><LI><a href="#[7d]">&gt;&gt;</a>&nbsp;&nbsp;&nbsp;__default_new_handler()
</UL>

<P><STRONG><a name="[bf]"></a>__cxa_get_globals</STRONG> (Thumb, 62 bytes, Stack size 16 bytes, arm_exceptions_globs.o(.text))
<BR><BR>[Stack]<UL><LI>Max Depth = 80<LI>Call Chain = __cxa_get_globals &rArr; __ARM_exceptions_buffer_init &rArr; malloc &rArr; internal_alloc
</UL>
<BR>[Calls]<UL><LI><a href="#[c2]">&gt;&gt;</a>&nbsp;&nbsp;&nbsp;__ARM_exceptions_buffer_init
<LI><a href="#[c0]">&gt;&gt;</a>&nbsp;&nbsp;&nbsp;__rt_eh_globals_addr
<LI><a href="#[c1]">&gt;&gt;</a>&nbsp;&nbsp;&nbsp;malloc
</UL>
<BR>[Called By]<UL><LI><a href="#[be]">&gt;&gt;</a>&nbsp;&nbsp;&nbsp;std::terminate()
</UL>

<P><STRONG><a name="[b9]"></a>__scatterload</STRONG> (Thumb, 28 bytes, Stack size 0 bytes, init.o(.text))
<BR><BR>[Calls]<UL><LI><a href="#[c3]">&gt;&gt;</a>&nbsp;&nbsp;&nbsp;__main_after_scatterload
</UL>
<BR>[Called By]<UL><LI><a href="#[b8]">&gt;&gt;</a>&nbsp;&nbsp;&nbsp;_main_scatterload
</UL>

<P><STRONG><a name="[13e]"></a>__scatterload_rt2</STRONG> (Thumb, 0 bytes, Stack size 0 bytes, init.o(.text), UNUSED)

<P><STRONG><a name="[c2]"></a>__ARM_exceptions_buffer_init</STRONG> (Thumb, 18 bytes, Stack size 8 bytes, arm_exceptions_mem.o(.text))
<BR><BR>[Stack]<UL><LI>Max Depth = 64<LI>Call Chain = __ARM_exceptions_buffer_init &rArr; malloc &rArr; internal_alloc
</UL>
<BR>[Calls]<UL><LI><a href="#[c1]">&gt;&gt;</a>&nbsp;&nbsp;&nbsp;malloc
</UL>
<BR>[Called By]<UL><LI><a href="#[bf]">&gt;&gt;</a>&nbsp;&nbsp;&nbsp;__cxa_get_globals
</UL>

<P><STRONG><a name="[13f]"></a>__ARM_exceptions_buffer_allocate</STRONG> (Thumb, 22 bytes, Stack size 0 bytes, arm_exceptions_mem.o(.text), UNUSED)

<P><STRONG><a name="[140]"></a>__ARM_exceptions_buffer_free</STRONG> (Thumb, 20 bytes, Stack size 0 bytes, arm_exceptions_mem.o(.text), UNUSED)

<P><STRONG><a name="[4d]"></a>DMA2_Stream2_IRQHandler</STRONG> (Thumb, 6 bytes, Stack size 0 bytes, stm32f7xx_it.o(i.DMA2_Stream2_IRQHandler))
<BR><BR>[Stack]<UL><LI>Max Depth = 24<LI>Call Chain = DMA2_Stream2_IRQHandler &rArr; HAL_DMA_IRQHandler
</UL>
<BR>[Calls]<UL><LI><a href="#[c4]">&gt;&gt;</a>&nbsp;&nbsp;&nbsp;HAL_DMA_IRQHandler
</UL>
<BR>[Address Reference Count : 1]<UL><LI> startup_stm32f746xx.o(RESET)
</UL>
<P><STRONG><a name="[59]"></a>DMA2_Stream7_IRQHandler</STRONG> (Thumb, 6 bytes, Stack size 0 bytes, stm32f7xx_it.o(i.DMA2_Stream7_IRQHandler))
<BR><BR>[Stack]<UL><LI>Max Depth = 24<LI>Call Chain = DMA2_Stream7_IRQHandler &rArr; HAL_DMA_IRQHandler
</UL>
<BR>[Calls]<UL><LI><a href="#[c4]">&gt;&gt;</a>&nbsp;&nbsp;&nbsp;HAL_DMA_IRQHandler
</UL>
<BR>[Address Reference Count : 1]<UL><LI> startup_stm32f746xx.o(RESET)
</UL>
<P><STRONG><a name="[19]"></a>EXTI0_IRQHandler</STRONG> (Thumb, 6 bytes, Stack size 0 bytes, stm32f7xx_it.o(i.EXTI0_IRQHandler))
<BR><BR>[Stack]<UL><LI>Max Depth = 8<LI>Call Chain = EXTI0_IRQHandler &rArr; HAL_GPIO_EXTI_IRQHandler
</UL>
<BR>[Calls]<UL><LI><a href="#[c5]">&gt;&gt;</a>&nbsp;&nbsp;&nbsp;HAL_GPIO_EXTI_IRQHandler
</UL>
<BR>[Address Reference Count : 1]<UL><LI> startup_stm32f746xx.o(RESET)
</UL>
<P><STRONG><a name="[3b]"></a>EXTI15_10_IRQHandler</STRONG> (Thumb, 30 bytes, Stack size 8 bytes, stm32f7xx_it.o(i.EXTI15_10_IRQHandler))
<BR><BR>[Stack]<UL><LI>Max Depth = 16<LI>Call Chain = EXTI15_10_IRQHandler &rArr; HAL_GPIO_EXTI_IRQHandler
</UL>
<BR>[Calls]<UL><LI><a href="#[c5]">&gt;&gt;</a>&nbsp;&nbsp;&nbsp;HAL_GPIO_EXTI_IRQHandler
</UL>
<BR>[Address Reference Count : 1]<UL><LI> startup_stm32f746xx.o(RESET)
</UL>
<P><STRONG><a name="[1a]"></a>EXTI1_IRQHandler</STRONG> (Thumb, 6 bytes, Stack size 0 bytes, stm32f7xx_it.o(i.EXTI1_IRQHandler))
<BR><BR>[Stack]<UL><LI>Max Depth = 8<LI>Call Chain = EXTI1_IRQHandler &rArr; HAL_GPIO_EXTI_IRQHandler
</UL>
<BR>[Calls]<UL><LI><a href="#[c5]">&gt;&gt;</a>&nbsp;&nbsp;&nbsp;HAL_GPIO_EXTI_IRQHandler
</UL>
<BR>[Address Reference Count : 1]<UL><LI> startup_stm32f746xx.o(RESET)
</UL>
<P><STRONG><a name="[105]"></a>HAL_ADC_ConfigChannel</STRONG> (Thumb, 338 bytes, Stack size 24 bytes, stm32f7xx_hal_adc.o(i.HAL_ADC_ConfigChannel))
<BR><BR>[Stack]<UL><LI>Max Depth = 24<LI>Call Chain = HAL_ADC_ConfigChannel
</UL>
<BR>[Called By]<UL><LI><a href="#[107]">&gt;&gt;</a>&nbsp;&nbsp;&nbsp;MX_ADC3_Init
<LI><a href="#[106]">&gt;&gt;</a>&nbsp;&nbsp;&nbsp;MX_ADC2_Init
<LI><a href="#[104]">&gt;&gt;</a>&nbsp;&nbsp;&nbsp;MX_ADC1_Init
</UL>

<P><STRONG><a name="[c6]"></a>HAL_ADC_Init</STRONG> (Thumb, 84 bytes, Stack size 16 bytes, stm32f7xx_hal_adc.o(i.HAL_ADC_Init))
<BR><BR>[Stack]<UL><LI>Max Depth = 96<LI>Call Chain = HAL_ADC_Init &rArr; HAL_ADC_MspInit &rArr; HAL_GPIO_Init
</UL>
<BR>[Calls]<UL><LI><a href="#[c8]">&gt;&gt;</a>&nbsp;&nbsp;&nbsp;ADC_Init(ADC_HandleTypeDef*)
<LI><a href="#[c7]">&gt;&gt;</a>&nbsp;&nbsp;&nbsp;HAL_ADC_MspInit
</UL>
<BR>[Called By]<UL><LI><a href="#[107]">&gt;&gt;</a>&nbsp;&nbsp;&nbsp;MX_ADC3_Init
<LI><a href="#[106]">&gt;&gt;</a>&nbsp;&nbsp;&nbsp;MX_ADC2_Init
<LI><a href="#[104]">&gt;&gt;</a>&nbsp;&nbsp;&nbsp;MX_ADC1_Init
</UL>

<P><STRONG><a name="[c7]"></a>HAL_ADC_MspInit</STRONG> (Thumb, 116 bytes, Stack size 40 bytes, adc.o(i.HAL_ADC_MspInit))
<BR><BR>[Stack]<UL><LI>Max Depth = 80<LI>Call Chain = HAL_ADC_MspInit &rArr; HAL_GPIO_Init
</UL>
<BR>[Calls]<UL><LI><a href="#[c9]">&gt;&gt;</a>&nbsp;&nbsp;&nbsp;HAL_GPIO_Init
</UL>
<BR>[Called By]<UL><LI><a href="#[c6]">&gt;&gt;</a>&nbsp;&nbsp;&nbsp;HAL_ADC_Init
</UL>

<P><STRONG><a name="[c4]"></a>HAL_DMA_IRQHandler</STRONG> (Thumb, 404 bytes, Stack size 24 bytes, stm32f7xx_hal_dma.o(i.HAL_DMA_IRQHandler))
<BR><BR>[Stack]<UL><LI>Max Depth = 24<LI>Call Chain = HAL_DMA_IRQHandler
</UL>
<BR>[Called By]<UL><LI><a href="#[59]">&gt;&gt;</a>&nbsp;&nbsp;&nbsp;DMA2_Stream7_IRQHandler
<LI><a href="#[4d]">&gt;&gt;</a>&nbsp;&nbsp;&nbsp;DMA2_Stream2_IRQHandler
</UL>

<P><STRONG><a name="[ca]"></a>HAL_DMA_Init</STRONG> (Thumb, 134 bytes, Stack size 24 bytes, stm32f7xx_hal_dma.o(i.HAL_DMA_Init))
<BR><BR>[Stack]<UL><LI>Max Depth = 24<LI>Call Chain = HAL_DMA_Init
</UL>
<BR>[Calls]<UL><LI><a href="#[cb]">&gt;&gt;</a>&nbsp;&nbsp;&nbsp;DMA_CalcBaseAndBitshift(__DMA_HandleTypeDef*)
</UL>
<BR>[Called By]<UL><LI><a href="#[fe]">&gt;&gt;</a>&nbsp;&nbsp;&nbsp;HAL_UART_MspInit
</UL>

<P><STRONG><a name="[cc]"></a>HAL_DMA_Start_IT</STRONG> (Thumb, 78 bytes, Stack size 16 bytes, stm32f7xx_hal_dma.o(i.HAL_DMA_Start_IT))
<BR><BR>[Stack]<UL><LI>Max Depth = 28<LI>Call Chain = HAL_DMA_Start_IT &rArr; DMA_SetConfig(__DMA_HandleTypeDef*, unsigned, unsigned, unsigned)
</UL>
<BR>[Calls]<UL><LI><a href="#[cd]">&gt;&gt;</a>&nbsp;&nbsp;&nbsp;DMA_SetConfig(__DMA_HandleTypeDef*, unsigned, unsigned, unsigned)
</UL>
<BR>[Called By]<UL><LI><a href="#[103]">&gt;&gt;</a>&nbsp;&nbsp;&nbsp;HAL_UART_Transmit_DMA
<LI><a href="#[102]">&gt;&gt;</a>&nbsp;&nbsp;&nbsp;HAL_UART_Receive_DMA
</UL>

<P><STRONG><a name="[ce]"></a>HAL_Delay</STRONG> (Thumb, 22 bytes, Stack size 16 bytes, stm32f7xx_hal.o(i.HAL_Delay))
<BR><BR>[Stack]<UL><LI>Max Depth = 16<LI>Call Chain = HAL_Delay
</UL>
<BR>[Calls]<UL><LI><a href="#[cf]">&gt;&gt;</a>&nbsp;&nbsp;&nbsp;HAL_GetTick
</UL>
<BR>[Called By]<UL><LI><a href="#[74]">&gt;&gt;</a>&nbsp;&nbsp;&nbsp;main
</UL>

<P><STRONG><a name="[d0]"></a>HAL_GPIO_EXTI_Callback</STRONG> (Thumb, 2 bytes, Stack size 0 bytes, stm32f7xx_hal_gpio.o(i.HAL_GPIO_EXTI_Callback))
<BR><BR>[Called By]<UL><LI><a href="#[c5]">&gt;&gt;</a>&nbsp;&nbsp;&nbsp;HAL_GPIO_EXTI_IRQHandler
</UL>

<P><STRONG><a name="[c5]"></a>HAL_GPIO_EXTI_IRQHandler</STRONG> (Thumb, 18 bytes, Stack size 8 bytes, stm32f7xx_hal_gpio.o(i.HAL_GPIO_EXTI_IRQHandler))
<BR><BR>[Stack]<UL><LI>Max Depth = 8<LI>Call Chain = HAL_GPIO_EXTI_IRQHandler
</UL>
<BR>[Calls]<UL><LI><a href="#[d0]">&gt;&gt;</a>&nbsp;&nbsp;&nbsp;HAL_GPIO_EXTI_Callback
</UL>
<BR>[Called By]<UL><LI><a href="#[1a]">&gt;&gt;</a>&nbsp;&nbsp;&nbsp;EXTI1_IRQHandler
<LI><a href="#[3b]">&gt;&gt;</a>&nbsp;&nbsp;&nbsp;EXTI15_10_IRQHandler
<LI><a href="#[19]">&gt;&gt;</a>&nbsp;&nbsp;&nbsp;EXTI0_IRQHandler
</UL>

<P><STRONG><a name="[c9]"></a>HAL_GPIO_Init</STRONG> (Thumb, 418 bytes, Stack size 40 bytes, stm32f7xx_hal_gpio.o(i.HAL_GPIO_Init))
<BR><BR>[Stack]<UL><LI>Max Depth = 40<LI>Call Chain = HAL_GPIO_Init
</UL>
<BR>[Called By]<UL><LI><a href="#[f2]">&gt;&gt;</a>&nbsp;&nbsp;&nbsp;HAL_TIM_MspPostInit
<LI><a href="#[ef]">&gt;&gt;</a>&nbsp;&nbsp;&nbsp;HAL_TIM_Encoder_MspInit
<LI><a href="#[e3]">&gt;&gt;</a>&nbsp;&nbsp;&nbsp;HAL_SPI_MspInit
<LI><a href="#[c7]">&gt;&gt;</a>&nbsp;&nbsp;&nbsp;HAL_ADC_MspInit
<LI><a href="#[10a]">&gt;&gt;</a>&nbsp;&nbsp;&nbsp;MX_GPIO_Init
<LI><a href="#[d2]">&gt;&gt;</a>&nbsp;&nbsp;&nbsp;HAL_I2C_MspInit
<LI><a href="#[fe]">&gt;&gt;</a>&nbsp;&nbsp;&nbsp;HAL_UART_MspInit
</UL>

<P><STRONG><a name="[10b]"></a>HAL_GPIO_WritePin</STRONG> (Thumb, 10 bytes, Stack size 0 bytes, stm32f7xx_hal_gpio.o(i.HAL_GPIO_WritePin))
<BR><BR>[Called By]<UL><LI><a href="#[10a]">&gt;&gt;</a>&nbsp;&nbsp;&nbsp;MX_GPIO_Init
<LI><a href="#[7e]">&gt;&gt;</a>&nbsp;&nbsp;&nbsp;messageCb(const std_msgs::Empty&)
</UL>

<P><STRONG><a name="[cf]"></a>HAL_GetTick</STRONG> (Thumb, 6 bytes, Stack size 0 bytes, stm32f7xx_hal.o(i.HAL_GetTick))
<BR><BR>[Called By]<UL><LI><a href="#[e1]">&gt;&gt;</a>&nbsp;&nbsp;&nbsp;HAL_RCC_OscConfig
<LI><a href="#[dd]">&gt;&gt;</a>&nbsp;&nbsp;&nbsp;HAL_RCC_ClockConfig
<LI><a href="#[dc]">&gt;&gt;</a>&nbsp;&nbsp;&nbsp;HAL_RCCEx_PeriphCLKConfig
<LI><a href="#[db]">&gt;&gt;</a>&nbsp;&nbsp;&nbsp;HAL_PWREx_EnableOverDrive
<LI><a href="#[ce]">&gt;&gt;</a>&nbsp;&nbsp;&nbsp;HAL_Delay
<LI><a href="#[119]">&gt;&gt;</a>&nbsp;&nbsp;&nbsp;UART_WaitOnFlagUntilTimeout
<LI><a href="#[a5]">&gt;&gt;</a>&nbsp;&nbsp;&nbsp;ros::NodeHandle_&lang;STMF7Hardware, (int)20, (int)20, (int)255, (int)255&rang;::spinOnce()
<LI><a href="#[12e]">&gt;&gt;</a>&nbsp;&nbsp;&nbsp;ros::NodeHandle_&lang;STMF7Hardware, (int)20, (int)20, (int)255, (int)255&rang;::requestSyncTime()
</UL>

<P><STRONG><a name="[10d]"></a>HAL_I2CEx_ConfigAnalogFilter</STRONG> (Thumb, 118 bytes, Stack size 8 bytes, stm32f7xx_hal_i2c_ex.o(i.HAL_I2CEx_ConfigAnalogFilter))
<BR><BR>[Stack]<UL><LI>Max Depth = 8<LI>Call Chain = HAL_I2CEx_ConfigAnalogFilter
</UL>
<BR>[Called By]<UL><LI><a href="#[10e]">&gt;&gt;</a>&nbsp;&nbsp;&nbsp;MX_I2C2_Init
<LI><a href="#[10c]">&gt;&gt;</a>&nbsp;&nbsp;&nbsp;MX_I2C1_Init
</UL>

<P><STRONG><a name="[d1]"></a>HAL_I2C_Init</STRONG> (Thumb, 166 bytes, Stack size 16 bytes, stm32f7xx_hal_i2c.o(i.HAL_I2C_Init))
<BR><BR>[Stack]<UL><LI>Max Depth = 104<LI>Call Chain = HAL_I2C_Init &rArr; HAL_I2C_MspInit &rArr; HAL_GPIO_Init
</UL>
<BR>[Calls]<UL><LI><a href="#[d2]">&gt;&gt;</a>&nbsp;&nbsp;&nbsp;HAL_I2C_MspInit
</UL>
<BR>[Called By]<UL><LI><a href="#[10e]">&gt;&gt;</a>&nbsp;&nbsp;&nbsp;MX_I2C2_Init
<LI><a href="#[10c]">&gt;&gt;</a>&nbsp;&nbsp;&nbsp;MX_I2C1_Init
</UL>

<P><STRONG><a name="[d2]"></a>HAL_I2C_MspInit</STRONG> (Thumb, 104 bytes, Stack size 48 bytes, i2c.o(i.HAL_I2C_MspInit))
<BR><BR>[Stack]<UL><LI>Max Depth = 88<LI>Call Chain = HAL_I2C_MspInit &rArr; HAL_GPIO_Init
</UL>
<BR>[Calls]<UL><LI><a href="#[c9]">&gt;&gt;</a>&nbsp;&nbsp;&nbsp;HAL_GPIO_Init
</UL>
<BR>[Called By]<UL><LI><a href="#[d1]">&gt;&gt;</a>&nbsp;&nbsp;&nbsp;HAL_I2C_Init
</UL>

<P><STRONG><a name="[118]"></a>HAL_IncTick</STRONG> (Thumb, 10 bytes, Stack size 0 bytes, stm32f7xx_hal.o(i.HAL_IncTick))
<BR><BR>[Called By]<UL><LI><a href="#[12]">&gt;&gt;</a>&nbsp;&nbsp;&nbsp;SysTick_Handler
</UL>

<P><STRONG><a name="[d3]"></a>HAL_Init</STRONG> (Thumb, 32 bytes, Stack size 8 bytes, stm32f7xx_hal.o(i.HAL_Init))
<BR><BR>[Stack]<UL><LI>Max Depth = 32<LI>Call Chain = HAL_Init &rArr; HAL_InitTick &rArr; HAL_RCC_GetHCLKFreq &rArr; HAL_RCC_GetSysClockFreq
</UL>
<BR>[Calls]<UL><LI><a href="#[d5]">&gt;&gt;</a>&nbsp;&nbsp;&nbsp;HAL_InitTick
<LI><a href="#[d4]">&gt;&gt;</a>&nbsp;&nbsp;&nbsp;HAL_NVIC_SetPriorityGrouping
<LI><a href="#[d6]">&gt;&gt;</a>&nbsp;&nbsp;&nbsp;HAL_MspInit
</UL>
<BR>[Called By]<UL><LI><a href="#[74]">&gt;&gt;</a>&nbsp;&nbsp;&nbsp;main
</UL>

<P><STRONG><a name="[d5]"></a>HAL_InitTick</STRONG> (Thumb, 34 bytes, Stack size 8 bytes, stm32f7xx_hal.o(i.HAL_InitTick))
<BR><BR>[Stack]<UL><LI>Max Depth = 24<LI>Call Chain = HAL_InitTick &rArr; HAL_RCC_GetHCLKFreq &rArr; HAL_RCC_GetSysClockFreq
</UL>
<BR>[Calls]<UL><LI><a href="#[d7]">&gt;&gt;</a>&nbsp;&nbsp;&nbsp;HAL_RCC_GetHCLKFreq
<LI><a href="#[d8]">&gt;&gt;</a>&nbsp;&nbsp;&nbsp;HAL_SYSTICK_Config
<LI><a href="#[d9]">&gt;&gt;</a>&nbsp;&nbsp;&nbsp;HAL_NVIC_SetPriority
</UL>
<BR>[Called By]<UL><LI><a href="#[dd]">&gt;&gt;</a>&nbsp;&nbsp;&nbsp;HAL_RCC_ClockConfig
<LI><a href="#[d3]">&gt;&gt;</a>&nbsp;&nbsp;&nbsp;HAL_Init
</UL>

<P><STRONG><a name="[d6]"></a>HAL_MspInit</STRONG> (Thumb, 68 bytes, Stack size 8 bytes, stm32f7xx_hal_msp.o(i.HAL_MspInit))
<BR><BR>[Stack]<UL><LI>Max Depth = 24<LI>Call Chain = HAL_MspInit &rArr; HAL_NVIC_SetPriority
</UL>
<BR>[Calls]<UL><LI><a href="#[d4]">&gt;&gt;</a>&nbsp;&nbsp;&nbsp;HAL_NVIC_SetPriorityGrouping
<LI><a href="#[d9]">&gt;&gt;</a>&nbsp;&nbsp;&nbsp;HAL_NVIC_SetPriority
</UL>
<BR>[Called By]<UL><LI><a href="#[d3]">&gt;&gt;</a>&nbsp;&nbsp;&nbsp;HAL_Init
</UL>

<P><STRONG><a name="[109]"></a>HAL_NVIC_EnableIRQ</STRONG> (Thumb, 22 bytes, Stack size 0 bytes, stm32f7xx_hal_cortex.o(i.HAL_NVIC_EnableIRQ))
<BR><BR>[Called By]<UL><LI><a href="#[10a]">&gt;&gt;</a>&nbsp;&nbsp;&nbsp;MX_GPIO_Init
<LI><a href="#[108]">&gt;&gt;</a>&nbsp;&nbsp;&nbsp;MX_DMA_Init
</UL>

<P><STRONG><a name="[d9]"></a>HAL_NVIC_SetPriority</STRONG> (Thumb, 60 bytes, Stack size 16 bytes, stm32f7xx_hal_cortex.o(i.HAL_NVIC_SetPriority))
<BR><BR>[Stack]<UL><LI>Max Depth = 16<LI>Call Chain = HAL_NVIC_SetPriority
</UL>
<BR>[Calls]<UL><LI><a href="#[da]">&gt;&gt;</a>&nbsp;&nbsp;&nbsp;NVIC_SetPriority(IRQn_Type, unsigned)
</UL>
<BR>[Called By]<UL><LI><a href="#[d5]">&gt;&gt;</a>&nbsp;&nbsp;&nbsp;HAL_InitTick
<LI><a href="#[10a]">&gt;&gt;</a>&nbsp;&nbsp;&nbsp;MX_GPIO_Init
<LI><a href="#[d6]">&gt;&gt;</a>&nbsp;&nbsp;&nbsp;HAL_MspInit
<LI><a href="#[108]">&gt;&gt;</a>&nbsp;&nbsp;&nbsp;MX_DMA_Init
<LI><a href="#[11b]">&gt;&gt;</a>&nbsp;&nbsp;&nbsp;SystemClock_Config()
</UL>

<P><STRONG><a name="[d4]"></a>HAL_NVIC_SetPriorityGrouping</STRONG> (Thumb, 28 bytes, Stack size 8 bytes, stm32f7xx_hal_cortex.o(i.HAL_NVIC_SetPriorityGrouping))
<BR><BR>[Stack]<UL><LI>Max Depth = 8<LI>Call Chain = HAL_NVIC_SetPriorityGrouping
</UL>
<BR>[Called By]<UL><LI><a href="#[d3]">&gt;&gt;</a>&nbsp;&nbsp;&nbsp;HAL_Init
<LI><a href="#[d6]">&gt;&gt;</a>&nbsp;&nbsp;&nbsp;HAL_MspInit
</UL>

<P><STRONG><a name="[db]"></a>HAL_PWREx_EnableOverDrive</STRONG> (Thumb, 100 bytes, Stack size 24 bytes, stm32f7xx_hal_pwr_ex.o(i.HAL_PWREx_EnableOverDrive))
<BR><BR>[Stack]<UL><LI>Max Depth = 24<LI>Call Chain = HAL_PWREx_EnableOverDrive
</UL>
<BR>[Calls]<UL><LI><a href="#[cf]">&gt;&gt;</a>&nbsp;&nbsp;&nbsp;HAL_GetTick
</UL>
<BR>[Called By]<UL><LI><a href="#[11b]">&gt;&gt;</a>&nbsp;&nbsp;&nbsp;SystemClock_Config()
</UL>

<P><STRONG><a name="[dc]"></a>HAL_RCCEx_PeriphCLKConfig</STRONG> (Thumb, 1708 bytes, Stack size 40 bytes, stm32f7xx_hal_rcc_ex.o(i.HAL_RCCEx_PeriphCLKConfig))
<BR><BR>[Stack]<UL><LI>Max Depth = 40<LI>Call Chain = HAL_RCCEx_PeriphCLKConfig
</UL>
<BR>[Calls]<UL><LI><a href="#[cf]">&gt;&gt;</a>&nbsp;&nbsp;&nbsp;HAL_GetTick
</UL>
<BR>[Called By]<UL><LI><a href="#[11b]">&gt;&gt;</a>&nbsp;&nbsp;&nbsp;SystemClock_Config()
</UL>

<P><STRONG><a name="[dd]"></a>HAL_RCC_ClockConfig</STRONG> (Thumb, 450 bytes, Stack size 32 bytes, stm32f7xx_hal_rcc.o(i.HAL_RCC_ClockConfig))
<BR><BR>[Stack]<UL><LI>Max Depth = 56<LI>Call Chain = HAL_RCC_ClockConfig &rArr; HAL_InitTick &rArr; HAL_RCC_GetHCLKFreq &rArr; HAL_RCC_GetSysClockFreq
</UL>
<BR>[Calls]<UL><LI><a href="#[d5]">&gt;&gt;</a>&nbsp;&nbsp;&nbsp;HAL_InitTick
<LI><a href="#[cf]">&gt;&gt;</a>&nbsp;&nbsp;&nbsp;HAL_GetTick
</UL>
<BR>[Called By]<UL><LI><a href="#[11b]">&gt;&gt;</a>&nbsp;&nbsp;&nbsp;SystemClock_Config()
</UL>

<P><STRONG><a name="[d7]"></a>HAL_RCC_GetHCLKFreq</STRONG> (Thumb, 38 bytes, Stack size 4 bytes, stm32f7xx_hal_rcc.o(i.HAL_RCC_GetHCLKFreq))
<BR><BR>[Stack]<UL><LI>Max Depth = 16<LI>Call Chain = HAL_RCC_GetHCLKFreq &rArr; HAL_RCC_GetSysClockFreq
</UL>
<BR>[Calls]<UL><LI><a href="#[de]">&gt;&gt;</a>&nbsp;&nbsp;&nbsp;HAL_RCC_GetSysClockFreq
</UL>
<BR>[Called By]<UL><LI><a href="#[d5]">&gt;&gt;</a>&nbsp;&nbsp;&nbsp;HAL_InitTick
<LI><a href="#[e0]">&gt;&gt;</a>&nbsp;&nbsp;&nbsp;HAL_RCC_GetPCLK2Freq
<LI><a href="#[df]">&gt;&gt;</a>&nbsp;&nbsp;&nbsp;HAL_RCC_GetPCLK1Freq
<LI><a href="#[11b]">&gt;&gt;</a>&nbsp;&nbsp;&nbsp;SystemClock_Config()
</UL>

<P><STRONG><a name="[df]"></a>HAL_RCC_GetPCLK1Freq</STRONG> (Thumb, 36 bytes, Stack size 4 bytes, stm32f7xx_hal_rcc.o(i.HAL_RCC_GetPCLK1Freq))
<BR><BR>[Stack]<UL><LI>Max Depth = 20<LI>Call Chain = HAL_RCC_GetPCLK1Freq &rArr; HAL_RCC_GetHCLKFreq &rArr; HAL_RCC_GetSysClockFreq
</UL>
<BR>[Calls]<UL><LI><a href="#[d7]">&gt;&gt;</a>&nbsp;&nbsp;&nbsp;HAL_RCC_GetHCLKFreq
</UL>
<BR>[Called By]<UL><LI><a href="#[ff]">&gt;&gt;</a>&nbsp;&nbsp;&nbsp;UART_SetConfig
</UL>

<P><STRONG><a name="[e0]"></a>HAL_RCC_GetPCLK2Freq</STRONG> (Thumb, 36 bytes, Stack size 4 bytes, stm32f7xx_hal_rcc.o(i.HAL_RCC_GetPCLK2Freq))
<BR><BR>[Stack]<UL><LI>Max Depth = 20<LI>Call Chain = HAL_RCC_GetPCLK2Freq &rArr; HAL_RCC_GetHCLKFreq &rArr; HAL_RCC_GetSysClockFreq
</UL>
<BR>[Calls]<UL><LI><a href="#[d7]">&gt;&gt;</a>&nbsp;&nbsp;&nbsp;HAL_RCC_GetHCLKFreq
</UL>
<BR>[Called By]<UL><LI><a href="#[ff]">&gt;&gt;</a>&nbsp;&nbsp;&nbsp;UART_SetConfig
</UL>

<P><STRONG><a name="[de]"></a>HAL_RCC_GetSysClockFreq</STRONG> (Thumb, 120 bytes, Stack size 12 bytes, stm32f7xx_hal_rcc.o(i.HAL_RCC_GetSysClockFreq))
<BR><BR>[Stack]<UL><LI>Max Depth = 12<LI>Call Chain = HAL_RCC_GetSysClockFreq
</UL>
<BR>[Called By]<UL><LI><a href="#[d7]">&gt;&gt;</a>&nbsp;&nbsp;&nbsp;HAL_RCC_GetHCLKFreq
<LI><a href="#[ff]">&gt;&gt;</a>&nbsp;&nbsp;&nbsp;UART_SetConfig
</UL>

<P><STRONG><a name="[e1]"></a>HAL_RCC_OscConfig</STRONG> (Thumb, 914 bytes, Stack size 40 bytes, stm32f7xx_hal_rcc.o(i.HAL_RCC_OscConfig))
<BR><BR>[Stack]<UL><LI>Max Depth = 40<LI>Call Chain = HAL_RCC_OscConfig
</UL>
<BR>[Calls]<UL><LI><a href="#[cf]">&gt;&gt;</a>&nbsp;&nbsp;&nbsp;HAL_GetTick
</UL>
<BR>[Called By]<UL><LI><a href="#[11b]">&gt;&gt;</a>&nbsp;&nbsp;&nbsp;SystemClock_Config()
</UL>

<P><STRONG><a name="[e2]"></a>HAL_SPI_Init</STRONG> (Thumb, 200 bytes, Stack size 24 bytes, stm32f7xx_hal_spi.o(i.HAL_SPI_Init))
<BR><BR>[Stack]<UL><LI>Max Depth = 96<LI>Call Chain = HAL_SPI_Init &rArr; HAL_SPI_MspInit &rArr; HAL_GPIO_Init
</UL>
<BR>[Calls]<UL><LI><a href="#[e3]">&gt;&gt;</a>&nbsp;&nbsp;&nbsp;HAL_SPI_MspInit
</UL>
<BR>[Called By]<UL><LI><a href="#[10f]">&gt;&gt;</a>&nbsp;&nbsp;&nbsp;MX_SPI1_Init
</UL>

<P><STRONG><a name="[e3]"></a>HAL_SPI_MspInit</STRONG> (Thumb, 64 bytes, Stack size 32 bytes, spi.o(i.HAL_SPI_MspInit))
<BR><BR>[Stack]<UL><LI>Max Depth = 72<LI>Call Chain = HAL_SPI_MspInit &rArr; HAL_GPIO_Init
</UL>
<BR>[Calls]<UL><LI><a href="#[c9]">&gt;&gt;</a>&nbsp;&nbsp;&nbsp;HAL_GPIO_Init
</UL>
<BR>[Called By]<UL><LI><a href="#[e2]">&gt;&gt;</a>&nbsp;&nbsp;&nbsp;HAL_SPI_Init
</UL>

<P><STRONG><a name="[11c]"></a>HAL_SYSTICK_CLKSourceConfig</STRONG> (Thumb, 24 bytes, Stack size 0 bytes, stm32f7xx_hal_cortex.o(i.HAL_SYSTICK_CLKSourceConfig))
<BR><BR>[Called By]<UL><LI><a href="#[11b]">&gt;&gt;</a>&nbsp;&nbsp;&nbsp;SystemClock_Config()
</UL>

<P><STRONG><a name="[e4]"></a>HAL_SYSTICK_Callback</STRONG> (Thumb, 52 bytes, Stack size 8 bytes, main.o(i.HAL_SYSTICK_Callback))
<BR><BR>[Stack]<UL><LI>Max Depth = 168<LI>Call Chain = HAL_SYSTICK_Callback &rArr; ros::NodeHandle_&lang;STMF7Hardware, (int)20, (int)20, (int)255, (int)255&rang;::spinOnce() &rArr; rosserial_msgs::RequestParamResponse::deserialize(unsigned char*) &rArr; realloc &rArr; malloc &rArr; internal_alloc
</UL>
<BR>[Calls]<UL><LI><a href="#[a5]">&gt;&gt;</a>&nbsp;&nbsp;&nbsp;ros::NodeHandle_&lang;STMF7Hardware, (int)20, (int)20, (int)255, (int)255&rang;::spinOnce()
</UL>
<BR>[Called By]<UL><LI><a href="#[e5]">&gt;&gt;</a>&nbsp;&nbsp;&nbsp;HAL_SYSTICK_IRQHandler
</UL>

<P><STRONG><a name="[d8]"></a>HAL_SYSTICK_Config</STRONG> (Thumb, 38 bytes, Stack size 8 bytes, stm32f7xx_hal_cortex.o(i.HAL_SYSTICK_Config))
<BR><BR>[Stack]<UL><LI>Max Depth = 8<LI>Call Chain = HAL_SYSTICK_Config
</UL>
<BR>[Calls]<UL><LI><a href="#[da]">&gt;&gt;</a>&nbsp;&nbsp;&nbsp;NVIC_SetPriority(IRQn_Type, unsigned)
</UL>
<BR>[Called By]<UL><LI><a href="#[d5]">&gt;&gt;</a>&nbsp;&nbsp;&nbsp;HAL_InitTick
<LI><a href="#[11b]">&gt;&gt;</a>&nbsp;&nbsp;&nbsp;SystemClock_Config()
</UL>

<P><STRONG><a name="[e5]"></a>HAL_SYSTICK_IRQHandler</STRONG> (Thumb, 8 bytes, Stack size 8 bytes, stm32f7xx_hal_cortex.o(i.HAL_SYSTICK_IRQHandler))
<BR><BR>[Stack]<UL><LI>Max Depth = 176<LI>Call Chain = HAL_SYSTICK_IRQHandler &rArr; HAL_SYSTICK_Callback &rArr; ros::NodeHandle_&lang;STMF7Hardware, (int)20, (int)20, (int)255, (int)255&rang;::spinOnce() &rArr; rosserial_msgs::RequestParamResponse::deserialize(unsigned char*) &rArr; realloc &rArr; malloc &rArr; internal_alloc
</UL>
<BR>[Calls]<UL><LI><a href="#[e4]">&gt;&gt;</a>&nbsp;&nbsp;&nbsp;HAL_SYSTICK_Callback
</UL>
<BR>[Called By]<UL><LI><a href="#[12]">&gt;&gt;</a>&nbsp;&nbsp;&nbsp;SysTick_Handler
</UL>

<P><STRONG><a name="[115]"></a>HAL_TIMEx_ConfigBreakDeadTime</STRONG> (Thumb, 98 bytes, Stack size 20 bytes, stm32f7xx_hal_tim_ex.o(i.HAL_TIMEx_ConfigBreakDeadTime))
<BR><BR>[Stack]<UL><LI>Max Depth = 20<LI>Call Chain = HAL_TIMEx_ConfigBreakDeadTime
</UL>
<BR>[Called By]<UL><LI><a href="#[114]">&gt;&gt;</a>&nbsp;&nbsp;&nbsp;MX_TIM8_Init
</UL>

<P><STRONG><a name="[111]"></a>HAL_TIMEx_MasterConfigSynchronization</STRONG> (Thumb, 78 bytes, Stack size 16 bytes, stm32f7xx_hal_tim_ex.o(i.HAL_TIMEx_MasterConfigSynchronization))
<BR><BR>[Stack]<UL><LI>Max Depth = 16<LI>Call Chain = HAL_TIMEx_MasterConfigSynchronization
</UL>
<BR>[Called By]<UL><LI><a href="#[114]">&gt;&gt;</a>&nbsp;&nbsp;&nbsp;MX_TIM8_Init
<LI><a href="#[113]">&gt;&gt;</a>&nbsp;&nbsp;&nbsp;MX_TIM5_Init
<LI><a href="#[112]">&gt;&gt;</a>&nbsp;&nbsp;&nbsp;MX_TIM4_Init
<LI><a href="#[110]">&gt;&gt;</a>&nbsp;&nbsp;&nbsp;MX_TIM3_Init
</UL>

<P><STRONG><a name="[e6]"></a>HAL_TIM_Base_Init</STRONG> (Thumb, 48 bytes, Stack size 8 bytes, stm32f7xx_hal_tim.o(i.HAL_TIM_Base_Init))
<BR><BR>[Stack]<UL><LI>Max Depth = 28<LI>Call Chain = HAL_TIM_Base_Init &rArr; TIM_Base_SetConfig
</UL>
<BR>[Calls]<UL><LI><a href="#[e7]">&gt;&gt;</a>&nbsp;&nbsp;&nbsp;HAL_TIM_Base_MspInit
<LI><a href="#[e8]">&gt;&gt;</a>&nbsp;&nbsp;&nbsp;TIM_Base_SetConfig
[...]
</UL>
<BR>[Called By]<UL><LI><a href="#[121]">&gt;&gt;</a>&nbsp;&nbsp;&nbsp;realloc
</UL>

<P><STRONG><a name="[c1]"></a>malloc</STRONG> (Thumb, 64 bytes, Stack size 32 bytes, mallocr.o(i.__malloc$realloc))
<BR><BR>[Stack]<UL><LI>Max Depth = 56<LI>Call Chain = malloc &rArr; internal_alloc
</UL>
<BR>[Calls]<UL><LI><a href="#[129]">&gt;&gt;</a>&nbsp;&nbsp;&nbsp;internal_alloc
</UL>
<BR>[Called By]<UL><LI><a href="#[127]">&gt;&gt;</a>&nbsp;&nbsp;&nbsp;operator new(unsigned)
<LI><a href="#[c2]">&gt;&gt;</a>&nbsp;&nbsp;&nbsp;__ARM_exceptions_buffer_init
<LI><a href="#[bf]">&gt;&gt;</a>&nbsp;&nbsp;&nbsp;__cxa_get_globals
<LI><a href="#[121]">&gt;&gt;</a>&nbsp;&nbsp;&nbsp;realloc
</UL>

<P><STRONG><a name="[144]"></a>__scatterload_copy</STRONG> (Thumb, 14 bytes, Stack size unknown bytes, handlers.o(i.__scatterload_copy), UNUSED)

<P><STRONG><a name="[145]"></a>__scatterload_null</STRONG> (Thumb, 2 bytes, Stack size unknown bytes, handlers.o(i.__scatterload_null), UNUSED)

<P><STRONG><a name="[146]"></a>__scatterload_zeroinit</STRONG> (Thumb, 14 bytes, Stack size unknown bytes, handlers.o(i.__scatterload_zeroinit), UNUSED)

<P><STRONG><a name="[74]"></a>main</STRONG> (Thumb, 394 bytes, Stack size 0 bytes, main.o(i.main))
<BR><BR>[Stack]<UL><LI>Max Depth = 280<LI>Call Chain = main &rArr; SystemClock_Config() &rArr; HAL_RCC_ClockConfig &rArr; HAL_InitTick &rArr; HAL_RCC_GetHCLKFreq &rArr; HAL_RCC_GetSysClockFreq
</UL>
<BR>[Calls]<UL><LI><a href="#[ce]">&gt;&gt;</a>&nbsp;&nbsp;&nbsp;HAL_Delay
<LI><a href="#[d3]">&gt;&gt;</a>&nbsp;&nbsp;&nbsp;HAL_Init
<LI><a href="#[114]">&gt;&gt;</a>&nbsp;&nbsp;&nbsp;MX_TIM8_Init
<LI><a href="#[113]">&gt;&gt;</a>&nbsp;&nbsp;&nbsp;MX_TIM5_Init
<LI><a href="#[112]">&gt;&gt;</a>&nbsp;&nbsp;&nbsp;MX_TIM4_Init
<LI><a href="#[110]">&gt;&gt;</a>&nbsp;&nbsp;&nbsp;MX_TIM3_Init
<LI><a href="#[10f]">&gt;&gt;</a>&nbsp;&nbsp;&nbsp;MX_SPI1_Init
<LI><a href="#[107]">&gt;&gt;</a>&nbsp;&nbsp;&nbsp;MX_ADC3_Init
<LI><a href="#[106]">&gt;&gt;</a>&nbsp;&nbsp;&nbsp;MX_ADC2_Init
<LI><a href="#[104]">&gt;&gt;</a>&nbsp;&nbsp;&nbsp;MX_ADC1_Init
<LI><a href="#[10a]">&gt;&gt;</a>&nbsp;&nbsp;&nbsp;MX_GPIO_Init
<LI><a href="#[108]">&gt;&gt;</a>&nbsp;&nbsp;&nbsp;MX_DMA_Init
<LI><a href="#[10e]">&gt;&gt;</a>&nbsp;&nbsp;&nbsp;MX_I2C2_Init
<LI><a href="#[10c]">&gt;&gt;</a>&nbsp;&nbsp;&nbsp;MX_I2C1_Init
<LI><a href="#[117]">&gt;&gt;</a>&nbsp;&nbsp;&nbsp;MX_USART3_UART_Init
<LI><a href="#[116]">&gt;&gt;</a>&nbsp;&nbsp;&nbsp;MX_USART1_UART_Init
<LI><a href="#[fd]">&gt;&gt;</a>&nbsp;&nbsp;&nbsp;HAL_UART_Init
<LI><a href="#[fc]">&gt;&gt;</a>&nbsp;&nbsp;&nbsp;HAL_TIM_PWM_Start
<LI><a href="#[f0]">&gt;&gt;</a>&nbsp;&nbsp;&nbsp;HAL_TIM_Encoder_Start
<LI><a href="#[127]">&gt;&gt;</a>&nbsp;&nbsp;&nbsp;operator new(unsigned)
<LI><a href="#[12c]">&gt;&gt;</a>&nbsp;&nbsp;&nbsp;ros::NodeHandle_&lang;STMF7Hardware, (int)20, (int)20, (int)255, (int)255&rang;::advertise(ros::Publisher&)
<LI><a href="#[12b]">&gt;&gt;</a>&nbsp;&nbsp;&nbsp;UartDriver&lang;UART_HandleTypeDef, (int)20, (int)250, (int)400&rang;::UartDriver(UART_HandleTypeDef*)
<LI><a href="#[11b]">&gt;&gt;</a>&nbsp;&nbsp;&nbsp;SystemClock_Config()
</UL>
<BR>[Address Reference Count : 1]<UL><LI> entry9a.o(.ARM.Collect$$$$0000000B)
</UL>
<P><STRONG><a name="[121]"></a>realloc</STRONG> (Thumb, 102 bytes, Stack size 32 bytes, mallocr.o(i.realloc))
<BR><BR>[Stack]<UL><LI>Max Depth = 88<LI>Call Chain = realloc &rArr; malloc &rArr; internal_alloc
</UL>
<BR>[Calls]<UL><LI><a href="#[c1]">&gt;&gt;</a>&nbsp;&nbsp;&nbsp;malloc
<LI><a href="#[12d]">&gt;&gt;</a>&nbsp;&nbsp;&nbsp;free
<LI><a href="#[129]">&gt;&gt;</a>&nbsp;&nbsp;&nbsp;internal_alloc
</UL>
<BR>[Called By]<UL><LI><a href="#[97]">&gt;&gt;</a>&nbsp;&nbsp;&nbsp;rosserial_msgs::RequestParamResponse::deserialize(unsigned char*)
</UL>

<P><STRONG><a name="[12b]"></a>UartDriver&lang;UART_HandleTypeDef, (int)20, (int)250, (int)400&rang;::UartDriver(UART_HandleTypeDef*)</STRONG> (Thumb, 180 bytes, Stack size 16 bytes, main.o(t._ZN10UartDriverI18UART_HandleTypeDefLi20ELi250ELi400EEC1EPS0_))
<BR><BR>[Stack]<UL><LI>Max Depth = 80<LI>Call Chain = UartDriver&lang;UART_HandleTypeDef, (int)20, (int)250, (int)400&rang;::UartDriver(UART_HandleTypeDef*) &rArr; operator new(unsigned) &rArr; malloc &rArr; internal_alloc
</UL>
<BR>[Calls]<UL><LI><a href="#[103]">&gt;&gt;</a>&nbsp;&nbsp;&nbsp;HAL_UART_Transmit_DMA
<LI><a href="#[102]">&gt;&gt;</a>&nbsp;&nbsp;&nbsp;HAL_UART_Receive_DMA
<LI><a href="#[127]">&gt;&gt;</a>&nbsp;&nbsp;&nbsp;operator new(unsigned)
</UL>
<BR>[Called By]<UL><LI><a href="#[74]">&gt;&gt;</a>&nbsp;&nbsp;&nbsp;main
</UL>

<P><STRONG><a name="[147]"></a>UartDriver&lang;UART_HandleTypeDef, (int)20, (int)250, (int)400&rang;::UartDriver__sub_object(UART_HandleTypeDef*)</STRONG> (Thumb, 0 bytes, Stack size 16 bytes, main.o(t._ZN10UartDriverI18UART_HandleTypeDefLi20ELi250ELi400EEC1EPS0_), UNUSED)

<P><STRONG><a name="[a2]"></a>ros::Subscriber&lang;std_msgs::Empty&rang;::getMsgType()</STRONG> (Thumb, 4 bytes, Stack size 0 bytes, main.o(t._ZN3ros10SubscriberIN8std_msgs5EmptyEE10getMsgTypeEv))
<BR>[Address Reference Count : 1]<UL><LI> main.o(.constdata__ZTVN3ros10SubscriberIN8std_msgs5EmptyEEE)
</UL>
<P><STRONG><a name="[a1]"></a>ros::Subscriber&lang;std_msgs::Empty&rang;::getEndpointType()</STRONG> (Thumb, 4 bytes, Stack size 0 bytes, main.o(t._ZN3ros10SubscriberIN8std_msgs5EmptyEE15getEndpointTypeEv))
<BR>[Address Reference Count : 1]<UL><LI> main.o(.constdata__ZTVN3ros10SubscriberIN8std_msgs5EmptyEEE)
</UL>
<P><STRONG><a name="[a0]"></a>ros::Subscriber&lang;std_msgs::Empty&rang;::callback(unsigned char*)</STRONG> (Thumb, 10 bytes, Stack size 0 bytes, main.o(t._ZN3ros10SubscriberIN8std_msgs5EmptyEE8callbackEPh))
<BR>[Address Reference Count : 1]<UL><LI> main.o(.constdata__ZTVN3ros10SubscriberIN8std_msgs5EmptyEEE)
</UL>
<P><STRONG><a name="[a3]"></a>ros::Subscriber&lang;std_msgs::Empty&rang;::getMsgMD5()</STRONG> (Thumb, 4 bytes, Stack size 0 bytes, main.o(t._ZN3ros10SubscriberIN8std_msgs5EmptyEE9getMsgMD5Ev))
<BR>[Address Reference Count : 1]<UL><LI> main.o(.constdata__ZTVN3ros10SubscriberIN8std_msgs5EmptyEEE)
</UL>
<P><STRONG><a name="[131]"></a>ros::NodeHandle_&lang;STMF7Hardware, (int)20, (int)20, (int)255, (int)255&rang;::negotiateTopics()</STRONG> (Thumb, 200 bytes, Stack size 48 bytes, main.o(t._ZN3ros11NodeHandle_I13STMF7HardwareLi20ELi20ELi255ELi255EE15negotiateTopicsEv))
<BR><BR>[Stack]<UL><LI>Max Depth = 48<LI>Call Chain = ros::NodeHandle_&lang;STMF7Hardware, (int)20, (int)20, (int)255, (int)255&rang;::negotiateTopics()
</UL>
<BR>[Called By]<UL><LI><a href="#[a5]">&gt;&gt;</a>&nbsp;&nbsp;&nbsp;ros::NodeHandle_&lang;STMF7Hardware, (int)20, (int)20, (int)255, (int)255&rang;::spinOnce()
</UL>

<P><STRONG><a name="[12e]"></a>ros::NodeHandle_&lang;STMF7Hardware, (int)20, (int)20, (int)255, (int)255&rang;::requestSyncTime()</STRONG> (Thumb, 30 bytes, Stack size 24 bytes, main.o(t._ZN3ros11NodeHandle_I13STMF7HardwareLi20ELi20ELi255ELi255EE15requestSyncTimeEv))
<BR><BR>[Stack]<UL><LI>Max Depth = 24<LI>Call Chain = ros::NodeHandle_&lang;STMF7Hardware, (int)20, (int)20, (int)255, (int)255&rang;::requestSyncTime()
</UL>
<BR>[Calls]<UL><LI><a href="#[cf]">&gt;&gt;</a>&nbsp;&nbsp;&nbsp;HAL_GetTick
<LI><a href="#[12f]">&gt;&gt;</a>&nbsp;&nbsp;&nbsp;std_msgs::Time::Time()
</UL>
<BR>[Called By]<UL><LI><a href="#[a5]">&gt;&gt;</a>&nbsp;&nbsp;&nbsp;ros::NodeHandle_&lang;STMF7Hardware, (int)20, (int)20, (int)255, (int)255&rang;::spinOnce()
</UL>

<P><STRONG><a name="[a4]"></a>ros::NodeHandle_&lang;STMF7Hardware, (int)20, (int)20, (int)255, (int)255&rang;::publish(int, const ros::Msg*)</STRONG> (Thumb, 180 bytes, Stack size 32 bytes, main.o(t._ZN3ros11NodeHandle_I13STMF7HardwareLi20ELi20ELi255ELi255EE7publishEiPKNS_3MsgE))
<BR><BR>[Stack]<UL><LI>Max Depth = 80<LI>Call Chain = ros::NodeHandle_&lang;STMF7Hardware, (int)20, (int)20, (int)255, (int)255&rang;::publish(int, const ros::Msg*) &rArr; TxBuffer&lang;UART_HandleTypeDef, (int)20, (int)250&rang;::write(unsigned char*, unsigned char)
</UL>
<BR>[Calls]<UL><LI><a href="#[130]">&gt;&gt;</a>&nbsp;&nbsp;&nbsp;TxBuffer&lang;UART_HandleTypeDef, (int)20, (int)250&rang;::write(unsigned char*, unsigned char)
</UL>
<BR>[Address Reference Count : 1]<UL><LI> main.o(.constdata__ZTVN3ros11NodeHandle_I13STMF7HardwareLi20ELi20ELi255ELi255EEE)
</UL>
<P><STRONG><a name="[a5]"></a>ros::NodeHandle_&lang;STMF7Hardware, (int)20, (int)20, (int)255, (int)255&rang;::spinOnce()</STRONG> (Thumb, 644 bytes, Stack size 48 bytes, main.o(t._ZN3ros11NodeHandle_I13STMF7HardwareLi20ELi20ELi255ELi255EE8spinOnceEv))
<BR><BR>[Stack]<UL><LI>Max Depth = 160<LI>Call Chain = ros::NodeHandle_&lang;STMF7Hardware, (int)20, (int)20, (int)255, (int)255&rang;::spinOnce() &rArr; rosserial_msgs::RequestParamResponse::deserialize(unsigned char*) &rArr; realloc &rArr; malloc &rArr; internal_alloc
</UL>
<BR>[Calls]<UL><LI><a href="#[cf]">&gt;&gt;</a>&nbsp;&nbsp;&nbsp;HAL_GetTick
<LI><a href="#[132]">&gt;&gt;</a>&nbsp;&nbsp;&nbsp;ros::normalizeSecNSec(unsigned&, unsigned&)
<LI><a href="#[12e]">&gt;&gt;</a>&nbsp;&nbsp;&nbsp;ros::NodeHandle_&lang;STMF7Hardware, (int)20, (int)20, (int)255, (int)255&rang;::requestSyncTime()
<LI><a href="#[131]">&gt;&gt;</a>&nbsp;&nbsp;&nbsp;ros::NodeHandle_&lang;STMF7Hardware, (int)20, (int)20, (int)255, (int)255&rang;::negotiateTopics()
<LI><a href="#[12f]">&gt;&gt;</a>&nbsp;&nbsp;&nbsp;std_msgs::Time::Time()
<LI><a href="#[aa]">&gt;&gt;</a>&nbsp;&nbsp;&nbsp;std_msgs::Time::deserialize(unsigned char*)
<LI><a href="#[97]">&gt;&gt;</a>&nbsp;&nbsp;&nbsp;rosserial_msgs::RequestParamResponse::deserialize(unsigned char*)
</UL>
<BR>[Called By]<UL><LI><a href="#[e4]">&gt;&gt;</a>&nbsp;&nbsp;&nbsp;HAL_SYSTICK_Callback
</UL>
<BR>[Address Reference Count : 1]<UL><LI> main.o(.constdata__ZTVN3ros11NodeHandle_I13STMF7HardwareLi20ELi20ELi255ELi255EEE)
</UL>
<P><STRONG><a name="[12c]"></a>ros::NodeHandle_&lang;STMF7Hardware, (int)20, (int)20, (int)255, (int)255&rang;::advertise(ros::Publisher&)</STRONG> (Thumb, 42 bytes, Stack size 0 bytes, main.o(t._ZN3ros11NodeHandle_I13STMF7HardwareLi20ELi20ELi255ELi255EE9advertiseERNS_9PublisherE))
<BR><BR>[Called By]<UL><LI><a href="#[74]">&gt;&gt;</a>&nbsp;&nbsp;&nbsp;main
</UL>

<P><STRONG><a name="[12a]"></a>ros::NodeHandle_&lang;STMF7Hardware, (int)20, (int)20, (int)255, (int)255&rang;::NodeHandle_()</STRONG> (Thumb, 114 bytes, Stack size 0 bytes, main.o(t._ZN3ros11NodeHandle_I13STMF7HardwareLi20ELi20ELi255ELi255EEC1Ev))
<BR><BR>[Called By]<UL><LI><a href="#[b6]">&gt;&gt;</a>&nbsp;&nbsp;&nbsp;__sti___8_main_cpp_nh_
</UL>

<P><STRONG><a name="[148]"></a>ros::NodeHandle_&lang;STMF7Hardware, (int)20, (int)20, (int)255, (int)255&rang;::NodeHandle___sub_object()</STRONG> (Thumb, 0 bytes, Stack size 0 bytes, main.o(t._ZN3ros11NodeHandle_I13STMF7HardwareLi20ELi20ELi255ELi255EEC1Ev), UNUSED)

<P><STRONG><a name="[7f]"></a>RxBuffer&lang;UART_HandleTypeDef, (int)400&rang;::ReceiveCplt(__DMA_HandleTypeDef*)</STRONG> (Thumb, 84 bytes, Stack size 0 bytes, main.o(t._ZN8RxBufferI18UART_HandleTypeDefLi400EE11ReceiveCpltEP19__DMA_HandleTypeDef))
<BR>[Address Reference Count : 1]<UL><LI> main.o(t._ZN10UartDriverI18UART_HandleTypeDefLi20ELi250ELi400EEC1EPS0_)
</UL>
<P><STRONG><a name="[80]"></a>TxBuffer&lang;UART_HandleTypeDef, (int)20, (int)250&rang;::TransmitCplt(__DMA_HandleTypeDef*)</STRONG> (Thumb, 546 bytes, Stack size 36 bytes, main.o(t._ZN8TxBufferI18UART_HandleTypeDefLi20ELi250EE12TransmitCpltEP19__DMA_HandleTypeDef))
<BR><BR>[Stack]<UL><LI>Max Depth = 36<LI>Call Chain = TxBuffer&lang;UART_HandleTypeDef, (int)20, (int)250&rang;::TransmitCplt(__DMA_HandleTypeDef*)
</UL>
<BR>[Address Reference Count : 1]<UL><LI> main.o(t._ZN10UartDriverI18UART_HandleTypeDefLi20ELi250ELi400EEC1EPS0_)
</UL>
<P><STRONG><a name="[130]"></a>TxBuffer&lang;UART_HandleTypeDef, (int)20, (int)250&rang;::write(unsigned char*, unsigned char)</STRONG> (Thumb, 630 bytes, Stack size 48 bytes, main.o(t._ZN8TxBufferI18UART_HandleTypeDefLi20ELi250EE5writeEPhh))
<BR><BR>[Stack]<UL><LI>Max Depth = 48<LI>Call Chain = TxBuffer&lang;UART_HandleTypeDef, (int)20, (int)250&rang;::write(unsigned char*, unsigned char)
</UL>
<BR>[Calls]<UL><LI><a href="#[126]">&gt;&gt;</a>&nbsp;&nbsp;&nbsp;__aeabi_memcpy
</UL>
<BR>[Called By]<UL><LI><a href="#[a4]">&gt;&gt;</a>&nbsp;&nbsp;&nbsp;ros::NodeHandle_&lang;STMF7Hardware, (int)20, (int)20, (int)255, (int)255&rang;::publish(int, const ros::Msg*)
</UL>
<P>
<H3>
Local Symbols
</H3>
<P><STRONG><a name="[c8]"></a>ADC_Init(ADC_HandleTypeDef*)</STRONG> (Thumb, 302 bytes, Stack size 8 bytes, stm32f7xx_hal_adc.o(i._Z8ADC_InitP17ADC_HandleTypeDef))
<BR><BR>[Stack]<UL><LI>Max Depth = 8<LI>Call Chain = ADC_Init(ADC_HandleTypeDef*)
</UL>
<BR>[Called By]<UL><LI><a href="#[c6]">&gt;&gt;</a>&nbsp;&nbsp;&nbsp;HAL_ADC_Init
</UL>

<P><STRONG><a name="[cd]"></a>DMA_SetConfig(__DMA_HandleTypeDef*, unsigned, unsigned, unsigned)</STRONG> (Thumb, 40 bytes, Stack size 12 bytes, stm32f7xx_hal_dma.o(i._Z13DMA_SetConfigP19__DMA_HandleTypeDefjjj))
<BR><BR>[Stack]<UL><LI>Max Depth = 12<LI>Call Chain = DMA_SetConfig(__DMA_HandleTypeDef*, unsigned, unsigned, unsigned)
</UL>
<BR>[Called By]<UL><LI><a href="#[cc]">&gt;&gt;</a>&nbsp;&nbsp;&nbsp;HAL_DMA_Start_IT
</UL>

<P><STRONG><a name="[cb]"></a>DMA_CalcBaseAndBitshift(__DMA_HandleTypeDef*)</STRONG> (Thumb, 34 bytes, Stack size 0 bytes, stm32f7xx_hal_dma.o(i._Z23DMA_CalcBaseAndBitshiftP19__DMA_HandleTypeDef))
<BR><BR>[Called By]<UL><LI><a href="#[ca]">&gt;&gt;</a>&nbsp;&nbsp;&nbsp;HAL_DMA_Init
</UL>

<P><STRONG><a name="[da]"></a>NVIC_SetPriority(IRQn_Type, unsigned)</STRONG> (Thumb, 34 bytes, Stack size 0 bytes, stm32f7xx_hal_cortex.o(i._Z16NVIC_SetPriority9IRQn_Typej))
<BR><BR>[Called By]<UL><LI><a href="#[d8]">&gt;&gt;</a>&nbsp;&nbsp;&nbsp;HAL_SYSTICK_Config
<LI><a href="#[d9]">&gt;&gt;</a>&nbsp;&nbsp;&nbsp;HAL_NVIC_SetPriority
</UL>

<P><STRONG><a name="[ed]"></a>TIM_ITRx_SetConfig(TIM_TypeDef*, unsigned short)</STRONG> (Thumb, 16 bytes, Stack size 0 bytes, stm32f7xx_hal_tim.o(i._Z18TIM_ITRx_SetConfigP11TIM_TypeDeft))
<BR><BR>[Called By]<UL><LI><a href="#[e9]">&gt;&gt;</a>&nbsp;&nbsp;&nbsp;HAL_TIM_ConfigClockSource
</UL>

<P><STRONG><a name="[eb]"></a>TIM_TI1_ConfigInputStage(TIM_TypeDef*, unsigned, unsigned)</STRONG> (Thumb, 34 bytes, Stack size 8 bytes, stm32f7xx_hal_tim.o(i._Z24TIM_TI1_ConfigInputStageP11TIM_TypeDefjj))
<BR><BR>[Stack]<UL><LI>Max Depth = 8<LI>Call Chain = TIM_TI1_ConfigInputStage(TIM_TypeDef*, unsigned, unsigned)
</UL>
<BR>[Called By]<UL><LI><a href="#[e9]">&gt;&gt;</a>&nbsp;&nbsp;&nbsp;HAL_TIM_ConfigClockSource
</UL>

<P><STRONG><a name="[ec]"></a>TIM_TI2_ConfigInputStage(TIM_TypeDef*, unsigned, unsigned)</STRONG> (Thumb, 36 bytes, Stack size 8 bytes, stm32f7xx_hal_tim.o(i._Z24TIM_TI2_ConfigInputStageP11TIM_TypeDefjj))
<BR><BR>[Stack]<UL><LI>Max Depth = 8<LI>Call Chain = TIM_TI2_ConfigInputStage(TIM_TypeDef*, unsigned, unsigned)
</UL>
<BR>[Called By]<UL><LI><a href="#[e9]">&gt;&gt;</a>&nbsp;&nbsp;&nbsp;HAL_TIM_ConfigClockSource
</UL>

<P><STRONG><a name="[f8]"></a>TIM_OC5_SetConfig(TIM_TypeDef*, TIM_OC_InitTypeDef*)</STRONG> (Thumb, 74 bytes, Stack size 20 bytes, stm32f7xx_hal_tim_ex.o(i._Z17TIM_OC5_SetConfigP11TIM_TypeDefP18TIM_OC_InitTypeDef))
<BR><BR>[Stack]<UL><LI>Max Depth = 20<LI>Call Chain = TIM_OC5_SetConfig(TIM_TypeDef*, TIM_OC_InitTypeDef*)
</UL>
<BR>[Called By]<UL><LI><a href="#[f3]">&gt;&gt;</a>&nbsp;&nbsp;&nbsp;HAL_TIM_PWM_ConfigChannel
</UL>

<P><STRONG><a name="[f9]"></a>TIM_OC6_SetConfig(TIM_TypeDef*, TIM_OC_InitTypeDef*)</STRONG> (Thumb, 74 bytes, Stack size 20 bytes, stm32f7xx_hal_tim_ex.o(i._Z17TIM_OC6_SetConfigP11TIM_TypeDefP18TIM_OC_InitTypeDef))
<BR><BR>[Stack]<UL><LI>Max Depth = 20<LI>Call Chain = TIM_OC6_SetConfig(TIM_TypeDef*, TIM_OC_InitTypeDef*)
</UL>
<BR>[Called By]<UL><LI><a href="#[f3]">&gt;&gt;</a>&nbsp;&nbsp;&nbsp;HAL_TIM_PWM_ConfigChannel
</UL>

<P><STRONG><a name="[7a]"></a>UART_DMAError(__DMA_HandleTypeDef*)</STRONG> (Thumb, 34 bytes, Stack size 8 bytes, stm32f7xx_hal_uart.o(i._Z13UART_DMAErrorP19__DMA_HandleTypeDef))
<BR><BR>[Stack]<UL><LI>Max Depth = 8<LI>Call Chain = UART_DMAError(__DMA_HandleTypeDef*)
</UL>
<BR>[Calls]<UL><LI><a href="#[11a]">&gt;&gt;</a>&nbsp;&nbsp;&nbsp;HAL_UART_ErrorCallback
</UL>
<BR>[Address Reference Count : 2]<UL><LI> stm32f7xx_hal_uart.o(i.HAL_UART_Receive_DMA)
<LI> stm32f7xx_hal_uart.o(i.HAL_UART_Transmit_DMA)
</UL>
<P><STRONG><a name="[79]"></a>UART_DMARxHalfCplt(__DMA_HandleTypeDef*)</STRONG> (Thumb, 10 bytes, Stack size 8 bytes, stm32f7xx_hal_uart.o(i._Z18UART_DMARxHalfCpltP19__DMA_HandleTypeDef))
<BR><BR>[Stack]<UL><LI>Max Depth = 8<LI>Call Chain = UART_DMARxHalfCplt(__DMA_HandleTypeDef*)
</UL>
<BR>[Calls]<UL><LI><a href="#[11d]">&gt;&gt;</a>&nbsp;&nbsp;&nbsp;HAL_UART_RxHalfCpltCallback
</UL>
<BR>[Address Reference Count : 1]<UL><LI> stm32f7xx_hal_uart.o(i.HAL_UART_Receive_DMA)
</UL>
<P><STRONG><a name="[7c]"></a>UART_DMATxHalfCplt(__DMA_HandleTypeDef*)</STRONG> (Thumb, 10 bytes, Stack size 8 bytes, stm32f7xx_hal_uart.o(i._Z18UART_DMATxHalfCpltP19__DMA_HandleTypeDef))
<BR><BR>[Stack]<UL><LI>Max Depth = 8<LI>Call Chain = UART_DMATxHalfCplt(__DMA_HandleTypeDef*)
</UL>
<BR>[Calls]<UL><LI><a href="#[11e]">&gt;&gt;</a>&nbsp;&nbsp;&nbsp;HAL_UART_TxHalfCpltCallback
</UL>
<BR>[Address Reference Count : 1]<UL><LI> stm32f7xx_hal_uart.o(i.HAL_UART_Transmit_DMA)
</UL>
<P><STRONG><a name="[78]"></a>UART_DMAReceiveCplt(__DMA_HandleTypeDef*)</STRONG> (Thumb, 54 bytes, Stack size 8 bytes, stm32f7xx_hal_uart.o(i._Z19UART_DMAReceiveCpltP19__DMA_HandleTypeDef))
<BR><BR>[Stack]<UL><LI>Max Depth = 8<LI>Call Chain = UART_DMAReceiveCplt(__DMA_HandleTypeDef*)
</UL>
<BR>[Calls]<UL><LI><a href="#[11f]">&gt;&gt;</a>&nbsp;&nbsp;&nbsp;HAL_UART_RxCpltCallback
</UL>
<BR>[Address Reference Count : 1]<UL><LI> stm32f7xx_hal_uart.o(i.HAL_UART_Receive_DMA)
</UL>
<P><STRONG><a name="[7b]"></a>UART_DMATransmitCplt(__DMA_HandleTypeDef*)</STRONG> (Thumb, 46 bytes, Stack size 8 bytes, stm32f7xx_hal_uart.o(i._Z20UART_DMATransmitCpltP19__DMA_HandleTypeDef))
<BR><BR>[Stack]<UL><LI>Max Depth = 8<LI>Call Chain = UART_DMATransmitCplt(__DMA_HandleTypeDef*)
</UL>
<BR>[Calls]<UL><LI><a href="#[120]">&gt;&gt;</a>&nbsp;&nbsp;&nbsp;HAL_UART_TxCpltCallback
</UL>
<BR>[Address Reference Count : 1]<UL><LI> stm32f7xx_hal_uart.o(i.HAL_UART_Transmit_DMA)
</UL>
<P><STRONG><a name="[b6]"></a>__sti___8_main_cpp_nh_</STRONG> (Thumb, 28 bytes, Stack size 8 bytes, main.o(i.__sti___8_main_cpp_nh_))
<BR><BR>[Stack]<UL><LI>Max Depth = 24<LI>Call Chain = __sti___8_main_cpp_nh_ &rArr; nav_msgs::Odometry::Odometry()
</UL>
<BR>[Calls]<UL><LI><a href="#[12a]">&gt;&gt;</a>&nbsp;&nbsp;&nbsp;ros::NodeHandle_&lang;STMF7Hardware, (int)20, (int)20, (int)255, (int)255&rang;::NodeHandle_()
<LI><a href="#[122]">&gt;&gt;</a>&nbsp;&nbsp;&nbsp;nav_msgs::Odometry::Odometry()
</UL>
<BR>[Address Reference Count : 1]<UL><LI> main.o(.init_array)
</UL>
<P><STRONG><a name="[129]"></a>internal_alloc</STRONG> (Thumb, 76 bytes, Stack size 24 bytes, mallocr.o(i.internal_alloc))
<BR><BR>[Stack]<UL><LI>Max Depth = 24<LI>Call Chain = internal_alloc
</UL>
<BR>[Calls]<UL><LI><a href="#[126]">&gt;&gt;</a>&nbsp;&nbsp;&nbsp;__aeabi_memcpy
</UL>
<BR>[Called By]<UL><LI><a href="#[121]">&gt;&gt;</a>&nbsp;&nbsp;&nbsp;realloc
<LI><a href="#[c1]">&gt;&gt;</a>&nbsp;&nbsp;&nbsp;malloc
</UL>

<P><STRONG><a name="[77]"></a>[local to arm_exceptions_c]::__default_terminate_handler()</STRONG> (Thumb, 6 bytes, Stack size 8 bytes, arm_exceptions_globs.o(.text))
<BR><BR>[Stack]<UL><LI>Max Depth = 8<LI>Call Chain = [local to arm_exceptions_c]::__default_terminate_handler()
</UL>
<BR>[Address Reference Count : 1]<UL><LI> arm_exceptions_globs.o(.text)
</UL><P>
<H3>
Undefined Global Symbols
</H3><HR></body></html>
